[Licensing::Module] Trying to connect to existing licensing client channel...
Built from '6000.5/staging' branch; Version is '6000.5.10f1 (3bd4f66ad299) revision 3921142'; Using compiler version '194234433'; Build Type 'Release'
OS: 'Windows 11  (10.0.26200) Core' Language: 'en' Physical Memory: 16094 MB
[Licensing::IpcConnector] Successfully connected to: "LicenseClient-USER" at "2026-09-29T04:01:25.9449378Z"
BatchMode: 1, IsHumanControllingUs: 0, StartBugReporterOnCrash: 0, Is64bit: 1
System  architecture: x64
Process architecture: x64
Date: 2026-09-29T04:01:25Z

COMMAND LINE ARGUMENTS:
C:\Program Files\Unity\Hub\Editor\6000.5.10f1\Editor\Unity.exe
-adb2
-batchMode
-noUpm
-name
AssetImportWorkerHW0
-projectPath
D:/3E/AR/AR_AWA AIMASUGIRA_2924021/AR_AWA AIMASUGIRA_2924021
-logFile
Logs/AssetImportWorkerHW0.log
-srvPort
62018
-parentPid
9508
-analyticsCloudUserId
anonymous
-analyticsCloudProjectId
80c92f87-1cc9-4810-9e6c-e75470b8c7be
-analyticsLocalProjectId
79e931930ea45c24ea8bc88698fe339e
-editorAnalyticsEnabled
1
-cbmEditorLicense
901a07429358a84a8e91417a9c7c007f9adfcd54
-cbmMachineId
4rxjb46ZCq5ciWOjnZtDxuJ/3pc=
-licensingIpc
LicenseClient-USER
-noDiagnosticSwitchPersistentStore
-job-worker-count
9
-background-job-worker-count
8
-asset-garbage-collectors
1
-force-d3d12
-name
AssetImport
Successfully changed project path to: D:/3E/AR/AR_AWA AIMASUGIRA_2924021/AR_AWA AIMASUGIRA_2924021
D:/3E/AR/AR_AWA AIMASUGIRA_2924021/AR_AWA AIMASUGIRA_2924021
[UnityMemory] Configuration Parameters - Can be set up in boot.config
    "memorysetup-temp-allocator-size-gi-baking-worker=262144"
    "memorysetup-temp-allocator-size-gi-baking-worker=262144"
    "memorysetup-temp-allocator-size-gi-baking-worker=262144"
    "memorysetup-temp-allocator-size-gi-baking-worker=262144"
    "memorysetup-temp-allocator-size-gi-baking-worker=262144"
    "memorysetup-temp-allocator-size-nav-mesh-worker=65536"
    "memorysetup-temp-allocator-size-audio-worker=65536"
    "memorysetup-temp-allocator-size-cloud-worker=32768"
    "memorysetup-temp-allocator-size-gfx=262144"
    "memorysetup-remapper-allocator-initial-capacity=32768"
    "memorysetup-temp-allocator-size-preload-manager=33554432"
    "memorysetup-allocator-temp-initial-block-size-main=262144"
    "memorysetup-allocator-temp-initial-block-size-worker=262144"
    "memorysetup-temp-allocator-size-job-worker=262144"
    "memorysetup-temp-allocator-size-background-worker=32768"
    "memorysetup-bucket-allocator-granularity=16"
    "memorysetup-bucket-allocator-bucket-count=8"
    "memorysetup-bucket-allocator-block-size=33554432"
    "memorysetup-bucket-allocator-block-count=8"
    "memorysetup-main-allocator-block-size=16777216"
    "memorysetup-thread-allocator-block-size=16777216"
    "memorysetup-main-allocator-mimalloc-enabled=0"
    "memorysetup-gfx-main-allocator-block-size=16777216"
    "memorysetup-gfx-thread-allocator-block-size=16777216"
    "memorysetup-cache-allocator-block-size=4194304"
    "memorysetup-typetree-allocator-block-size=2097152"
    "memorysetup-profiler-bucket-allocator-granularity=16"
    "memorysetup-profiler-bucket-allocator-bucket-count=8"
    "memorysetup-profiler-bucket-allocator-block-size=33554432"
    "memorysetup-profiler-bucket-allocator-block-count=8"
    "memorysetup-profiler-allocator-block-size=16777216"
    "memorysetup-profiler-editor-allocator-block-size=1048576"
    "memorysetup-temp-allocator-size-main=16777216"
    "memorysetup-job-temp-allocator-block-size=2097152"
    "memorysetup-job-temp-allocator-block-size-background=1048576"
    "memorysetup-job-temp-allocator-reduction-small-platforms=262144"
Player connection [12064]  Target information:

Player connection [12064]  * "[IP] 192.168.15.229 [Port] 0 [Flags] 2 [Guid] 3591388166 [EditorId] 3591388166 [Version] 1048832 [Id] WindowsEditor(7,3E-31) [Debug] 1 [PackageName] WindowsEditor [ProjectName] Editor" 

Player connection [12064]  * "[IP] 192.168.56.1 [Port] 0 [Flags] 2 [Guid] 3591388166 [EditorId] 3591388166 [Version] 1048832 [Id] WindowsEditor(7,3E-31) [Debug] 1 [PackageName] WindowsEditor [ProjectName] Editor" 

Player connection [12064]  * "[IP] 192.168.137.1 [Port] 0 [Flags] 2 [Guid] 3591388166 [EditorId] 3591388166 [Version] 1048832 [Id] WindowsEditor(7,3E-31) [Debug] 1 [PackageName] WindowsEditor [ProjectName] Editor" 

Player connection [12064] Host joined multi-casting on [225.0.0.222:54997]...
Player connection [12064] Host joined alternative multi-casting on [225.0.0.222:34997]...
JobSystem: Creating JobQueue using job-worker-count value 9
Input System module state changed to: Initialized.
[Physics::Module] Initialized fallback backend.
[Physics::Module] Id: 0xdecafbad
Library Redirect Path: Library/
[Physics::Module] Selected backend.
[Physics::Module] Name: PhysX
[Physics::Module] Id: 0xf2b8ea05
[Physics::Module] SDK Version: 4.1.2
[Physics::Module] Integration Version: 1.0.0
[Physics::Module] Threading Mode: Multi-Threaded
Refreshing native plugins compatible for Editor in 2.24 ms, found 4 plugins.
Initialize engine version: 6000.5.10f1 (3bd4f66ad299)
[Subsystems] Discovering subsystems at path C:/Program Files/Unity/Hub/Editor/6000.5.10f1/Editor/Data/Resources/UnitySubsystems
[Subsystems] Discovering subsystems at path D:/3E/AR/AR_AWA AIMASUGIRA_2924021/AR_AWA AIMASUGIRA_2924021/Assets
Forcing GfxDevice: Direct3D 12
GfxDevice: creating device client; kGfxThreadingModeNonThreaded
d3d12: failed to query info queue interface (0x80004002).
Direct3D:
    Version:         Direct3D 12 [level 12.2]
    Renderer:        NVIDIA GeForce RTX 3050 (ID=0x2582)
    Vendor:          NVIDIA
    VRAM:            8041 MB
    App VRAM Budget: 7273 MB
    Driver:          32.0.15.9186
Initialize mono
Mono path[0] = 'C:/Program Files/Unity/Hub/Editor/6000.5.10f1/Editor/Data/Managed'
Mono path[1] = 'C:/Program Files/Unity/Hub/Editor/6000.5.10f1/Editor/Data/BCLExtensions/runtime/netstandard2.1'
Mono path[2] = 'C:/Program Files/Unity/Hub/Editor/6000.5.10f1/Editor/Data/MonoBleedingEdge/lib/mono/unityjit-win32'
Mono config path = 'C:/Program Files/Unity/Hub/Editor/6000.5.10f1/Editor/Data/MonoBleedingEdge/etc'
Using monoOptions --debugger-agent=transport=dt_socket,embedding=1,server=y,suspend=n,address=127.0.0.1:56260
CodeReloadManager initialized
Begin MonoManager ReloadAssembly
Registering precompiled unity dll's ...
Register platform support module: C:/Program Files/Unity/Hub/Editor/6000.5.10f1/Editor/Data/PlaybackEngines/WindowsStandaloneSupport/UnityEditor.WindowsStandalone.Extensions.dll
[Licensing::Module] Licensing is not yet initialized.
[Licensing::Client] Error: HandshakeResponse reported an error:
	ResponseCode: 505
	ResponseStatus: Unsupported protocol version '1.18.3'.
[Licensing::Module] Error: Failed to handshake to channel: "LicenseClient-USER"
[Licensing::IpcConnector] LicenseClient-USER channel disconnected successfully.
[Licensing::IpcConnector] Successfully connected to: "LicenseClient-USER-6000.5.10" at "2026-09-29T04:01:27.7781394Z"
[Licensing::Client] Code 10 while verifying Licensing Client signature (process Id: 24880, path: "C:/Program Files/Unity/Hub/Editor/6000.5.10f1/Editor/Data/Resources/Licensing/Client/Unity.Licensing.Client.exe")
[Licensing::Module] LicensingClient has failed validation; ignoring
[Licensing::Client] Handshaking with LicensingClient:
  Version:                 1.18.3+d7ffd15
  Session Id:              9838fdfe7f1d494cb9af64e9a29c941e
  Correlation Id:          d23f7d8d038afd1db8c82b5b442b3244
  External correlation Id: 4258161125682902452
  Machine Id:              4rxjb46ZCq5ciWOjnZtDxuJ/3pc=
[Licensing::Module] Successfully connected to LicensingClient on channel: "LicenseClient-USER-6000.5.10" (connect: 0.00s, validation: 0.00s, handshake: 0.01s)
[Licensing::IpcConnector] Successfully connected to: "LicenseClient-USER-6000.5.10-notifications" at "2026-09-29T04:01:27.7882504Z"
[Licensing::Module] Licensing Background thread has ended after 1.84s
[Licensing::Module] Licensing is initialized (took 1.08s).
[Licensing::Client] Successfully resolved entitlement details
[Licensing::Module] License group:
  Id: 18968491519255-UnityPersXXXX
  Product: Unity Personal
  Type: Assigned
  Expiration: Unlimited
Register platform support module: C:/Program Files/Unity/Hub/Editor/6000.5.10f1/Editor/Data/PlaybackEngines/AndroidPlayer/UnityEditor.Android.Extensions.dll
Registered in 1.088008 seconds.
Native extension for Android target not found
Native extension for WindowsStandalone target not found
Package Manager log level set to [2]
[Package Manager] Failed to launch server process. Reason: Unity was launched with the -noUpm command-line argument
[Package Manager] Unable to send message (not connected to server process).
[Package Manager] Cannot connect to Unity Package Manager local server
ScheduleIndexationOnStartup MainProcess:False IndexOnStartup:True
Mono: successfully reloaded assembly
- Finished resetting the current domain, in  0.419 seconds
Domain Reload Profiling: 1983ms
	BeginReloadAssembly (132ms)
	RebuildCommonClasses (4ms)
	RebuildNativeTypeToScriptingClass (13ms)
	initialDomainReloadingComplete (1145ms)
	LoadAllAssembliesAndSetupDomain (270ms)
		LoadAssemblies (130ms)
		AnalyzeDomain (199ms)
			TypeCache.Refresh (198ms)
				TypeCache.ScanAssembly (182ms)
	FinalizeReload (420ms)
		SetupLoadedEditorAssemblies (0ms)
			InitializePlatformSupportModulesInManaged (7ms)
			BeforeProcessingInitializeOnLoad (77ms)
			ProcessInitializeOnLoadAttributes (87ms)
			ProcessInitializeOnLoadMethodAttributes (181ms)
Initializing Unity extensions:
[Licensing::Client] Successfully resolved entitlement details
========================================================================
Worker process is ready to serve import requests
Import Worker Mode flag is 0x00
Begin MonoManager ReloadAssembly
Native extension for Android target not found
Native extension for WindowsStandalone target not found
[Package Manager] Failed to launch server process. Reason: Unity was launched with the -noUpm command-line argument
[Package Manager] Unable to send message (not connected to server process).
[Package Manager] Cannot connect to Unity Package Manager local server
[Package Manager] Failed to launch server process. Reason: Unity was launched with the -noUpm command-line argument
[Package Manager] Unable to send message (not connected to server process).
[Package Manager] Cannot connect to Unity Package Manager local server
ScheduleIndexationOnStartup MainProcess:False IndexOnStartup:True
Mono: successfully reloaded assembly
- Finished resetting the current domain, in  0.656 seconds
Domain Reload Profiling: 1461ms
	BeginReloadAssembly (212ms)
		DisableScriptedObjects (34ms)
		CreateAndSetChildDomain (30ms)
	RebuildCommonClasses (7ms)
	RebuildNativeTypeToScriptingClass (13ms)
	initialDomainReloadingComplete (47ms)
	LoadAllAssembliesAndSetupDomain (526ms)
		LoadAssemblies (309ms)
		AnalyzeDomain (219ms)
			TypeCache.Refresh (155ms)
				TypeCache.ScanAssembly (138ms)
			BuildScriptInfoCaches (58ms)
			ResolveRequiredComponents (4ms)
	FinalizeReload (656ms)
		SetupLoadedEditorAssemblies (0ms)
			InitializePlatformSupportModulesInManaged (6ms)
			BeforeProcessingInitializeOnLoad (73ms)
			ProcessInitializeOnLoadAttributes (248ms)
			ProcessInitializeOnLoadMethodAttributes (116ms)
			AfterProcessingInitializeOnLoad (3ms)
		AwakeInstancesAfterBackupRestoration (7ms)
AcceleratorClientConnectionCallback - disconnected - :0
Launched and connected shader compiler UnityShaderCompiler.exe after 0.02 seconds
Unloading 22 Unused Serialized files (Serialized files now loaded: 0)
Curl error 3: URL rejected: Malformed input to a URL function
Unloading 6631 unused Assets / (5.9 MB). Loaded Objects now: 7592.
Memory consumption went from 333.6 MB to 327.7 MB.
Total: 6.960400 ms (FindLiveObjects: 0.583600 ms CreateObjectMapping: 0.530900 ms MarkObjects: 3.860500 ms  DeleteObjects: 1.982200 ms)

========================================================================
Received Prepare
AcceleratorClientConnectionCallback - disconnected - :0
Unloading 22 Unused Serialized files (Serialized files now loaded: 0)
Unloading 22 unused Assets / (2.6 MB). Loaded Objects now: 7592.
Memory consumption went from 326.2 MB to 323.6 MB.
Total: 4.545300 ms (FindLiveObjects: 0.284600 ms CreateObjectMapping: 0.288100 ms MarkObjects: 3.684700 ms  DeleteObjects: 0.285800 ms)

Prepare: number of updated asset objects reloaded= 0
========================================================================
Received Prepare
AcceleratorClientConnectionCallback - disconnected - :0
Unloading 22 Unused Serialized files (Serialized files now loaded: 0)
Unloading 22 unused Assets / (2.6 MB). Loaded Objects now: 7592.
Memory consumption went from 328.1 MB to 325.5 MB.
Total: 6.151300 ms (FindLiveObjects: 0.350400 ms CreateObjectMapping: 0.222400 ms MarkObjects: 5.156900 ms  DeleteObjects: 0.420100 ms)

Prepare: number of updated asset objects reloaded= 0
========================================================================
Received Import Request.
  Time of request: 2026-09-29T04:09:23.7644131Z
  Time since last request: 437219.37267060001614 seconds.
  importAddress: GUID: cec096b16c8df5c43930a50a9c57d0bc - Path: Assets/Scenes/Pertemuan02_Diorama.unity - Importer: ScriptedImporter/UnityEditor.QuickSearchModule:UnityEditor.Search:ASIAI0B
Importing 'GUID: cec096b16c8df5c43930a50a9c57d0bc - Path: Assets/Scenes/Pertemuan02_Diorama.unity - Importer: ScriptedImporter/UnityEditor.QuickSearchModule:UnityEditor.Search:ASIAI0B' with importer (ScriptedImporter : UnityEditor.QuickSearchModule:UnityEditor.Search:ASIAI0B)
Imported 'GUID: cec096b16c8df5c43930a50a9c57d0bc' -> (Import Result ID: 'd9746951a096d467f1c494f966516c86') in 0.060 seconds [static and dynamic dependencies]. Details - ImportResultOutputID=0c8632f99f3c99626cc29c7ae0f484fc DependenciesID=3c23ef0bb1123e2836713ec236b4325f StaticDependenciesID=890a9e316715d23eebd437f7e6e80e73 
Number of updated asset objects reloaded before import = 0
Number of asset objects unloaded after import = 1
========================================================================
Received Import Request.
  Time of request: 2026-09-29T04:09:25.2209338Z
  Time since last request: 1.3878429 seconds.
  importAddress: GUID: cec096b16c8df5c43930a50a9c57d0bc - Path: Assets/Scenes/Pertemuan02_Diorama.unity - Importer: PreviewImporter
Importing 'GUID: cec096b16c8df5c43930a50a9c57d0bc - Path: Assets/Scenes/Pertemuan02_Diorama.unity - Importer: PreviewImporter' with importer (PreviewImporter)
Imported 'GUID: cec096b16c8df5c43930a50a9c57d0bc' -> (Import Result ID: 'a870fd3083a28ea89418f3aada291dfc') in 0.003 seconds [static and dynamic dependencies]. Details - ImportResultOutputID=0ff3e78f1d812af3fee6aa5f5cb4f3fd DependenciesID=6ff7e8beaf4782e1ff01cdb6bcbad0c5 StaticDependenciesID=69d4f2a80c3073dddf19b763676ad787 
Number of updated asset objects reloaded before import = 0
Number of asset objects unloaded after import = 0
========================================================================
Received Prepare
AcceleratorClientConnectionCallback - disconnected - :0
Unloading 22 Unused Serialized files (Serialized files now loaded: 0)
Unloading 22 unused Assets / (2.6 MB). Loaded Objects now: 7594.
Memory consumption went from 328.2 MB to 325.5 MB.
Total: 6.626300 ms (FindLiveObjects: 0.435600 ms CreateObjectMapping: 0.241700 ms MarkObjects: 5.455100 ms  DeleteObjects: 0.492400 ms)

Prepare: number of updated asset objects reloaded= 0
========================================================================
Received Prepare
AcceleratorClientConnectionCallback - disconnected - :0
Unloading 22 Unused Serialized files (Serialized files now loaded: 0)
Unloading 22 unused Assets / (2.6 MB). Loaded Objects now: 7594.
Memory consumption went from 330.1 MB to 327.4 MB.
Total: 7.384500 ms (FindLiveObjects: 0.508800 ms CreateObjectMapping: 0.386700 ms MarkObjects: 6.082600 ms  DeleteObjects: 0.404000 ms)

Prepare: number of updated asset objects reloaded= 0
========================================================================
Received Import Request.
  Time of request: 2026-09-29T04:29:22.1013159Z
  Time since last request: 1196.86018669999999 seconds.
  importAddress: GUID: ae9c180b854937c4a98e863bd49207c1 - Path: Assets/Scenes/Pertemuan03_CameraAudio.unity - Importer: ScriptedImporter/UnityEditor.QuickSearchModule:UnityEditor.Search:ASIAI0B
Importing 'GUID: ae9c180b854937c4a98e863bd49207c1 - Path: Assets/Scenes/Pertemuan03_CameraAudio.unity - Importer: ScriptedImporter/UnityEditor.QuickSearchModule:UnityEditor.Search:ASIAI0B' with importer (ScriptedImporter : UnityEditor.QuickSearchModule:UnityEditor.Search:ASIAI0B)
Imported 'GUID: ae9c180b854937c4a98e863bd49207c1' -> (Import Result ID: 'd82e05190e26be8804e4395b812e07dd') in 0.004 seconds [static and dynamic dependencies]. Details - ImportResultOutputID=14fb822200acfb18884f0205d215f86a DependenciesID=5d60a0749f573a90d70b8de23d5613c8 StaticDependenciesID=567081cfc5a8ab0bcbdbdfc8bed3587e 
Number of updated asset objects reloaded before import = 0
Number of asset objects unloaded after import = 1
========================================================================
Received Import Request.
  Time of request: 2026-09-29T04:30:11.6241225Z
  Time since last request: 49.509984 seconds.
  importAddress: GUID: 00000000000000001000000000000000 - Path: Assets - Importer: PreviewImporter
Importing 'GUID: 00000000000000001000000000000000 - Path: Assets - Importer: PreviewImporter' with importer (PreviewImporter)
Imported 'GUID: 00000000000000001000000000000000' -> (Import Result ID: '3aa02e5fcf64c7505b6d074e63811f0f') in 0.002 seconds [static and dynamic dependencies]. Details - ImportResultOutputID=923ecb25fcaecb4cb3c936046707f967 DependenciesID=983b8953d5ce8a7aaf78e1ef9832f984 StaticDependenciesID=1b9e5a313c60f6b85df4db3605c5c793 
Number of updated asset objects reloaded before import = 0
Number of asset objects unloaded after import = 0
========================================================================
Received Import Request.
  Time of request: 2026-09-29T04:30:21.7997643Z
  Time since last request: 10.1654674 seconds.
  importAddress: GUID: 92b7dd9dfd735f245b0ba52938f8534a - Path: Assets/New Material.mat - Importer: ScriptedImporter/UnityEditor.QuickSearchModule:UnityEditor.Search:ASIAI0B
Importing 'GUID: 92b7dd9dfd735f245b0ba52938f8534a - Path: Assets/New Material.mat - Importer: ScriptedImporter/UnityEditor.QuickSearchModule:UnityEditor.Search:ASIAI0B' with importer (ScriptedImporter : UnityEditor.QuickSearchModule:UnityEditor.Search:ASIAI0B)
Imported 'GUID: 92b7dd9dfd735f245b0ba52938f8534a' -> (Import Result ID: '5761f1913837061f30f33bc98f9df257') in 0.028 seconds [static and dynamic dependencies]. Details - ImportResultOutputID=70249b1ef5b7a7663ef4e540ca76fac5 DependenciesID=68b54999c0f8a612d1f28b69c39f84e1 StaticDependenciesID=c0eef5b85cce5583d434c73d45b93dfd 
Number of updated asset objects reloaded before import = 0
Number of asset objects unloaded after import = 2
========================================================================
Received Import Request.
  Time of request: 2026-09-29T04:30:40.0322341Z
  Time since last request: 18.1962318 seconds.
  importAddress: GUID: d59f37f1235df1e4db61789f45cc52ac - Path: Assets/Materials - Importer: PreviewImporter
Importing 'GUID: d59f37f1235df1e4db61789f45cc52ac - Path: Assets/Materials - Importer: PreviewImporter' with importer (PreviewImporter)
Imported 'GUID: d59f37f1235df1e4db61789f45cc52ac' -> (Import Result ID: 'e3d22ba734e222bff590e60f02e0c15b') in 0.001 seconds [static and dynamic dependencies]. Details - ImportResultOutputID=11e49bbd21d02024a8e0a803e6854f5b DependenciesID=1a2b79ba2b98f9ee6189673d8f234832 StaticDependenciesID=5cdcabaa6aed67d5388ee79232823934 
Number of updated asset objects reloaded before import = 0
Number of asset objects unloaded after import = 0
========================================================================
Received Import Request.
  Time of request: 2026-09-29T04:30:40.9966316Z
  Time since last request: 0.955282 seconds.
  importAddress: GUID: d59f37f1235df1e4db61789f45cc52ac - Path: Assets/Materials - Importer: ScriptedImporter/UnityEditor.QuickSearchModule:UnityEditor.Search:ASIAI0B
Importing 'GUID: d59f37f1235df1e4db61789f45cc52ac - Path: Assets/Materials - Importer: ScriptedImporter/UnityEditor.QuickSearchModule:UnityEditor.Search:ASIAI0B' with importer (ScriptedImporter : UnityEditor.QuickSearchModule:UnityEditor.Search:ASIAI0B)
Imported 'GUID: d59f37f1235df1e4db61789f45cc52ac' -> (Import Result ID: '6f33c0c19e94afa897bd7417ca2dc2e2') in 0.002 seconds [static and dynamic dependencies]. Details - ImportResultOutputID=04ad8723e25e4ce34c2fb1e76d85eeaf DependenciesID=58e95c7154e6a0e40a60b3de3dbc6795 StaticDependenciesID=c69f77cc6ac193a1690603d48d2c8226 
Number of updated asset objects reloaded before import = 0
Number of asset objects unloaded after import = 1
========================================================================
Received Import Request.
  Time of request: 2026-09-29T04:30:54.6896291Z
  Time since last request: 13.6826246 seconds.
  importAddress: GUID: ceeb5f98f31963f49b9255ef19a3c730 - Path: Assets/Materials/New Material.mat - Importer: ScriptedImporter/UnityEditor.QuickSearchModule:UnityEditor.Search:ASIAI0B
Importing 'GUID: ceeb5f98f31963f49b9255ef19a3c730 - Path: Assets/Materials/New Material.mat - Importer: ScriptedImporter/UnityEditor.QuickSearchModule:UnityEditor.Search:ASIAI0B' with importer (ScriptedImporter : UnityEditor.QuickSearchModule:UnityEditor.Search:ASIAI0B)
Imported 'GUID: ceeb5f98f31963f49b9255ef19a3c730' -> (Import Result ID: 'fe2e42a4dc6a6c271103f5cfeabb73ce') in 0.003 seconds [static and dynamic dependencies]. Details - ImportResultOutputID=1f3fc5ee5c10140abbc4dc86e8377c87 DependenciesID=6e295009963fd39ffb5dcdf1c5013a02 StaticDependenciesID=21c77cc768c099a2cb90e8ab2ae0d02d 
Number of updated asset objects reloaded before import = 0
Number of asset objects unloaded after import = 2
========================================================================
Received Import Request.
  Time of request: 2026-09-29T04:32:10.598132Z
  Time since last request: 75.89548499999999 seconds.
  importAddress: GUID: ceeb5f98f31963f49b9255ef19a3c730 - Path: Assets/Materials/meja.mat - Importer: ScriptedImporter/UnityEditor.QuickSearchModule:UnityEditor.Search:ASIAI0B
Importing 'GUID: ceeb5f98f31963f49b9255ef19a3c730 - Path: Assets/Materials/meja.mat - Importer: ScriptedImporter/UnityEditor.QuickSearchModule:UnityEditor.Search:ASIAI0B' with importer (ScriptedImporter : UnityEditor.QuickSearchModule:UnityEditor.Search:ASIAI0B)
Imported 'GUID: ceeb5f98f31963f49b9255ef19a3c730' -> (Import Result ID: 'c1c031daaca222b40de5f29dc5d5c9ff') in 0.003 seconds [static and dynamic dependencies]. Details - ImportResultOutputID=8947b4083173c42f3f6e0eb0c1fff373 DependenciesID=308fcd94eeb449acc49b8aa99f2c91db StaticDependenciesID=19f726c9ebf06e11288e0180ff411891 
Number of updated asset objects reloaded before import = 0
Number of asset objects unloaded after import = 2
========================================================================
Received Import Request.
  Time of request: 2026-09-29T04:32:34.6294381Z
  Time since last request: 24.0196158 seconds.
  importAddress: GUID: a4916aecd0c895e448c1fa6b0995074b - Path: Assets/Materials/kursi.mat - Importer: ScriptedImporter/UnityEditor.QuickSearchModule:UnityEditor.Search:ASIAI0B
Importing 'GUID: a4916aecd0c895e448c1fa6b0995074b - Path: Assets/Materials/kursi.mat - Importer: ScriptedImporter/UnityEditor.QuickSearchModule:UnityEditor.Search:ASIAI0B' with importer (ScriptedImporter : UnityEditor.QuickSearchModule:UnityEditor.Search:ASIAI0B)
Imported 'GUID: a4916aecd0c895e448c1fa6b0995074b' -> (Import Result ID: '6b40035b632c582574a1859f33fe2d41') in 0.003 seconds [static and dynamic dependencies]. Details - ImportResultOutputID=ad735854b35174609405832861da7688 DependenciesID=ba7d927d8d2bc838552c5017274e0348 StaticDependenciesID=1e40fec66f1b6db44e228c3cf5d2151a 
Number of updated asset objects reloaded before import = 0
Number of asset objects unloaded after import = 2
========================================================================
Received Prepare
AcceleratorClientConnectionCallback - disconnected - :0
Unloading 22 Unused Serialized files (Serialized files now loaded: 0)
Unloading 22 unused Assets / (2.6 MB). Loaded Objects now: 7594.
Memory consumption went from 328.5 MB to 325.9 MB.
Total: 6.009000 ms (FindLiveObjects: 0.433000 ms CreateObjectMapping: 0.251500 ms MarkObjects: 4.922900 ms  DeleteObjects: 0.400800 ms)

Prepare: number of updated asset objects reloaded= 0
========================================================================
Received Import Request.
  Time of request: 2026-09-29T04:33:30.9038322Z
  Time since last request: 56.2640852 seconds.
  importAddress: GUID: 5d0b770a596e24d488a376aed0de671d - Path: Assets/Materials/dinding.mat - Importer: ScriptedImporter/UnityEditor.QuickSearchModule:UnityEditor.Search:ASIAI0B
Importing 'GUID: 5d0b770a596e24d488a376aed0de671d - Path: Assets/Materials/dinding.mat - Importer: ScriptedImporter/UnityEditor.QuickSearchModule:UnityEditor.Search:ASIAI0B' with importer (ScriptedImporter : UnityEditor.QuickSearchModule:UnityEditor.Search:ASIAI0B)
Imported 'GUID: 5d0b770a596e24d488a376aed0de671d' -> (Import Result ID: 'b9c66cb5d8ed3ab1e2c581cfa5e82ad6') in 0.003 seconds [static and dynamic dependencies]. Details - ImportResultOutputID=3ff459590413b2399b58e0df3b114eff DependenciesID=a70d274250c1216222d2499cb631e227 StaticDependenciesID=872b8541885bc71ad93e2d403351c21c 
Number of updated asset objects reloaded before import = 0
Number of asset objects unloaded after import = 2
========================================================================
Received Import Request.
  Time of request: 2026-09-29T04:33:30.9178322Z
  Time since last request: 0.0002475 seconds.
  importAddress: GUID: a4916aecd0c895e448c1fa6b0995074b - Path: Assets/Materials/kursi.mat - Importer: ScriptedImporter/UnityEditor.QuickSearchModule:UnityEditor.Search:ASIAI0B
Importing 'GUID: a4916aecd0c895e448c1fa6b0995074b - Path: Assets/Materials/kursi.mat - Importer: ScriptedImporter/UnityEditor.QuickSearchModule:UnityEditor.Search:ASIAI0B' with importer (ScriptedImporter : UnityEditor.QuickSearchModule:UnityEditor.Search:ASIAI0B)
Imported 'GUID: a4916aecd0c895e448c1fa6b0995074b' -> (Import Result ID: '018c236668fe74dfc96837f63d01a8d1') in 0.008 seconds [static and dynamic dependencies]. Details - ImportResultOutputID=81fb59a5d59b3ce64794adf331f12181 DependenciesID=4e0b06e2e1ebbb80dd79d908122b6e2f StaticDependenciesID=fe80c246466e59dd9c55397a6a14ab4d 
Number of updated asset objects reloaded before import = 0
Number of asset objects unloaded after import = 2
========================================================================
Received Prepare
AcceleratorClientConnectionCallback - disconnected - :0
Unloading 22 Unused Serialized files (Serialized files now loaded: 0)
Unloading 22 unused Assets / (2.6 MB). Loaded Objects now: 7594.
Memory consumption went from 328.5 MB to 325.8 MB.
Total: 6.748600 ms (FindLiveObjects: 0.372500 ms CreateObjectMapping: 0.311700 ms MarkObjects: 5.479500 ms  DeleteObjects: 0.583100 ms)

Prepare: number of updated asset objects reloaded= 0
========================================================================
Received Import Request.
  Time of request: 2026-09-29T04:33:59.0662386Z
  Time since last request: 28.1320459 seconds.
  importAddress: GUID: ff4b25fed1161e547ab4460af3e9bf5e - Path: Assets/Materials/lamp.mat - Importer: ScriptedImporter/UnityEditor.QuickSearchModule:UnityEditor.Search:ASIAI0B
Importing 'GUID: ff4b25fed1161e547ab4460af3e9bf5e - Path: Assets/Materials/lamp.mat - Importer: ScriptedImporter/UnityEditor.QuickSearchModule:UnityEditor.Search:ASIAI0B' with importer (ScriptedImporter : UnityEditor.QuickSearchModule:UnityEditor.Search:ASIAI0B)
Imported 'GUID: ff4b25fed1161e547ab4460af3e9bf5e' -> (Import Result ID: '750b6808d21ea70bf14c044c63054b57') in 0.004 seconds [static and dynamic dependencies]. Details - ImportResultOutputID=2cc7789e04e29e7bc6f46a22ff6b0e4f DependenciesID=4276d7c3de5b2a0d8fce7a3d02ed6bf6 StaticDependenciesID=37d9e22895d1653f8731c73d7c3fbb8e 
Number of updated asset objects reloaded before import = 0
Number of asset objects unloaded after import = 2
========================================================================
Received Import Request.
  Time of request: 2026-09-29T04:34:11.2013738Z
  Time since last request: 12.1233397 seconds.
  importAddress: GUID: ff4b25fed1161e547ab4460af3e9bf5e - Path: Assets/Materials/lantai.mat - Importer: ScriptedImporter/UnityEditor.QuickSearchModule:UnityEditor.Search:ASIAI0B
Importing 'GUID: ff4b25fed1161e547ab4460af3e9bf5e - Path: Assets/Materials/lantai.mat - Importer: ScriptedImporter/UnityEditor.QuickSearchModule:UnityEditor.Search:ASIAI0B' with importer (ScriptedImporter : UnityEditor.QuickSearchModule:UnityEditor.Search:ASIAI0B)
Imported 'GUID: ff4b25fed1161e547ab4460af3e9bf5e' -> (Import Result ID: 'd29dc04c2baaa14d01326053661da104') in 0.004 seconds [static and dynamic dependencies]. Details - ImportResultOutputID=ce3080406a184738bd52f37ae54acdeb DependenciesID=6ddb7d171f72da925aee207ba5b524aa StaticDependenciesID=5dd72b01f3158280f06639435ae0a33e 
Number of updated asset objects reloaded before import = 0
Number of asset objects unloaded after import = 2
========================================================================
Received Prepare
AcceleratorClientConnectionCallback - disconnected - :0
Unloading 22 Unused Serialized files (Serialized files now loaded: 0)
Unloading 22 unused Assets / (2.6 MB). Loaded Objects now: 7594.
Memory consumption went from 328.5 MB to 325.9 MB.
Total: 5.587600 ms (FindLiveObjects: 0.500000 ms CreateObjectMapping: 0.323200 ms MarkObjects: 4.395900 ms  DeleteObjects: 0.367600 ms)

Prepare: number of updated asset objects reloaded= 0
========================================================================
Received Import Request.
  Time of request: 2026-09-29T04:34:40.5009217Z
  Time since last request: 29.2824494 seconds.
  importAddress: GUID: d590e16f0027d8c40a83fc8f60582cc0 - Path: Assets/Materials/tanam.mat - Importer: ScriptedImporter/UnityEditor.QuickSearchModule:UnityEditor.Search:ASIAI0B
Importing 'GUID: d590e16f0027d8c40a83fc8f60582cc0 - Path: Assets/Materials/tanam.mat - Importer: ScriptedImporter/UnityEditor.QuickSearchModule:UnityEditor.Search:ASIAI0B' with importer (ScriptedImporter : UnityEditor.QuickSearchModule:UnityEditor.Search:ASIAI0B)
Imported 'GUID: d590e16f0027d8c40a83fc8f60582cc0' -> (Import Result ID: 'dd4715fab7e9d9cd0163d5d09d5f140d') in 0.004 seconds [static and dynamic dependencies]. Details - ImportResultOutputID=563b878a0df6e232dd755ee0bedc59d0 DependenciesID=4aba767ae73954626c97f7efe8d98fa9 StaticDependenciesID=7b62a6e874502944bc9e7c7e002f5ba7 
Number of updated asset objects reloaded before import = 0
Number of asset objects unloaded after import = 2
========================================================================
Received Import Request.
  Time of request: 2026-09-29T04:35:37.6752542Z
  Time since last request: 57.1613627 seconds.
  importAddress: GUID: d590e16f0027d8c40a83fc8f60582cc0 - Path: Assets/Materials/tanam.mat - Importer: ScriptedImporter/UnityEditor.QuickSearchModule:UnityEditor.Search:ASIAI0B
Importing 'GUID: d590e16f0027d8c40a83fc8f60582cc0 - Path: Assets/Materials/tanam.mat - Importer: ScriptedImporter/UnityEditor.QuickSearchModule:UnityEditor.Search:ASIAI0B' with importer (ScriptedImporter : UnityEditor.QuickSearchModule:UnityEditor.Search:ASIAI0B)
Imported 'GUID: d590e16f0027d8c40a83fc8f60582cc0' -> (Import Result ID: '5f868594f6b47d2178939bcc3325e04a') in 0.005 seconds [static and dynamic dependencies]. Details - ImportResultOutputID=7ab0d7d1531415ad93b6e4d43ae8f2c9 DependenciesID=acd840b1540fcb29d6035b9dbcfda1b3 StaticDependenciesID=d18a32e584a690aaef820fb4a0ef0834 
Number of updated asset objects reloaded before import = 0
Number of asset objects unloaded after import = 2
========================================================================
Received Import Request.
  Time of request: 2026-09-29T04:35:46.4821441Z
  Time since last request: 8.794861 seconds.
  importAddress: GUID: bde135b320597544b9ac325092409f8b - Path: Packages/com.unity.render-pipelines.universal/Editor/ShaderGraph/GraphTemplates/2D/0_2D Sprite Lit.shadergraph - Importer: PreviewImporter
Importing 'GUID: bde135b320597544b9ac325092409f8b - Path: Packages/com.unity.render-pipelines.universal/Editor/ShaderGraph/GraphTemplates/2D/0_2D Sprite Lit.shadergraph - Importer: PreviewImporter' with importer (PreviewImporter)
Imported 'GUID: bde135b320597544b9ac325092409f8b' -> (Import Result ID: 'b478d78fcefabeffa835bedb8e7c4a1e') in 0.672 seconds [static and dynamic dependencies]. Details - ImportResultOutputID=9e74c8b99f9dc1c0b4b1ac8d37babf31 DependenciesID=8052a2cfc831033e5ce17f0c6158d477 StaticDependenciesID=0a2935d6f1dc39f3f5b41c00b23457a1 
Number of updated asset objects reloaded before import = 0
Number of asset objects unloaded after import = 3
========================================================================
Received Import Request.
  Time of request: 2026-09-29T04:35:47.1647969Z
  Time since last request: 0.0001606 seconds.
  importAddress: GUID: 80aa867ac363ac043847b06ad71604cd - Path: Packages/com.unity.render-pipelines.universal/Shaders/AutodeskInteractive/AutodeskInteractiveMasked.shadergraph - Importer: PreviewImporter
Importing 'GUID: 80aa867ac363ac043847b06ad71604cd - Path: Packages/com.unity.render-pipelines.universal/Shaders/AutodeskInteractive/AutodeskInteractiveMasked.shadergraph - Importer: PreviewImporter' with importer (PreviewImporter)
Imported 'GUID: 80aa867ac363ac043847b06ad71604cd' -> (Import Result ID: '2c114341ef2585e16a3396371fbf4d7d') in 3.627 seconds [static and dynamic dependencies]. Details - ImportResultOutputID=4cd9e02a06b1ec8f42b3769806382247 DependenciesID=d34f68971fd69d136acd93658674eaac StaticDependenciesID=939244561ef625078773d1a3006fcde8 
Number of updated asset objects reloaded before import = 0
Number of asset objects unloaded after import = 6
========================================================================
Received Import Request.
  Time of request: 2026-09-29T04:35:50.802444Z
  Time since last request: 0.0000877 seconds.
  importAddress: GUID: 5c81372d981403744adbdda4433c9c11 - Path: Packages/com.unity.render-pipelines.universal/Shaders/AutodeskInteractive/AutodeskInteractiveTransparent.shadergraph - Importer: PreviewImporter
Importing 'GUID: 5c81372d981403744adbdda4433c9c11 - Path: Packages/com.unity.render-pipelines.universal/Shaders/AutodeskInteractive/AutodeskInteractiveTransparent.shadergraph - Importer: PreviewImporter' with importer (PreviewImporter)
Imported 'GUID: 5c81372d981403744adbdda4433c9c11' -> (Import Result ID: '03e88ec332486f7ae4833eb37671eb6c') in 4.277 seconds [static and dynamic dependencies]. Details - ImportResultOutputID=c794c46ba0d5881347681c5a08c2f2b2 DependenciesID=71884d1d0d3aceda05137f4a930e279a StaticDependenciesID=2503ad625f5d402941c2339f1fb8e506 
Number of updated asset objects reloaded before import = 0
Number of asset objects unloaded after import = 6
========================================================================
Received Import Request.
  Time of request: 2026-09-29T04:35:55.0910839Z
  Time since last request: 0.0003069 seconds.
  importAddress: GUID: 71942363c5608a64bb62421349d39c9c - Path: Packages/com.unity.render-pipelines.universal/Runtime/Materials/Mesh2D-Unlit-Default.mat - Importer: PreviewImporter
Importing 'GUID: 71942363c5608a64bb62421349d39c9c - Path: Packages/com.unity.render-pipelines.universal/Runtime/Materials/Mesh2D-Unlit-Default.mat - Importer: PreviewImporter' with importer (PreviewImporter)
Imported 'GUID: 71942363c5608a64bb62421349d39c9c' -> (Import Result ID: '2df5ca07a08c5228d8f1401a122dd77e') in 0.040 seconds [static and dynamic dependencies]. Details - ImportResultOutputID=c1d5003fa60fa4531e87dfdb161b9b34 DependenciesID=90ad0bdd42b03b1586f561d18157fe84 StaticDependenciesID=cd466a7b8eb8e652550a01b2621135ca 
Number of updated asset objects reloaded before import = 0
Number of asset objects unloaded after import = 1
========================================================================
Received Import Request.
  Time of request: 2026-09-29T04:35:55.1430702Z
  Time since last request: 0.0005811 seconds.
  importAddress: GUID: 3739e562a03fc0b4982d8aa66cc50865 - Path: Packages/com.unity.render-pipelines.universal/Runtime/Materials/ArnoldStandardSurface/ArnoldStandardSurface.shadergraph - Importer: PreviewImporter
Importing 'GUID: 3739e562a03fc0b4982d8aa66cc50865 - Path: Packages/com.unity.render-pipelines.universal/Runtime/Materials/ArnoldStandardSurface/ArnoldStandardSurface.shadergraph - Importer: PreviewImporter' with importer (PreviewImporter)
Imported 'GUID: 3739e562a03fc0b4982d8aa66cc50865' -> (Import Result ID: '48b44af97160ef632f9ac0dfbae1d99e') in 5.623 seconds [static and dynamic dependencies]. Details - ImportResultOutputID=f7942a8fcc49dde8a31488115ddb7c38 DependenciesID=a40e6d5d404a2c143b5f3cee54dbe5a3 StaticDependenciesID=69ef9152bc74e5c5fa73b13a3207826e 
Number of updated asset objects reloaded before import = 0
Number of asset objects unloaded after import = 6
Editor requested this worker to shutdown with reason: Editor is closing down
AcceleratorClientConnectionCallback - disconnected - :0
AssetImportWorker is now disconnected from the server
Process exiting
Exiting without the bug reporter. Application will terminate with return code 0