[Licensing::Module] Trying to connect to existing licensing client channel...
Built from '6000.5/staging' branch; Version is '6000.5.10f1 (3bd4f66ad299) revision 3921142'; Using compiler version '194234433'; Build Type 'Release'
OS: 'Windows 11  (10.0.26200) Core' Language: 'en' Physical Memory: 16094 MB
BatchMode: 1, IsHumanControllingUs: 0, StartBugReporterOnCrash: 0, Is64bit: 1
System  architecture: x64
Process architecture: x64
Date: 2026-09-29T04:35:46Z
[Licensing::IpcConnector] Successfully connected to: "LicenseClient-USER" at "2026-09-29T04:35:46.6147685Z"

COMMAND LINE ARGUMENTS:
C:\Program Files\Unity\Hub\Editor\6000.5.10f1\Editor\Unity.exe
-adb2
-batchMode
-noUpm
-name
AssetImportWorkerHW2
-projectPath
D:/3E/AR/AR_AWA AIMASUGIRA_2924021/AR_AWA AIMASUGIRA_2924021
-logFile
Logs/AssetImportWorkerHW2.log
-srvPort
62018
-parentPid
9508
-analyticsCloudUserId
18968491519255
-analyticsCloudProjectId
80c92f87-1cc9-4810-9e6c-e75470b8c7be
-analyticsLocalProjectId
79e931930ea45c24ea8bc88698fe339e
-editorAnalyticsEnabled
1
-cbmEditorLicense
901a07429358a84a8e91417a9c7c007f9adfcd54
-cbmMachineId
4rxjb46ZCq5ciWOjnZtDxuJ/3pc=
-licensingIpc
LicenseClient-USER
-noDiagnosticSwitchPersistentStore
-job-worker-count
9
-background-job-worker-count
8
-asset-garbage-collectors
1
-force-d3d12
-name
AssetImport
Successfully changed project path to: D:/3E/AR/AR_AWA AIMASUGIRA_2924021/AR_AWA AIMASUGIRA_2924021
D:/3E/AR/AR_AWA AIMASUGIRA_2924021/AR_AWA AIMASUGIRA_2924021
[UnityMemory] Configuration Parameters - Can be set up in boot.config
    "memorysetup-temp-allocator-size-gi-baking-worker=262144"
    "memorysetup-temp-allocator-size-gi-baking-worker=262144"
    "memorysetup-temp-allocator-size-gi-baking-worker=262144"
    "memorysetup-temp-allocator-size-gi-baking-worker=262144"
    "memorysetup-temp-allocator-size-gi-baking-worker=262144"
    "memorysetup-temp-allocator-size-nav-mesh-worker=65536"
    "memorysetup-temp-allocator-size-audio-worker=65536"
    "memorysetup-temp-allocator-size-cloud-worker=32768"
    "memorysetup-temp-allocator-size-gfx=262144"
    "memorysetup-remapper-allocator-initial-capacity=32768"
    "memorysetup-temp-allocator-size-preload-manager=33554432"
    "memorysetup-allocator-temp-initial-block-size-main=262144"
    "memorysetup-allocator-temp-initial-block-size-worker=262144"
    "memorysetup-temp-allocator-size-job-worker=262144"
    "memorysetup-temp-allocator-size-background-worker=32768"
    "memorysetup-bucket-allocator-granularity=16"
    "memorysetup-bucket-allocator-bucket-count=8"
    "memorysetup-bucket-allocator-block-size=33554432"
    "memorysetup-bucket-allocator-block-count=8"
    "memorysetup-main-allocator-block-size=16777216"
    "memorysetup-thread-allocator-block-size=16777216"
    "memorysetup-main-allocator-mimalloc-enabled=0"
    "memorysetup-gfx-main-allocator-block-size=16777216"
    "memorysetup-gfx-thread-allocator-block-size=16777216"
    "memorysetup-cache-allocator-block-size=4194304"
    "memorysetup-typetree-allocator-block-size=2097152"
    "memorysetup-profiler-bucket-allocator-granularity=16"
    "memorysetup-profiler-bucket-allocator-bucket-count=8"
    "memorysetup-profiler-bucket-allocator-block-size=33554432"
    "memorysetup-profiler-bucket-allocator-block-count=8"
    "memorysetup-profiler-allocator-block-size=16777216"
    "memorysetup-profiler-editor-allocator-block-size=1048576"
    "memorysetup-temp-allocator-size-main=16777216"
    "memorysetup-job-temp-allocator-block-size=2097152"
    "memorysetup-job-temp-allocator-block-size-background=1048576"
    "memorysetup-job-temp-allocator-reduction-small-platforms=262144"
Player connection [14216]  Target information:

Player connection [14216]  * "[IP] 192.168.15.229 [Port] 0 [Flags] 2 [Guid] 3282609643 [EditorId] 3282609643 [Version] 1048832 [Id] WindowsEditor(7,3E-31) [Debug] 1 [PackageName] WindowsEditor [ProjectName] Editor" 

Player connection [14216]  * "[IP] 192.168.56.1 [Port] 0 [Flags] 2 [Guid] 3282609643 [EditorId] 3282609643 [Version] 1048832 [Id] WindowsEditor(7,3E-31) [Debug] 1 [PackageName] WindowsEditor [ProjectName] Editor" 

Player connection [14216]  * "[IP] 192.168.137.1 [Port] 0 [Flags] 2 [Guid] 3282609643 [EditorId] 3282609643 [Version] 1048832 [Id] WindowsEditor(7,3E-31) [Debug] 1 [PackageName] WindowsEditor [ProjectName] Editor" 

Player connection [14216] Host joined multi-casting on [225.0.0.222:54997]...
Player connection [14216] Host joined alternative multi-casting on [225.0.0.222:34997]...
JobSystem: Creating JobQueue using job-worker-count value 9
Input System module state changed to: Initialized.
[Physics::Module] Initialized fallback backend.
[Physics::Module] Id: 0xdecafbad
Library Redirect Path: Library/
[Physics::Module] Selected backend.
[Physics::Module] Name: PhysX
[Physics::Module] Id: 0xf2b8ea05
[Physics::Module] SDK Version: 4.1.2
[Physics::Module] Integration Version: 1.0.0
[Physics::Module] Threading Mode: Multi-Threaded
Refreshing native plugins compatible for Editor in 2.65 ms, found 4 plugins.
Initialize engine version: 6000.5.10f1 (3bd4f66ad299)
[Subsystems] Discovering subsystems at path C:/Program Files/Unity/Hub/Editor/6000.5.10f1/Editor/Data/Resources/UnitySubsystems
[Subsystems] Discovering subsystems at path D:/3E/AR/AR_AWA AIMASUGIRA_2924021/AR_AWA AIMASUGIRA_2924021/Assets
Forcing GfxDevice: Direct3D 12
GfxDevice: creating device client; kGfxThreadingModeNonThreaded
d3d12: failed to query info queue interface (0x80004002).
Direct3D:
    Version:         Direct3D 12 [level 12.2]
    Renderer:        NVIDIA GeForce RTX 3050 (ID=0x2582)
    Vendor:          NVIDIA
    VRAM:            8041 MB
    App VRAM Budget: 7273 MB
    Driver:          32.0.15.9186
Initialize mono
Mono path[0] = 'C:/Program Files/Unity/Hub/Editor/6000.5.10f1/Editor/Data/Managed'
Mono path[1] = 'C:/Program Files/Unity/Hub/Editor/6000.5.10f1/Editor/Data/BCLExtensions/runtime/netstandard2.1'
Mono path[2] = 'C:/Program Files/Unity/Hub/Editor/6000.5.10f1/Editor/Data/MonoBleedingEdge/lib/mono/unityjit-win32'
Mono config path = 'C:/Program Files/Unity/Hub/Editor/6000.5.10f1/Editor/Data/MonoBleedingEdge/etc'
Using monoOptions --debugger-agent=transport=dt_socket,embedding=1,server=y,suspend=n,address=127.0.0.1:56920
CodeReloadManager initialized
Begin MonoManager ReloadAssembly
Registering precompiled unity dll's ...
Register platform support module: C:/Program Files/Unity/Hub/Editor/6000.5.10f1/Editor/Data/PlaybackEngines/WindowsStandaloneSupport/UnityEditor.WindowsStandalone.Extensions.dll
[Licensing::Module] Licensing is not yet initialized.
[Licensing::Client] Error: HandshakeResponse reported an error:
	ResponseCode: 505
	ResponseStatus: Unsupported protocol version '1.18.3'.
[Licensing::Module] Error: Failed to handshake to channel: "LicenseClient-USER"
[Licensing::IpcConnector] LicenseClient-USER channel disconnected successfully.
[Licensing::IpcConnector] Successfully connected to: "LicenseClient-USER-6000.5.10" at "2026-09-29T04:35:48.6588017Z"
[Licensing::Client] Code 10 while verifying Licensing Client signature (process Id: 24880, path: "C:/Program Files/Unity/Hub/Editor/6000.5.10f1/Editor/Data/Resources/Licensing/Client/Unity.Licensing.Client.exe")
[Licensing::Module] LicensingClient has failed validation; ignoring
[Licensing::Client] Handshaking with LicensingClient:
  Version:                 1.18.3+d7ffd15
  Session Id:              9d7e77f470bb49719b12b60d2c13eaae
  Correlation Id:          d23f7d8d038afd1db8c82b5b442b3244
  External correlation Id: 67374865480347791
  Machine Id:              4rxjb46ZCq5ciWOjnZtDxuJ/3pc=
[Licensing::Module] Successfully connected to LicensingClient on channel: "LicenseClient-USER-6000.5.10" (connect: 0.00s, validation: 0.00s, handshake: 0.01s)
[Licensing::IpcConnector] Successfully connected to: "LicenseClient-USER-6000.5.10-notifications" at "2026-09-29T04:35:48.6713458Z"
[Licensing::Module] Licensing Background thread has ended after 2.06s
[Licensing::Module] Licensing is initialized (took 0.89s).
[Licensing::Client] Successfully resolved entitlement details
[Licensing::Module] License group:
  Id: 18968491519255-UnityPersXXXX
  Product: Unity Personal
  Type: Assigned
  Expiration: Unlimited
Register platform support module: C:/Program Files/Unity/Hub/Editor/6000.5.10f1/Editor/Data/PlaybackEngines/AndroidPlayer/UnityEditor.Android.Extensions.dll
Registered in 0.891778 seconds.
Native extension for Android target not found
Native extension for WindowsStandalone target not found
Package Manager log level set to [2]
[Package Manager] Failed to launch server process. Reason: Unity was launched with the -noUpm command-line argument
[Package Manager] Unable to send message (not connected to server process).
[Package Manager] Cannot connect to Unity Package Manager local server
ScheduleIndexationOnStartup MainProcess:False IndexOnStartup:True
Mono: successfully reloaded assembly
- Finished resetting the current domain, in  0.561 seconds
Domain Reload Profiling: 2098ms
	BeginReloadAssembly (168ms)
	RebuildCommonClasses (6ms)
	RebuildNativeTypeToScriptingClass (18ms)
	initialDomainReloadingComplete (970ms)
	LoadAllAssembliesAndSetupDomain (375ms)
		LoadAssemblies (166ms)
		AnalyzeDomain (277ms)
			TypeCache.Refresh (275ms)
				TypeCache.ScanAssembly (254ms)
	FinalizeReload (562ms)
		SetupLoadedEditorAssemblies (0ms)
			InitializePlatformSupportModulesInManaged (10ms)
			BeforeProcessingInitializeOnLoad (104ms)
			ProcessInitializeOnLoadAttributes (112ms)
			ProcessInitializeOnLoadMethodAttributes (244ms)
Initializing Unity extensions:
[Licensing::Client] Successfully resolved entitlement details
========================================================================
Worker process is ready to serve import requests
Import Worker Mode flag is 0x00
Begin MonoManager ReloadAssembly
Native extension for Android target not found
Native extension for WindowsStandalone target not found
[Package Manager] Failed to launch server process. Reason: Unity was launched with the -noUpm command-line argument
[Package Manager] Unable to send message (not connected to server process).
[Package Manager] Cannot connect to Unity Package Manager local server
[Package Manager] Failed to launch server process. Reason: Unity was launched with the -noUpm command-line argument
[Package Manager] Unable to send message (not connected to server process).
[Package Manager] Cannot connect to Unity Package Manager local server
ScheduleIndexationOnStartup MainProcess:False IndexOnStartup:True
Mono: successfully reloaded assembly
- Finished resetting the current domain, in  0.928 seconds
Domain Reload Profiling: 1961ms
	BeginReloadAssembly (227ms)
		DisableScriptedObjects (9ms)
		CreateAndSetChildDomain (42ms)
	RebuildCommonClasses (7ms)
	RebuildNativeTypeToScriptingClass (17ms)
	initialDomainReloadingComplete (71ms)
	LoadAllAssembliesAndSetupDomain (710ms)
		LoadAssemblies (421ms)
		AnalyzeDomain (287ms)
			TypeCache.Refresh (212ms)
				TypeCache.ScanAssembly (187ms)
			BuildScriptInfoCaches (67ms)
			ResolveRequiredComponents (5ms)
	FinalizeReload (929ms)
		SetupLoadedEditorAssemblies (0ms)
			InitializePlatformSupportModulesInManaged (10ms)
			BeforeProcessingInitializeOnLoad (117ms)
			ProcessInitializeOnLoadAttributes (344ms)
			ProcessInitializeOnLoadMethodAttributes (145ms)
			AfterProcessingInitializeOnLoad (4ms)
		AwakeInstancesAfterBackupRestoration (12ms)
AcceleratorClientConnectionCallback - disconnected - :0
Launched and connected shader compiler UnityShaderCompiler.exe after 0.02 seconds
Unloading 22 Unused Serialized files (Serialized files now loaded: 0)
Curl error 3: URL rejected: Malformed input to a URL function
Unloading 6631 unused Assets / (6.1 MB). Loaded Objects now: 7592.
Memory consumption went from 333.6 MB to 327.5 MB.
Total: 17.014300 ms (FindLiveObjects: 2.015600 ms CreateObjectMapping: 2.186400 ms MarkObjects: 7.279800 ms  DeleteObjects: 5.527200 ms)

========================================================================
Received Import Request.
  Time of request: 2026-09-29T04:35:52.5929586Z
  Time since last request: 438808.18915950000519 seconds.
  importAddress: GUID: c2e40fa84d53ccd428f640eac126b1fb - Path: Packages/com.unity.render-pipelines.universal/Editor/SceneTemplates/Materials/Gold.mat - Importer: PreviewImporter
Importing 'GUID: c2e40fa84d53ccd428f640eac126b1fb - Path: Packages/com.unity.render-pipelines.universal/Editor/SceneTemplates/Materials/Gold.mat - Importer: PreviewImporter' with importer (PreviewImporter)
Imported 'GUID: c2e40fa84d53ccd428f640eac126b1fb' -> (Import Result ID: '8deb8d6b82d68cfbeda5b1fbb30185d2') in 0.666 seconds [static and dynamic dependencies]. Details - ImportResultOutputID=d30dc90af1bb531a511e1b43ecb4c5cb DependenciesID=f7d755589585f569fa6358d1ca8ec032 StaticDependenciesID=9404cecab48484bc79636a6f138a89d2 
Number of updated asset objects reloaded before import = 0
Number of asset objects unloaded after import = 3
========================================================================
Received Import Request.
  Time of request: 2026-09-29T04:35:53.276369Z
  Time since last request: 0.0000841 seconds.
  importAddress: GUID: 1dbf28c1bb322474d981b2dc555e28b0 - Path: Packages/com.unity.render-pipelines.core/Runtime/RenderPipelineResources/Mesh/SamplesFloorSpotlight.fbx - Importer: PreviewImporter
Importing 'GUID: 1dbf28c1bb322474d981b2dc555e28b0 - Path: Packages/com.unity.render-pipelines.core/Runtime/RenderPipelineResources/Mesh/SamplesFloorSpotlight.fbx - Importer: PreviewImporter' with importer (PreviewImporter)
Imported 'GUID: 1dbf28c1bb322474d981b2dc555e28b0' -> (Import Result ID: 'a0fc374924aad31171957cb84fae23a8') in 0.344 seconds [static and dynamic dependencies]. Details - ImportResultOutputID=a04919d30742f29402fe6a8ff5cfa282 DependenciesID=c99543dac53fbaf55f6d9647ae0bfa11 StaticDependenciesID=b3ac2a26425d04bb138d6d68f7cb357d 
Number of updated asset objects reloaded before import = 0
Number of asset objects unloaded after import = 15
========================================================================
Received Import Request.
  Time of request: 2026-09-29T04:35:53.6360877Z
  Time since last request: 0.0001014 seconds.
  importAddress: GUID: 25a0ebb4827f3cc47a1af2c79005f65b - Path: Packages/com.unity.render-pipelines.universal/Editor/ShaderGraph/GraphTemplates/2D/1_2D Sprite Unlit.shadergraph - Importer: PreviewImporter
Importing 'GUID: 25a0ebb4827f3cc47a1af2c79005f65b - Path: Packages/com.unity.render-pipelines.universal/Editor/ShaderGraph/GraphTemplates/2D/1_2D Sprite Unlit.shadergraph - Importer: PreviewImporter' with importer (PreviewImporter)
Imported 'GUID: 25a0ebb4827f3cc47a1af2c79005f65b' -> (Import Result ID: '0953f75ea1ea9ef097fafca9a378d198') in 0.250 seconds [static and dynamic dependencies]. Details - ImportResultOutputID=5a974f5e8d327506daada5ae2dad3439 DependenciesID=87749a48da83c884d5562f7f9a934ed5 StaticDependenciesID=d0eada63a82edb6338419d8f5e6fc16b 
Number of updated asset objects reloaded before import = 0
Number of asset objects unloaded after import = 2
========================================================================
Received Import Request.
  Time of request: 2026-09-29T04:35:53.8973735Z
  Time since last request: 0.000494 seconds.
  importAddress: GUID: a2407126e3372f64cacb75ed466a5621 - Path: Packages/com.unity.shadergraph/GraphTemplates/Cross Pipeline/0_Lit Basic.shadergraph - Importer: PreviewImporter
Importing 'GUID: a2407126e3372f64cacb75ed466a5621 - Path: Packages/com.unity.shadergraph/GraphTemplates/Cross Pipeline/0_Lit Basic.shadergraph - Importer: PreviewImporter' with importer (PreviewImporter)
Imported 'GUID: a2407126e3372f64cacb75ed466a5621' -> (Import Result ID: '9681cf3e6168760a7af0e140ece94e89') in 5.831 seconds [static and dynamic dependencies]. Details - ImportResultOutputID=bb53b2ba03a7f0936672ef65f6855a7e DependenciesID=87359776dcc052ed5416d7cad34a4a88 StaticDependenciesID=8a6fd32d537062866c8a5287ab60a160 
Number of updated asset objects reloaded before import = 0
Number of asset objects unloaded after import = 8
========================================================================
Received Import Request.
  Time of request: 2026-09-29T04:35:59.7395798Z
  Time since last request: 0.0000719 seconds.
  importAddress: GUID: 0e9d5a909a1f7e84882a534d0d11e49f - Path: Packages/com.unity.render-pipelines.universal/Shaders/AutodeskInteractive/AutodeskInteractive.shadergraph - Importer: PreviewImporter
Importing 'GUID: 0e9d5a909a1f7e84882a534d0d11e49f - Path: Packages/com.unity.render-pipelines.universal/Shaders/AutodeskInteractive/AutodeskInteractive.shadergraph - Importer: PreviewImporter' with importer (PreviewImporter)
Imported 'GUID: 0e9d5a909a1f7e84882a534d0d11e49f' -> (Import Result ID: '19bb0792d6bcfae4df4e03470935d30b') in 3.191 seconds [static and dynamic dependencies]. Details - ImportResultOutputID=c66958e9717645433fbb954260183347 DependenciesID=d65acdf24639360fa383b1cb4a7d5a66 StaticDependenciesID=12c62a9a00f20f75e2ae07562fa8da03 
Number of updated asset objects reloaded before import = 0
Number of asset objects unloaded after import = 6
Curl error 28: Failed to connect to config.uca.cloud.unity3d.com port 443 after 21055 ms: Could not connect to server
Editor requested this worker to shutdown with reason: Editor is closing down
AcceleratorClientConnectionCallback - disconnected - :0
AssetImportWorker is now disconnected from the server
Process exiting
Exiting without the bug reporter. Application will terminate with return code 0