[Licensing::Module] Trying to connect to existing licensing client channel...
[Licensing::IpcConnector] Successfully connected to: "LicenseClient-USER" at "2026-09-29T04:09:23.8523871Z"
Built from '6000.5/staging' branch; Version is '6000.5.10f1 (3bd4f66ad299) revision 3921142'; Using compiler version '194234433'; Build Type 'Release'
OS: 'Windows 11  (10.0.26200) Core' Language: 'en' Physical Memory: 16094 MB
BatchMode: 1, IsHumanControllingUs: 0, StartBugReporterOnCrash: 0, Is64bit: 1
System  architecture: x64
Process architecture: x64
Date: 2026-09-29T04:09:23Z

COMMAND LINE ARGUMENTS:
C:\Program Files\Unity\Hub\Editor\6000.5.10f1\Editor\Unity.exe
-adb2
-batchMode
-noUpm
-name
AssetImportWorkerHW1
-projectPath
D:/3E/AR/AR_AWA AIMASUGIRA_2924021/AR_AWA AIMASUGIRA_2924021
-logFile
Logs/AssetImportWorkerHW1.log
-srvPort
62018
-parentPid
9508
-analyticsCloudUserId
18968491519255
-analyticsCloudProjectId
80c92f87-1cc9-4810-9e6c-e75470b8c7be
-analyticsLocalProjectId
79e931930ea45c24ea8bc88698fe339e
-editorAnalyticsEnabled
1
-cbmEditorLicense
901a07429358a84a8e91417a9c7c007f9adfcd54
-cbmMachineId
4rxjb46ZCq5ciWOjnZtDxuJ/3pc=
-licensingIpc
LicenseClient-USER
-noDiagnosticSwitchPersistentStore
-job-worker-count
9
-background-job-worker-count
8
-asset-garbage-collectors
1
-force-d3d12
-name
AssetImport
Successfully changed project path to: D:/3E/AR/AR_AWA AIMASUGIRA_2924021/AR_AWA AIMASUGIRA_2924021
D:/3E/AR/AR_AWA AIMASUGIRA_2924021/AR_AWA AIMASUGIRA_2924021
[UnityMemory] Configuration Parameters - Can be set up in boot.config
    "memorysetup-temp-allocator-size-gi-baking-worker=262144"
    "memorysetup-temp-allocator-size-gi-baking-worker=262144"
    "memorysetup-temp-allocator-size-gi-baking-worker=262144"
    "memorysetup-temp-allocator-size-gi-baking-worker=262144"
    "memorysetup-temp-allocator-size-gi-baking-worker=262144"
    "memorysetup-temp-allocator-size-nav-mesh-worker=65536"
    "memorysetup-temp-allocator-size-audio-worker=65536"
    "memorysetup-temp-allocator-size-cloud-worker=32768"
    "memorysetup-temp-allocator-size-gfx=262144"
    "memorysetup-remapper-allocator-initial-capacity=32768"
    "memorysetup-temp-allocator-size-preload-manager=33554432"
    "memorysetup-allocator-temp-initial-block-size-main=262144"
    "memorysetup-allocator-temp-initial-block-size-worker=262144"
    "memorysetup-temp-allocator-size-job-worker=262144"
    "memorysetup-temp-allocator-size-background-worker=32768"
    "memorysetup-bucket-allocator-granularity=16"
    "memorysetup-bucket-allocator-bucket-count=8"
    "memorysetup-bucket-allocator-block-size=33554432"
    "memorysetup-bucket-allocator-block-count=8"
    "memorysetup-main-allocator-block-size=16777216"
    "memorysetup-thread-allocator-block-size=16777216"
    "memorysetup-main-allocator-mimalloc-enabled=0"
    "memorysetup-gfx-main-allocator-block-size=16777216"
    "memorysetup-gfx-thread-allocator-block-size=16777216"
    "memorysetup-cache-allocator-block-size=4194304"
    "memorysetup-typetree-allocator-block-size=2097152"
    "memorysetup-profiler-bucket-allocator-granularity=16"
    "memorysetup-profiler-bucket-allocator-bucket-count=8"
    "memorysetup-profiler-bucket-allocator-block-size=33554432"
    "memorysetup-profiler-bucket-allocator-block-count=8"
    "memorysetup-profiler-allocator-block-size=16777216"
    "memorysetup-profiler-editor-allocator-block-size=1048576"
    "memorysetup-temp-allocator-size-main=16777216"
    "memorysetup-job-temp-allocator-block-size=2097152"
    "memorysetup-job-temp-allocator-block-size-background=1048576"
    "memorysetup-job-temp-allocator-reduction-small-platforms=262144"
Player connection [11108]  Target information:

Player connection [11108]  * "[IP] 192.168.15.229 [Port] 0 [Flags] 2 [Guid] 4256716917 [EditorId] 4256716917 [Version] 1048832 [Id] WindowsEditor(7,3E-31) [Debug] 1 [PackageName] WindowsEditor [ProjectName] Editor" 

Player connection [11108]  * "[IP] 192.168.56.1 [Port] 0 [Flags] 2 [Guid] 4256716917 [EditorId] 4256716917 [Version] 1048832 [Id] WindowsEditor(7,3E-31) [Debug] 1 [PackageName] WindowsEditor [ProjectName] Editor" 

Player connection [11108]  * "[IP] 192.168.137.1 [Port] 0 [Flags] 2 [Guid] 4256716917 [EditorId] 4256716917 [Version] 1048832 [Id] WindowsEditor(7,3E-31) [Debug] 1 [PackageName] WindowsEditor [ProjectName] Editor" 

Player connection [11108] Host joined multi-casting on [225.0.0.222:54997]...
Player connection [11108] Host joined alternative multi-casting on [225.0.0.222:34997]...
JobSystem: Creating JobQueue using job-worker-count value 9
Input System module state changed to: Initialized.
[Physics::Module] Initialized fallback backend.
[Physics::Module] Id: 0xdecafbad
Library Redirect Path: Library/
[Physics::Module] Selected backend.
[Physics::Module] Name: PhysX
[Physics::Module] Id: 0xf2b8ea05
[Physics::Module] SDK Version: 4.1.2
[Physics::Module] Integration Version: 1.0.0
[Physics::Module] Threading Mode: Multi-Threaded
Refreshing native plugins compatible for Editor in 2.01 ms, found 4 plugins.
Initialize engine version: 6000.5.10f1 (3bd4f66ad299)
[Subsystems] Discovering subsystems at path C:/Program Files/Unity/Hub/Editor/6000.5.10f1/Editor/Data/Resources/UnitySubsystems
[Subsystems] Discovering subsystems at path D:/3E/AR/AR_AWA AIMASUGIRA_2924021/AR_AWA AIMASUGIRA_2924021/Assets
Forcing GfxDevice: Direct3D 12
GfxDevice: creating device client; kGfxThreadingModeNonThreaded
d3d12: failed to query info queue interface (0x80004002).
Direct3D:
    Version:         Direct3D 12 [level 12.2]
    Renderer:        NVIDIA GeForce RTX 3050 (ID=0x2582)
    Vendor:          NVIDIA
    VRAM:            8041 MB
    App VRAM Budget: 7273 MB
    Driver:          32.0.15.9186
Initialize mono
Mono path[0] = 'C:/Program Files/Unity/Hub/Editor/6000.5.10f1/Editor/Data/Managed'
Mono path[1] = 'C:/Program Files/Unity/Hub/Editor/6000.5.10f1/Editor/Data/BCLExtensions/runtime/netstandard2.1'
Mono path[2] = 'C:/Program Files/Unity/Hub/Editor/6000.5.10f1/Editor/Data/MonoBleedingEdge/lib/mono/unityjit-win32'
Mono config path = 'C:/Program Files/Unity/Hub/Editor/6000.5.10f1/Editor/Data/MonoBleedingEdge/etc'
Using monoOptions --debugger-agent=transport=dt_socket,embedding=1,server=y,suspend=n,address=127.0.0.1:56772
CodeReloadManager initialized
Begin MonoManager ReloadAssembly
Registering precompiled unity dll's ...
Register platform support module: C:/Program Files/Unity/Hub/Editor/6000.5.10f1/Editor/Data/PlaybackEngines/WindowsStandaloneSupport/UnityEditor.WindowsStandalone.Extensions.dll
[Licensing::Module] Licensing is not yet initialized.
[Licensing::Client] Error: HandshakeResponse reported an error:
	ResponseCode: 505
	ResponseStatus: Unsupported protocol version '1.18.3'.
[Licensing::Module] Error: Failed to handshake to channel: "LicenseClient-USER"
[Licensing::IpcConnector] LicenseClient-USER channel disconnected successfully.
[Licensing::IpcConnector] Successfully connected to: "LicenseClient-USER-6000.5.10" at "2026-09-29T04:09:25.378852Z"
[Licensing::Client] Code 10 while verifying Licensing Client signature (process Id: 24880, path: "C:/Program Files/Unity/Hub/Editor/6000.5.10f1/Editor/Data/Resources/Licensing/Client/Unity.Licensing.Client.exe")
[Licensing::Module] LicensingClient has failed validation; ignoring
[Licensing::Client] Handshaking with LicensingClient:
  Version:                 1.18.3+d7ffd15
  Session Id:              53295f1e98e742238e9204423ef11d57
  Correlation Id:          d23f7d8d038afd1db8c82b5b442b3244
  External correlation Id: 1787254766219151001
  Machine Id:              4rxjb46ZCq5ciWOjnZtDxuJ/3pc=
[Licensing::Module] Successfully connected to LicensingClient on channel: "LicenseClient-USER-6000.5.10" (connect: 0.00s, validation: 0.00s, handshake: 0.01s)
[Licensing::IpcConnector] Successfully connected to: "LicenseClient-USER-6000.5.10-notifications" at "2026-09-29T04:09:25.3871462Z"
[Licensing::Module] Licensing Background thread has ended after 1.53s
[Licensing::Module] Licensing is initialized (took 0.86s).
[Licensing::Client] Successfully resolved entitlement details
[Licensing::Module] License group:
  Id: 18968491519255-UnityPersXXXX
  Product: Unity Personal
  Type: Assigned
  Expiration: Unlimited
Register platform support module: C:/Program Files/Unity/Hub/Editor/6000.5.10f1/Editor/Data/PlaybackEngines/AndroidPlayer/UnityEditor.Android.Extensions.dll
Registered in 0.858649 seconds.
Native extension for Android target not found
Native extension for WindowsStandalone target not found
Package Manager log level set to [2]
[Package Manager] Failed to launch server process. Reason: Unity was launched with the -noUpm command-line argument
[Package Manager] Unable to send message (not connected to server process).
[Package Manager] Cannot connect to Unity Package Manager local server
ScheduleIndexationOnStartup MainProcess:False IndexOnStartup:True
Mono: successfully reloaded assembly
- Finished resetting the current domain, in  0.388 seconds
Domain Reload Profiling: 1652ms
	BeginReloadAssembly (111ms)
	RebuildCommonClasses (4ms)
	RebuildNativeTypeToScriptingClass (13ms)
	initialDomainReloadingComplete (908ms)
	LoadAllAssembliesAndSetupDomain (228ms)
		LoadAssemblies (109ms)
		AnalyzeDomain (163ms)
			TypeCache.Refresh (161ms)
				TypeCache.ScanAssembly (150ms)
	FinalizeReload (389ms)
		SetupLoadedEditorAssemblies (0ms)
			InitializePlatformSupportModulesInManaged (7ms)
			BeforeProcessingInitializeOnLoad (71ms)
			ProcessInitializeOnLoadAttributes (81ms)
			ProcessInitializeOnLoadMethodAttributes (169ms)
Initializing Unity extensions:
[Licensing::Client] Successfully resolved entitlement details
========================================================================
Worker process is ready to serve import requests
Import Worker Mode flag is 0x00
Begin MonoManager ReloadAssembly
Native extension for Android target not found
Native extension for WindowsStandalone target not found
[Package Manager] Failed to launch server process. Reason: Unity was launched with the -noUpm command-line argument
[Package Manager] Unable to send message (not connected to server process).
[Package Manager] Cannot connect to Unity Package Manager local server
[Package Manager] Failed to launch server process. Reason: Unity was launched with the -noUpm command-line argument
[Package Manager] Unable to send message (not connected to server process).
[Package Manager] Cannot connect to Unity Package Manager local server
ScheduleIndexationOnStartup MainProcess:False IndexOnStartup:True
Mono: successfully reloaded assembly
- Finished resetting the current domain, in  0.663 seconds
Domain Reload Profiling: 1335ms
	BeginReloadAssembly (149ms)
		DisableScriptedObjects (7ms)
		CreateAndSetChildDomain (23ms)
	RebuildCommonClasses (6ms)
	RebuildNativeTypeToScriptingClass (13ms)
	initialDomainReloadingComplete (39ms)
	LoadAllAssembliesAndSetupDomain (465ms)
		LoadAssemblies (246ms)
		AnalyzeDomain (203ms)
			TypeCache.Refresh (139ms)
				TypeCache.ScanAssembly (126ms)
			BuildScriptInfoCaches (58ms)
			ResolveRequiredComponents (4ms)
	FinalizeReload (664ms)
		SetupLoadedEditorAssemblies (0ms)
			InitializePlatformSupportModulesInManaged (6ms)
			BeforeProcessingInitializeOnLoad (74ms)
			ProcessInitializeOnLoadAttributes (253ms)
			ProcessInitializeOnLoadMethodAttributes (108ms)
			AfterProcessingInitializeOnLoad (3ms)
		AwakeInstancesAfterBackupRestoration (7ms)
AcceleratorClientConnectionCallback - disconnected - :0
Launched and connected shader compiler UnityShaderCompiler.exe after 0.02 seconds
Unloading 22 Unused Serialized files (Serialized files now loaded: 0)
Curl error 3: URL rejected: Malformed input to a URL function
Unloading 6631 unused Assets / (5.8 MB). Loaded Objects now: 7592.
Memory consumption went from 331.6 MB to 325.8 MB.
Total: 7.555500 ms (FindLiveObjects: 0.585200 ms CreateObjectMapping: 0.771500 ms MarkObjects: 4.057400 ms  DeleteObjects: 2.139600 ms)

========================================================================
Received Prepare
AcceleratorClientConnectionCallback - disconnected - :0
Unloading 22 Unused Serialized files (Serialized files now loaded: 0)
Unloading 22 unused Assets / (2.6 MB). Loaded Objects now: 7592.
Memory consumption went from 324.3 MB to 321.7 MB.
Total: 6.463000 ms (FindLiveObjects: 0.419400 ms CreateObjectMapping: 0.246700 ms MarkObjects: 5.359600 ms  DeleteObjects: 0.435900 ms)

Prepare: number of updated asset objects reloaded= 0
========================================================================
Received Prepare
AcceleratorClientConnectionCallback - disconnected - :0
Unloading 22 Unused Serialized files (Serialized files now loaded: 0)
Unloading 22 unused Assets / (2.6 MB). Loaded Objects now: 7592.
Memory consumption went from 326.3 MB to 323.6 MB.
Total: 6.705700 ms (FindLiveObjects: 0.463900 ms CreateObjectMapping: 0.327600 ms MarkObjects: 5.591500 ms  DeleteObjects: 0.321300 ms)

Prepare: number of updated asset objects reloaded= 0
========================================================================
Received Prepare
AcceleratorClientConnectionCallback - disconnected - :0
Unloading 22 Unused Serialized files (Serialized files now loaded: 0)
Unloading 22 unused Assets / (2.6 MB). Loaded Objects now: 7592.
Memory consumption went from 328.2 MB to 325.6 MB.
Total: 6.408700 ms (FindLiveObjects: 0.407900 ms CreateObjectMapping: 0.263500 ms MarkObjects: 5.384100 ms  DeleteObjects: 0.352100 ms)

Prepare: number of updated asset objects reloaded= 0
========================================================================
Received Import Request.
  Time of request: 2026-09-29T04:33:30.9039125Z
  Time since last request: 438666.5010199000244 seconds.
  importAddress: GUID: ceeb5f98f31963f49b9255ef19a3c730 - Path: Assets/Materials/meja.mat - Importer: ScriptedImporter/UnityEditor.QuickSearchModule:UnityEditor.Search:ASIAI0B
Importing 'GUID: ceeb5f98f31963f49b9255ef19a3c730 - Path: Assets/Materials/meja.mat - Importer: ScriptedImporter/UnityEditor.QuickSearchModule:UnityEditor.Search:ASIAI0B' with importer (ScriptedImporter : UnityEditor.QuickSearchModule:UnityEditor.Search:ASIAI0B)
Imported 'GUID: ceeb5f98f31963f49b9255ef19a3c730' -> (Import Result ID: 'c433b39ce25c368b4913d0eaebf01c7e') in 0.085 seconds [static and dynamic dependencies]. Details - ImportResultOutputID=cf8c019feb85e1d80b4be2ae6084119c DependenciesID=bbf817b169a22f08d0ea8c6e85d643c8 StaticDependenciesID=82a8940ecc4a066810fd04c92eb920be 
Number of updated asset objects reloaded before import = 0
Number of asset objects unloaded after import = 2
========================================================================
Received Prepare
AcceleratorClientConnectionCallback - disconnected - :0
Unloading 22 Unused Serialized files (Serialized files now loaded: 0)
Unloading 22 unused Assets / (2.6 MB). Loaded Objects now: 7594.
Memory consumption went from 332.4 MB to 329.8 MB.
Total: 7.091400 ms (FindLiveObjects: 0.445200 ms CreateObjectMapping: 0.245400 ms MarkObjects: 5.722500 ms  DeleteObjects: 0.677400 ms)

Prepare: number of updated asset objects reloaded= 0
========================================================================
Received Import Request.
  Time of request: 2026-09-29T04:33:59.0662753Z
  Time since last request: 28.0660224 seconds.
  importAddress: GUID: 5d0b770a596e24d488a376aed0de671d - Path: Assets/Materials/dinding.mat - Importer: ScriptedImporter/UnityEditor.QuickSearchModule:UnityEditor.Search:ASIAI0B
Importing 'GUID: 5d0b770a596e24d488a376aed0de671d - Path: Assets/Materials/dinding.mat - Importer: ScriptedImporter/UnityEditor.QuickSearchModule:UnityEditor.Search:ASIAI0B' with importer (ScriptedImporter : UnityEditor.QuickSearchModule:UnityEditor.Search:ASIAI0B)
Imported 'GUID: 5d0b770a596e24d488a376aed0de671d' -> (Import Result ID: '2cf8b34f56bcbe82bb795ba878b6536d') in 0.007 seconds [static and dynamic dependencies]. Details - ImportResultOutputID=515cae1f071fe2ed8f0f41b2499f141d DependenciesID=f5c71f764014aa50942c061b7d4a8da7 StaticDependenciesID=f1f99c4929212e7188f3c5793d832073 
Number of updated asset objects reloaded before import = 0
Number of asset objects unloaded after import = 2
========================================================================
Received Prepare
AcceleratorClientConnectionCallback - disconnected - :0
Unloading 22 Unused Serialized files (Serialized files now loaded: 0)
Unloading 22 unused Assets / (2.6 MB). Loaded Objects now: 7594.
Memory consumption went from 328.6 MB to 325.9 MB.
Total: 5.396500 ms (FindLiveObjects: 0.484100 ms CreateObjectMapping: 0.318200 ms MarkObjects: 4.243700 ms  DeleteObjects: 0.349700 ms)

Prepare: number of updated asset objects reloaded= 0
========================================================================
Received Import Request.
  Time of request: 2026-09-29T04:34:40.5009526Z
  Time since last request: 41.4192735 seconds.
  importAddress: GUID: ff4b25fed1161e547ab4460af3e9bf5e - Path: Assets/Materials/lantai.mat - Importer: ScriptedImporter/UnityEditor.QuickSearchModule:UnityEditor.Search:ASIAI0B
Importing 'GUID: ff4b25fed1161e547ab4460af3e9bf5e - Path: Assets/Materials/lantai.mat - Importer: ScriptedImporter/UnityEditor.QuickSearchModule:UnityEditor.Search:ASIAI0B' with importer (ScriptedImporter : UnityEditor.QuickSearchModule:UnityEditor.Search:ASIAI0B)
Imported 'GUID: ff4b25fed1161e547ab4460af3e9bf5e' -> (Import Result ID: '869483324abd5265230a1d96efeee2c5') in 0.004 seconds [static and dynamic dependencies]. Details - ImportResultOutputID=717d40cb17f382cf03c3561934305a91 DependenciesID=8165ec5064d2f74467f97102a09c88b4 StaticDependenciesID=fd316f905a1f6725e1c3c43784c95a77 
Number of updated asset objects reloaded before import = 0
Number of asset objects unloaded after import = 2
========================================================================
Received Import Request.
  Time of request: 2026-09-29T04:35:37.6752583Z
  Time since last request: 57.1604485 seconds.
  importAddress: GUID: ae9c180b854937c4a98e863bd49207c1 - Path: Assets/Scenes/Pertemuan03_CameraAudio.unity - Importer: ScriptedImporter/UnityEditor.QuickSearchModule:UnityEditor.Search:ASIAI0B
Importing 'GUID: ae9c180b854937c4a98e863bd49207c1 - Path: Assets/Scenes/Pertemuan03_CameraAudio.unity - Importer: ScriptedImporter/UnityEditor.QuickSearchModule:UnityEditor.Search:ASIAI0B' with importer (ScriptedImporter : UnityEditor.QuickSearchModule:UnityEditor.Search:ASIAI0B)
Imported 'GUID: ae9c180b854937c4a98e863bd49207c1' -> (Import Result ID: '34f19e62b29d3de0ed5ad9b2a32a0614') in 0.004 seconds [static and dynamic dependencies]. Details - ImportResultOutputID=960735f0de6ba63d3ce2ce9c10458c75 DependenciesID=cbb79c1aa28eb0ebc5faf8be5b6ed019 StaticDependenciesID=42327c768ad710b04997b7ebd90f09c3 
Number of updated asset objects reloaded before import = 0
Number of asset objects unloaded after import = 1
========================================================================
Received Import Request.
  Time of request: 2026-09-29T04:35:46.4984907Z
  Time since last request: 8.811526 seconds.
  importAddress: GUID: 39144937a5efe954dac51acbbe54157e - Path: Packages/com.unity.shadergraph/GraphTemplates/Cross Pipeline/0_Decal Simple.shadergraph - Importer: PreviewImporter
Importing 'GUID: 39144937a5efe954dac51acbbe54157e - Path: Packages/com.unity.shadergraph/GraphTemplates/Cross Pipeline/0_Decal Simple.shadergraph - Importer: PreviewImporter' with importer (PreviewImporter)
Imported 'GUID: 39144937a5efe954dac51acbbe54157e' -> (Import Result ID: '6f488165fb298143c4b848c32f76035d') in 0.436 seconds [static and dynamic dependencies]. Details - ImportResultOutputID=fcb5eb1c635765ab92637f9f0fba8903 DependenciesID=4009b2ed5e34e68a9c2207bb43c4d9f1 StaticDependenciesID=0c4b67778e79e9b5ce5cb919be80139e 
Number of updated asset objects reloaded before import = 0
Number of asset objects unloaded after import = 3
========================================================================
Received Import Request.
  Time of request: 2026-09-29T04:35:46.9496211Z
  Time since last request: 0.0000713 seconds.
  importAddress: GUID: b28fa67a0ff82c5478f27368dc627683 - Path: Packages/com.unity.render-pipelines.core/Runtime/RenderPipelineResources/Mesh/SamplesFixture.fbx - Importer: PreviewImporter
Importing 'GUID: b28fa67a0ff82c5478f27368dc627683 - Path: Packages/com.unity.render-pipelines.core/Runtime/RenderPipelineResources/Mesh/SamplesFixture.fbx - Importer: PreviewImporter' with importer (PreviewImporter)
Imported 'GUID: b28fa67a0ff82c5478f27368dc627683' -> (Import Result ID: '0fb153549191aa682419eccda8a09930') in 0.390 seconds [static and dynamic dependencies]. Details - ImportResultOutputID=e28ed4df914987a2c43e526d85b52ea7 DependenciesID=c223cc4e6e6d715ee51654449f7bbdb0 StaticDependenciesID=df558ee73b1b53fbb36c6f76c0b0f0f7 
Number of updated asset objects reloaded before import = 0
Number of asset objects unloaded after import = 10
========================================================================
Received Import Request.
  Time of request: 2026-09-29T04:35:47.3529321Z
  Time since last request: 0.0000442 seconds.
  importAddress: GUID: 92f845725428c954b878da352f657fe5 - Path: Packages/com.unity.render-pipelines.universal/Editor/SceneTemplates/Materials/Emissive.mat - Importer: PreviewImporter
Importing 'GUID: 92f845725428c954b878da352f657fe5 - Path: Packages/com.unity.render-pipelines.universal/Editor/SceneTemplates/Materials/Emissive.mat - Importer: PreviewImporter' with importer (PreviewImporter)
Imported 'GUID: 92f845725428c954b878da352f657fe5' -> (Import Result ID: '88d93e72ebfd731a1d1dfdf608ad5d46') in 2.946 seconds [static and dynamic dependencies]. Details - ImportResultOutputID=67225f8d348821b3259013da2e6788df DependenciesID=3a567bd24c46ef8b2f303597d797a2c2 StaticDependenciesID=1b5943f361891d8726d24ecc7a64c55e 
Number of updated asset objects reloaded before import = 0
Number of asset objects unloaded after import = 2
========================================================================
Received Import Request.
  Time of request: 2026-09-29T04:35:50.3100472Z
  Time since last request: 0.0008917 seconds.
  importAddress: GUID: fb6390f650ca44a5ba3246d8dda47927 - Path: Packages/com.unity.render-pipelines.universal/Shaders/FullscreenInvertColors.shadergraph - Importer: PreviewImporter
Importing 'GUID: fb6390f650ca44a5ba3246d8dda47927 - Path: Packages/com.unity.render-pipelines.universal/Shaders/FullscreenInvertColors.shadergraph - Importer: PreviewImporter' with importer (PreviewImporter)
Imported 'GUID: fb6390f650ca44a5ba3246d8dda47927' -> (Import Result ID: '9005d1c458fbc2fa295ab7da60da865f') in 0.187 seconds [static and dynamic dependencies]. Details - ImportResultOutputID=47025a0e1f444271b2a8fc31ab0db129 DependenciesID=98a298d4a43d7b7a3061a3fa9f9af61e StaticDependenciesID=deaf2c2f06e2e5a5bf7a07cb63e50564 
Number of updated asset objects reloaded before import = 0
Number of asset objects unloaded after import = 2
========================================================================
Received Import Request.
  Time of request: 2026-09-29T04:35:50.5083089Z
  Time since last request: 0.0004703 seconds.
  importAddress: GUID: b2ea3b3f1765e544b9eb5bd1a93a91ce - Path: Packages/com.unity.searcher/Editor/Resources/FlatSkin/Font/Roboto-ThinItalic.ttf - Importer: PreviewImporter
Importing 'GUID: b2ea3b3f1765e544b9eb5bd1a93a91ce - Path: Packages/com.unity.searcher/Editor/Resources/FlatSkin/Font/Roboto-ThinItalic.ttf - Importer: PreviewImporter' with importer (PreviewImporter)
Imported 'GUID: b2ea3b3f1765e544b9eb5bd1a93a91ce' -> (Import Result ID: '99805d915cfa94cc1049d069e97c4db8') in 0.070 seconds [static and dynamic dependencies]. Details - ImportResultOutputID=22cac67e4b13489eb351f59da76a1027 DependenciesID=9ce11191ab3036fefd90a3ff477df435 StaticDependenciesID=5cec895830a042bf104e4333d85d7b76 
Number of updated asset objects reloaded before import = 0
Number of asset objects unloaded after import = 4
========================================================================
Received Import Request.
  Time of request: 2026-09-29T04:35:50.5938038Z
  Time since last request: 0.0000612 seconds.
  importAddress: GUID: 7ef2cf71ad164fe479662ae612dff99e - Path: Packages/com.unity.shadergraph/GraphTemplates/Custom Render Texture.shadergraph - Importer: PreviewImporter
Importing 'GUID: 7ef2cf71ad164fe479662ae612dff99e - Path: Packages/com.unity.shadergraph/GraphTemplates/Custom Render Texture.shadergraph - Importer: PreviewImporter' with importer (PreviewImporter)
Imported 'GUID: 7ef2cf71ad164fe479662ae612dff99e' -> (Import Result ID: '4daa835ecc32a5b02d9c96aa2e4ef55a') in 0.073 seconds [static and dynamic dependencies]. Details - ImportResultOutputID=b1c33b1b49164258b5e89c3c6d544d7d DependenciesID=5786716deeb8a316fe168fdfffb135f8 StaticDependenciesID=720cb910c5cace62b252e39e3f990054 
Number of updated asset objects reloaded before import = 0
Number of asset objects unloaded after import = 2
========================================================================
Received Import Request.
  Time of request: 2026-09-29T04:35:50.6798391Z
  Time since last request: 0.0005124 seconds.
  importAddress: GUID: 2a29e27936eb547458f646f71125b264 - Path: Packages/com.unity.searcher/Editor/Resources/FlatSkin/Font/Roboto-Light.ttf - Importer: PreviewImporter
Importing 'GUID: 2a29e27936eb547458f646f71125b264 - Path: Packages/com.unity.searcher/Editor/Resources/FlatSkin/Font/Roboto-Light.ttf - Importer: PreviewImporter' with importer (PreviewImporter)
Imported 'GUID: 2a29e27936eb547458f646f71125b264' -> (Import Result ID: '5c6444a62f806439177c376cf9b11934') in 0.017 seconds [static and dynamic dependencies]. Details - ImportResultOutputID=9a9ab3fcb97b0e92f95a192ed5aacd85 DependenciesID=59de0bbec61f83cdce4064592fb1cef8 StaticDependenciesID=f2d609909bbae4a08a07a5341e539153 
Number of updated asset objects reloaded before import = 0
Number of asset objects unloaded after import = 4
========================================================================
Received Import Request.
  Time of request: 2026-09-29T04:35:50.7089392Z
  Time since last request: 0.0003609 seconds.
  importAddress: GUID: 9618d41bb71f74048bb6cace8785b93d - Path: Packages/com.unity.shadergraph/GraphTemplates/BuiltIn/BuiltIn Unlit Basic.shadergraph - Importer: PreviewImporter
Importing 'GUID: 9618d41bb71f74048bb6cace8785b93d - Path: Packages/com.unity.shadergraph/GraphTemplates/BuiltIn/BuiltIn Unlit Basic.shadergraph - Importer: PreviewImporter' with importer (PreviewImporter)
Imported 'GUID: 9618d41bb71f74048bb6cace8785b93d' -> (Import Result ID: '71a80e60ae9e90fd30f8b0011da725f5') in 0.017 seconds [static and dynamic dependencies]. Details - ImportResultOutputID=06a617998fa6317649800cf59c773487 DependenciesID=93f97052828ef77bbd45f90ec1a98b3b StaticDependenciesID=9bad6a1dead9f11f86e9c3280d6ef482 
Number of updated asset objects reloaded before import = 0
Number of asset objects unloaded after import = 2
========================================================================
Received Import Request.
  Time of request: 2026-09-29T04:35:50.7365579Z
  Time since last request: 0.0001972 seconds.
  importAddress: GUID: f95147a9bab9fe649b8070170fa7ebd2 - Path: Packages/com.unity.searcher/Editor/Resources/FlatSkin/Font/Roboto-BlackItalic.ttf - Importer: PreviewImporter
Importing 'GUID: f95147a9bab9fe649b8070170fa7ebd2 - Path: Packages/com.unity.searcher/Editor/Resources/FlatSkin/Font/Roboto-BlackItalic.ttf - Importer: PreviewImporter' with importer (PreviewImporter)
Imported 'GUID: f95147a9bab9fe649b8070170fa7ebd2' -> (Import Result ID: '04a6ad43dc60066f15933d5b3616b3f2') in 0.015 seconds [static and dynamic dependencies]. Details - ImportResultOutputID=fcf4615c4dca2223b4698228046c448a DependenciesID=1297068450a296ea3fc67ce81a44e75f StaticDependenciesID=f5f5cc4efb63d0686aab0127312eafef 
Number of updated asset objects reloaded before import = 0
Number of asset objects unloaded after import = 4
========================================================================
Received Import Request.
  Time of request: 2026-09-29T04:35:50.7594836Z
  Time since last request: 0.0003287 seconds.
  importAddress: GUID: 4f1ef37ae953c484bbc5d5e4049147e5 - Path: Packages/com.unity.render-pipelines.universal/Editor/SceneTemplates/Materials/Black.mat - Importer: PreviewImporter
Importing 'GUID: 4f1ef37ae953c484bbc5d5e4049147e5 - Path: Packages/com.unity.render-pipelines.universal/Editor/SceneTemplates/Materials/Black.mat - Importer: PreviewImporter' with importer (PreviewImporter)
Imported 'GUID: 4f1ef37ae953c484bbc5d5e4049147e5' -> (Import Result ID: 'b23a8fe21501529e8a7f92d49bd23b66') in 0.017 seconds [static and dynamic dependencies]. Details - ImportResultOutputID=2093c416a56f508af8366c9e5dc32aad DependenciesID=14af6792b6e0cb49053c3344685f48a2 StaticDependenciesID=25b85e5440946b1f9a920639b65daf86 
Number of updated asset objects reloaded before import = 0
Number of asset objects unloaded after import = 2
========================================================================
Received Import Request.
  Time of request: 2026-09-29T04:35:50.7864575Z
  Time since last request: 0.000405 seconds.
  importAddress: GUID: 2019d78ad3d1c5c4a8d309a857ca449f - Path: Packages/com.unity.shadergraph/GraphTemplates/BuiltIn/BuiltIn Lit Basic.shadergraph - Importer: PreviewImporter
Importing 'GUID: 2019d78ad3d1c5c4a8d309a857ca449f - Path: Packages/com.unity.shadergraph/GraphTemplates/BuiltIn/BuiltIn Lit Basic.shadergraph - Importer: PreviewImporter' with importer (PreviewImporter)
Imported 'GUID: 2019d78ad3d1c5c4a8d309a857ca449f' -> (Import Result ID: 'ac39dbd153df23c706161303a9cfaac7') in 0.018 seconds [static and dynamic dependencies]. Details - ImportResultOutputID=ac97c6fd84076c585db78f31de119cfd DependenciesID=7040cd2f689e4f0e889f8fd6e8e858e9 StaticDependenciesID=128e3dd34d4a0adf7ffe1d8cfde8fe0d 
Number of updated asset objects reloaded before import = 0
Number of asset objects unloaded after import = 3
========================================================================
Received Import Request.
  Time of request: 2026-09-29T04:35:50.8144076Z
  Time since last request: 0.0000343 seconds.
  importAddress: GUID: df41eefe8c13d444ca890dddbbc61f8d - Path: Packages/com.unity.render-pipelines.universal/Editor/ShaderGraph/GraphTemplates/Fullscreen Basic URP.shadergraph - Importer: PreviewImporter
Importing 'GUID: df41eefe8c13d444ca890dddbbc61f8d - Path: Packages/com.unity.render-pipelines.universal/Editor/ShaderGraph/GraphTemplates/Fullscreen Basic URP.shadergraph - Importer: PreviewImporter' with importer (PreviewImporter)
Imported 'GUID: df41eefe8c13d444ca890dddbbc61f8d' -> (Import Result ID: '16ab7643b9aceec05a36757ccb748a1d') in 0.150 seconds [static and dynamic dependencies]. Details - ImportResultOutputID=72ea03a40cfaf026eb50551bf87e76cf DependenciesID=7940816a0f34e04570b6f6fda8208be3 StaticDependenciesID=a887e5f458979472efb3ed7c3d1ab9d6 
Number of updated asset objects reloaded before import = 0
Number of asset objects unloaded after import = 2
========================================================================
Received Import Request.
  Time of request: 2026-09-29T04:35:50.9736625Z
  Time since last request: 0.0003595 seconds.
  importAddress: GUID: aee84ce0dab81b049bb88017d78a63cd - Path: Packages/com.unity.shadergraph/GraphTemplates/Cross Pipeline/1_Lit Full.shadergraph - Importer: PreviewImporter
Importing 'GUID: aee84ce0dab81b049bb88017d78a63cd - Path: Packages/com.unity.shadergraph/GraphTemplates/Cross Pipeline/1_Lit Full.shadergraph - Importer: PreviewImporter' with importer (PreviewImporter)
Imported 'GUID: aee84ce0dab81b049bb88017d78a63cd' -> (Import Result ID: '236c6d9ed69dbae6e15f04c0ee76639f') in 5.035 seconds [static and dynamic dependencies]. Details - ImportResultOutputID=f93ea9ad12f4285c2fd818f6a1b6ea05 DependenciesID=c4edad8141e5ce2e538a8c643a69cbe0 StaticDependenciesID=43de41eb82ca2a7ddbaf6e9e118faf08 
Number of updated asset objects reloaded before import = 0
Number of asset objects unloaded after import = 7
========================================================================
Received Import Request.
  Time of request: 2026-09-29T04:35:56.0174982Z
  Time since last request: 0.0000486 seconds.
  importAddress: GUID: bfad0aba0faa90547b68abd10bb6be86 - Path: Packages/com.unity.render-pipelines.universal/Editor/ShaderGraph/GraphTemplates/2D/2_2D Sprite Custom Lit.shadergraph - Importer: PreviewImporter
Importing 'GUID: bfad0aba0faa90547b68abd10bb6be86 - Path: Packages/com.unity.render-pipelines.universal/Editor/ShaderGraph/GraphTemplates/2D/2_2D Sprite Custom Lit.shadergraph - Importer: PreviewImporter' with importer (PreviewImporter)
Imported 'GUID: bfad0aba0faa90547b68abd10bb6be86' -> (Import Result ID: '5c2899a801d58464ee0173ad0a6b9add') in 0.237 seconds [static and dynamic dependencies]. Details - ImportResultOutputID=e6c8e50d0270912ebd74bfe783c07fc6 DependenciesID=06d645f30e59eb632751e5026b8b467b StaticDependenciesID=6c0f1b99ce326640b047e53242df973f 
Number of updated asset objects reloaded before import = 0
Number of asset objects unloaded after import = 2
========================================================================
Received Import Request.
  Time of request: 2026-09-29T04:35:56.2659723Z
  Time since last request: 0.0001999 seconds.
  importAddress: GUID: 5d0b770a596e24d488a376aed0de671d - Path: Assets/Materials/dinding.mat - Importer: PreviewImporter
Importing 'GUID: 5d0b770a596e24d488a376aed0de671d - Path: Assets/Materials/dinding.mat - Importer: PreviewImporter' with importer (PreviewImporter)
Imported 'GUID: 5d0b770a596e24d488a376aed0de671d' -> (Import Result ID: 'daba8f953f567e6d434383271dd2549c') in 0.025 seconds [static and dynamic dependencies]. Details - ImportResultOutputID=c65caf4e3264cfaac6507b1b95bf894b DependenciesID=e68633859d8750562000aea53d7f4625 StaticDependenciesID=2591363ebabbbdfe06aced90da9d615c 
Number of updated asset objects reloaded before import = 0
Number of asset objects unloaded after import = 2
========================================================================
Received Import Request.
  Time of request: 2026-09-29T04:35:56.3026641Z
  Time since last request: 0.0006666 seconds.
  importAddress: GUID: ff4b25fed1161e547ab4460af3e9bf5e - Path: Assets/Materials/lantai.mat - Importer: PreviewImporter
Importing 'GUID: ff4b25fed1161e547ab4460af3e9bf5e - Path: Assets/Materials/lantai.mat - Importer: PreviewImporter' with importer (PreviewImporter)
Imported 'GUID: ff4b25fed1161e547ab4460af3e9bf5e' -> (Import Result ID: '8f1326ea5e1aef25f01a6e4116e1bd19') in 0.019 seconds [static and dynamic dependencies]. Details - ImportResultOutputID=480585fc6609cfd71f372da6e308e47f DependenciesID=a6c92b389b4c27b6f4249ae5450e32d2 StaticDependenciesID=11c7a0e2a8796909a7415b7f093b8f53 
Number of updated asset objects reloaded before import = 0
Number of asset objects unloaded after import = 2
========================================================================
Received Import Request.
  Time of request: 2026-09-29T04:35:56.3327765Z
  Time since last request: 0.0007436 seconds.
  importAddress: GUID: a4916aecd0c895e448c1fa6b0995074b - Path: Assets/Materials/kursi.mat - Importer: PreviewImporter
Importing 'GUID: a4916aecd0c895e448c1fa6b0995074b - Path: Assets/Materials/kursi.mat - Importer: PreviewImporter' with importer (PreviewImporter)
Imported 'GUID: a4916aecd0c895e448c1fa6b0995074b' -> (Import Result ID: '8329d73793028f60d441210c655419c5') in 0.022 seconds [static and dynamic dependencies]. Details - ImportResultOutputID=bedbf0704e60049ba257c75fb033b0d4 DependenciesID=e6ca09bd3d31154d237f42b798607db2 StaticDependenciesID=85214b7bc50c9790b7674878b5ee639b 
Number of updated asset objects reloaded before import = 0
Number of asset objects unloaded after import = 2
========================================================================
Received Import Request.
  Time of request: 2026-09-29T04:35:56.3687218Z
  Time since last request: 0.0005874 seconds.
  importAddress: GUID: 31321ba15b8f8eb4c954353edc038b1d - Path: Packages/com.unity.render-pipelines.universal/Runtime/Materials/Lit.mat - Importer: PreviewImporter
Importing 'GUID: 31321ba15b8f8eb4c954353edc038b1d - Path: Packages/com.unity.render-pipelines.universal/Runtime/Materials/Lit.mat - Importer: PreviewImporter' with importer (PreviewImporter)
Imported 'GUID: 31321ba15b8f8eb4c954353edc038b1d' -> (Import Result ID: '57aced4ee7dcf6c9a238cab7160f3e2b') in 0.020 seconds [static and dynamic dependencies]. Details - ImportResultOutputID=3c95562a5e4dcf91366e97e1a3bc27ab DependenciesID=7d0cdd5629e017c88eff0632249e5a9a StaticDependenciesID=5ccb2ec2457611b62e2075dcf761fbe6 
Number of updated asset objects reloaded before import = 0
Number of asset objects unloaded after import = 1
========================================================================
Received Import Request.
  Time of request: 2026-09-29T04:35:56.4020564Z
  Time since last request: 0.0005143 seconds.
  importAddress: GUID: 761d8e1f988ed2345a28312145c79c6e - Path: Packages/com.unity.render-pipelines.universal/Editor/SceneTemplates/Materials/Ground.mat - Importer: PreviewImporter
Importing 'GUID: 761d8e1f988ed2345a28312145c79c6e - Path: Packages/com.unity.render-pipelines.universal/Editor/SceneTemplates/Materials/Ground.mat - Importer: PreviewImporter' with importer (PreviewImporter)
Imported 'GUID: 761d8e1f988ed2345a28312145c79c6e' -> (Import Result ID: '17cb3bc30eb713e164eccb129b9214f2') in 0.017 seconds [static and dynamic dependencies]. Details - ImportResultOutputID=69aa0165fce5a3c0b56da7ad402bc4a1 DependenciesID=694d947fb63f0490c4bff21e15a1cfbb StaticDependenciesID=f3db3156dc125a5ed791f217b57a01f6 
Number of updated asset objects reloaded before import = 0
Number of asset objects unloaded after import = 2
========================================================================
Received Import Request.
  Time of request: 2026-09-29T04:35:56.4341295Z
  Time since last request: 0.0006116 seconds.
  importAddress: GUID: 78a08787ca30045abb69f6f7dd878e09 - Path: Packages/com.unity.render-pipelines.universal/Runtime/Materials/FullscreenInvertColors.mat - Importer: PreviewImporter
Importing 'GUID: 78a08787ca30045abb69f6f7dd878e09 - Path: Packages/com.unity.render-pipelines.universal/Runtime/Materials/FullscreenInvertColors.mat - Importer: PreviewImporter' with importer (PreviewImporter)
Imported 'GUID: 78a08787ca30045abb69f6f7dd878e09' -> (Import Result ID: '7af67a48e2d301b8f664e850dde010c8') in 0.022 seconds [static and dynamic dependencies]. Details - ImportResultOutputID=f02a4aa41dad1a8082cd53b0ef7aa323 DependenciesID=89d1c927e9e89980b0998906ff869d5f StaticDependenciesID=fa747e4db9d9317228f7c9691d950551 
Number of updated asset objects reloaded before import = 0
Number of asset objects unloaded after import = 2
========================================================================
Received Import Request.
  Time of request: 2026-09-29T04:35:56.4684057Z
  Time since last request: 0.0002993 seconds.
  importAddress: GUID: 9452ae1262a74094f8a68013fbcd1834 - Path: Packages/com.unity.render-pipelines.universal/Runtime/Materials/Mesh2D-Lit-Default.mat - Importer: PreviewImporter
Importing 'GUID: 9452ae1262a74094f8a68013fbcd1834 - Path: Packages/com.unity.render-pipelines.universal/Runtime/Materials/Mesh2D-Lit-Default.mat - Importer: PreviewImporter' with importer (PreviewImporter)
Imported 'GUID: 9452ae1262a74094f8a68013fbcd1834' -> (Import Result ID: '8d1ac839c0e6e3bd425873c6c3ec2197') in 0.027 seconds [static and dynamic dependencies]. Details - ImportResultOutputID=0280410b1460aeaff0e3e49c654e6b65 DependenciesID=195fb81c8a56c93d097e6bc836806e4a StaticDependenciesID=2509a72c17aa09a211cd1cdab1237819 
Number of updated asset objects reloaded before import = 0
Number of asset objects unloaded after import = 0
========================================================================
Received Import Request.
  Time of request: 2026-09-29T04:35:56.507392Z
  Time since last request: 0.000637 seconds.
  importAddress: GUID: 44245ab89240f51459a5077d7145c452 - Path: Packages/com.unity.render-pipelines.universal/Runtime/Materials/PhysicalMaterial3DsMax/PhysicalMaterial3DsMax.shadergraph - Importer: PreviewImporter
Importing 'GUID: 44245ab89240f51459a5077d7145c452 - Path: Packages/com.unity.render-pipelines.universal/Runtime/Materials/PhysicalMaterial3DsMax/PhysicalMaterial3DsMax.shadergraph - Importer: PreviewImporter' with importer (PreviewImporter)
Imported 'GUID: 44245ab89240f51459a5077d7145c452' -> (Import Result ID: '553b3e143e29808c16218e95dbc9f603') in 5.193 seconds [static and dynamic dependencies]. Details - ImportResultOutputID=3f55af58d73055a90257421e127dcaf8 DependenciesID=d1bc9e1c5451958c24f3b4aad1a39c9f StaticDependenciesID=fe41f514465af2fba43c378ecdf8fd9f 
Number of updated asset objects reloaded before import = 0
Number of asset objects unloaded after import = 6
Editor requested this worker to shutdown with reason: Editor is closing down
AcceleratorClientConnectionCallback - disconnected - :0
AssetImportWorker is now disconnected from the server
Process exiting
Exiting without the bug reporter. Application will terminate with return code 0