[Licensing::Module] Trying to connect to existing licensing client channel...
Built from '6000.5/staging' branch; Version is '6000.5.10f1 (3bd4f66ad299) revision 3921142'; Using compiler version '194234433'; Build Type 'Release'
[Licensing::IpcConnector] Successfully connected to: "LicenseClient-USER" at "2026-09-29T04:01:18.2132586Z"
OS: 'Windows 11  (10.0.26200) Core' Language: 'en' Physical Memory: 16094 MB
BatchMode: 0, IsHumanControllingUs: 1, StartBugReporterOnCrash: 1, Is64bit: 1
System  architecture: x64
Process architecture: x64
Date: 2026-09-29T04:01:18Z

COMMAND LINE ARGUMENTS:
C:\Program Files\Unity\Hub\Editor\6000.5.10f1\Editor\Unity.exe
-projectpath
D:\3E\AR\AR_AWA AIMASUGIRA_2924021\AR_AWA AIMASUGIRA_2924021
-acceptSoftwareTermsForThisRunOnly
-useHub
-hubIPC
-cloudEnvironment
production
-licensingIpc
LicenseClient-USER
-hubSessionId
e9c3cfb5-0c62-4bb0-9c4c-3aeefb16e132
-accessToken
3qc_wgKOfYYw7hIissXi0KybOXr_ThwcnpvJomDLFYE011f
Successfully changed project path to: D:\3E\AR\AR_AWA AIMASUGIRA_2924021\AR_AWA AIMASUGIRA_2924021
D:/3E/AR/AR_AWA AIMASUGIRA_2924021/AR_AWA AIMASUGIRA_2924021
[UnityMemory] Configuration Parameters - Can be set up in boot.config
    "memorysetup-temp-allocator-size-gi-baking-worker=262144"
    "memorysetup-temp-allocator-size-gi-baking-worker=262144"
    "memorysetup-temp-allocator-size-gi-baking-worker=262144"
    "memorysetup-temp-allocator-size-gi-baking-worker=262144"
    "memorysetup-temp-allocator-size-gi-baking-worker=262144"
    "memorysetup-temp-allocator-size-nav-mesh-worker=65536"
    "memorysetup-temp-allocator-size-audio-worker=65536"
    "memorysetup-temp-allocator-size-cloud-worker=32768"
    "memorysetup-temp-allocator-size-gfx=262144"
    "memorysetup-remapper-allocator-initial-capacity=32768"
    "memorysetup-temp-allocator-size-preload-manager=33554432"
    "memorysetup-allocator-temp-initial-block-size-main=262144"
    "memorysetup-allocator-temp-initial-block-size-worker=262144"
    "memorysetup-temp-allocator-size-job-worker=262144"
    "memorysetup-temp-allocator-size-background-worker=32768"
    "memorysetup-bucket-allocator-granularity=16"
    "memorysetup-bucket-allocator-bucket-count=8"
    "memorysetup-bucket-allocator-block-size=33554432"
    "memorysetup-bucket-allocator-block-count=8"
    "memorysetup-main-allocator-block-size=16777216"
    "memorysetup-thread-allocator-block-size=16777216"
    "memorysetup-main-allocator-mimalloc-enabled=0"
    "memorysetup-gfx-main-allocator-block-size=16777216"
    "memorysetup-gfx-thread-allocator-block-size=16777216"
    "memorysetup-cache-allocator-block-size=4194304"
    "memorysetup-typetree-allocator-block-size=2097152"
    "memorysetup-profiler-bucket-allocator-granularity=16"
    "memorysetup-profiler-bucket-allocator-bucket-count=8"
    "memorysetup-profiler-bucket-allocator-block-size=33554432"
    "memorysetup-profiler-bucket-allocator-block-count=8"
    "memorysetup-profiler-allocator-block-size=16777216"
    "memorysetup-profiler-editor-allocator-block-size=1048576"
    "memorysetup-temp-allocator-size-main=16777216"
    "memorysetup-job-temp-allocator-block-size=2097152"
    "memorysetup-job-temp-allocator-block-size-background=1048576"
    "memorysetup-job-temp-allocator-reduction-small-platforms=262144"
Player connection [7392]  Target information:

Player connection [7392]  * "[IP] 192.168.15.229 [Port] 55504 [Flags] 2 [Guid] 3569326162 [EditorId] 3569326162 [Version] 1048832 [Id] WindowsEditor(7,3E-31) [Debug] 1 [PackageName] WindowsEditor [ProjectName] Editor" 

Player connection [7392]  * "[IP] 192.168.56.1 [Port] 55504 [Flags] 2 [Guid] 3569326162 [EditorId] 3569326162 [Version] 1048832 [Id] WindowsEditor(7,3E-31) [Debug] 1 [PackageName] WindowsEditor [ProjectName] Editor" 

Player connection [7392]  * "[IP] 192.168.137.1 [Port] 55504 [Flags] 2 [Guid] 3569326162 [EditorId] 3569326162 [Version] 1048832 [Id] WindowsEditor(7,3E-31) [Debug] 1 [PackageName] WindowsEditor [ProjectName] Editor" 

Player connection [7392] Host joined multi-casting on [225.0.0.222:54997]...
Player connection [7392] Host joined alternative multi-casting on [225.0.0.222:34997]...
Input System module state changed to: Initialized.
[Physics::Module] Initialized fallback backend.
[Physics::Module] Id: 0xdecafbad
[Package Manager] Connected to IPC stream "Upm-9508" after 0.2 seconds.
[Licensing::Module] Licensing is not yet initialized.
[Licensing::Client] Error: HandshakeResponse reported an error:
	ResponseCode: 505
	ResponseStatus: Unsupported protocol version '1.18.3'.
[Licensing::Module] Error: Failed to handshake to channel: "LicenseClient-USER"
[Licensing::IpcConnector] LicenseClient-USER channel disconnected successfully.
[Licensing::IpcConnector] Channel LicenseClient-USER-6000.5.10 doesn't exist
[Licensing::Module] Successfully launched the LicensingClient (PId: 24880)
Starting IPC server.
Waiting for clients to connect on \\.\pipe\Unity-LicenseClient-USER-6000.5.10, press Ctrl-C to exit.
[Licensing::IpcConnector] Successfully connected to: "LicenseClient-USER-6000.5.10" at "2026-09-29T04:01:20.0509014Z"
[Licensing::Client] Code 10 while verifying Licensing Client signature (process Id: 24880, path: "C:/Program Files/Unity/Hub/Editor/6000.5.10f1/Editor/Data/Resources/Licensing/Client/Unity.Licensing.Client.exe")
[Licensing::Module] LicensingClient has failed validation; ignoring
[Licensing::Client] Handshaking with LicensingClient:
  Version:                 1.18.3+d7ffd15
  Session Id:              25898abaaa3e476d8c0ee0d6eabb9d2c
  Correlation Id:          d23f7d8d038afd1db8c82b5b442b3244
  External correlation Id: 5419259449827070182
  Machine Id:              4rxjb46ZCq5ciWOjnZtDxuJ/3pc=
[Licensing::Module] Successfully connected to LicensingClient on channel: "LicenseClient-USER-6000.5.10" (connect: 0.24s, validation: 0.06s, handshake: 0.01s)
[Licensing::IpcConnector] Successfully connected to: "LicenseClient-USER-6000.5.10-notifications" at "2026-09-29T04:01:20.1191877Z"
[Licensing::Module] Connected to LicensingClient (PId: 24880, launch time: 0.00, total connection time: 0.31s)
[Licensing::Client] Successfully updated the access token
[Licensing::Module] Successfully updated the access token 3qc_wgKOfY...
[Licensing::Client] Successfully resolved entitlement details
[Licensing::Module] License group:
  Id: 18968491519255-UnityPersXXXX
  Product: Unity Personal
  Type: Assigned
  Expiration: Unlimited
[Licensing::Client] Successfully updated license, isAsync: True, time: 0.01
[Licensing::Client] Successfully resolved entitlement details
[Licensing::Module] Licensing Background thread has ended after 1.94s
[Licensing::Module] Licensing is initialized (took 1.61s).
[Licensing::Client] Successfully resolved entitlement details
Library Redirect Path: Library/
[Physics::Module] Selected backend.
[Physics::Module] Name: PhysX
[Physics::Module] Id: 0xf2b8ea05
[Physics::Module] SDK Version: 4.1.2
[Physics::Module] Integration Version: 1.0.0
[Physics::Module] Threading Mode: Multi-Threaded
Initialize engine version: 6000.5.10f1 (3bd4f66ad299)
[Subsystems] Discovering subsystems at path C:/Program Files/Unity/Hub/Editor/6000.5.10f1/Editor/Data/Resources/UnitySubsystems
[Subsystems] Discovering subsystems at path D:/3E/AR/AR_AWA AIMASUGIRA_2924021/AR_AWA AIMASUGIRA_2924021/Assets
[D3D12 Device Filter] Vendor Name: NVIDIA
[D3D12 Device Filter] Device Name: NVIDIA GeForce RTX 3050
[D3D12 Device Filter] Driver Version: 32.0.15.9186
[D3D12 Device Filter] Feature Level: 12.2
[D3D12 Device Filter] Graphics Memory: 8041 MB
[D3D12 Device Filter] Processor Count: 20
[D3D12 Device Filter] Device Type: Discrete
GfxDevice: creating device client; kGfxThreadingModeSplitJobs
d3d12: failed to query info queue interface (0x80004002).
Direct3D:
    Version:         Direct3D 12 [level 12.2]
    Renderer:        NVIDIA GeForce RTX 3050 (ID=0x2582)
    Vendor:          NVIDIA
    VRAM:            8041 MB
    App VRAM Budget: 7273 MB
    Driver:          32.0.15.9186
Initialize mono
Mono path[0] = 'C:/Program Files/Unity/Hub/Editor/6000.5.10f1/Editor/Data/Managed'
Mono path[1] = 'C:/Program Files/Unity/Hub/Editor/6000.5.10f1/Editor/Data/BCLExtensions/runtime/netstandard2.1'
Mono path[2] = 'C:/Program Files/Unity/Hub/Editor/6000.5.10f1/Editor/Data/MonoBleedingEdge/lib/mono/unityjit-win32'
Mono config path = 'C:/Program Files/Unity/Hub/Editor/6000.5.10f1/Editor/Data/MonoBleedingEdge/etc'
Using monoOptions --debugger-agent=transport=dt_socket,embedding=1,server=y,suspend=n,address=127.0.0.1:56508
CodeReloadManager initialized
ImportWorker Server TCP listen port: 0
AcceleratorClientConnectionCallback - disconnected - :0
Begin MonoManager ReloadAssembly
Registering precompiled unity dll's ...
Register platform support module: C:/Program Files/Unity/Hub/Editor/6000.5.10f1/Editor/Data/PlaybackEngines/WindowsStandaloneSupport/UnityEditor.WindowsStandalone.Extensions.dll
[Licensing::Client] Successfully resolved entitlement details
Register platform support module: C:/Program Files/Unity/Hub/Editor/6000.5.10f1/Editor/Data/PlaybackEngines/AndroidPlayer/UnityEditor.Android.Extensions.dll
Registered in 0.002923 seconds.
Native extension for Android target not found
Native extension for WindowsStandalone target not found
Package Manager log level set to [2]
ScheduleIndexationOnStartup MainProcess:False IndexOnStartup:True
Mono: successfully reloaded assembly
- Finished resetting the current domain, in  0.425 seconds
Domain Reload Profiling: 850ms
	BeginReloadAssembly (115ms)
		CreateAndSetChildDomain (13ms)
	RebuildCommonClasses (4ms)
	RebuildNativeTypeToScriptingClass (13ms)
	initialDomainReloadingComplete (52ms)
	LoadAllAssembliesAndSetupDomain (241ms)
		LoadAssemblies (101ms)
		AnalyzeDomain (171ms)
			TypeCache.Refresh (170ms)
				TypeCache.ScanAssembly (157ms)
	FinalizeReload (426ms)
		SetupLoadedEditorAssemblies (0ms)
			InitializePlatformSupportModulesInManaged (51ms)
			BeforeProcessingInitializeOnLoad (73ms)
			ProcessInitializeOnLoadAttributes (82ms)
			ProcessInitializeOnLoadMethodAttributes (165ms)
[Licensing::Client] Successfully resolved entitlement details
Application.AssetDatabase Initial Refresh Start
[Package Manager] Restoring resolved packages state from cache
[Licensing::Client] Successfully resolved entitlement details
[Package Manager] Registered 57 packages:
  Packages from [https://packages.unity.com]:
    com.unity.ai.navigation@2.0.14 (location: D:\3E\AR\AR_AWA AIMASUGIRA_2924021\AR_AWA AIMASUGIRA_2924021\Library\PackageCache\com.unity.ai.navigation@134dd6a3b97b)
    com.unity.collab-proxy@2.13.6 (location: D:\3E\AR\AR_AWA AIMASUGIRA_2924021\AR_AWA AIMASUGIRA_2924021\Library\PackageCache\com.unity.collab-proxy@4628d2ba6ea4)
    com.unity.ide.rider@3.0.38 (location: D:\3E\AR\AR_AWA AIMASUGIRA_2924021\AR_AWA AIMASUGIRA_2924021\Library\PackageCache\com.unity.ide.rider@1f60b3138684)
    com.unity.ide.visualstudio@2.0.26 (location: D:\3E\AR\AR_AWA AIMASUGIRA_2924021\AR_AWA AIMASUGIRA_2924021\Library\PackageCache\com.unity.ide.visualstudio@a99d56dec63f)
    com.unity.inputsystem@1.20.0 (location: D:\3E\AR\AR_AWA AIMASUGIRA_2924021\AR_AWA AIMASUGIRA_2924021\Library\PackageCache\com.unity.inputsystem@7a4e1a2a8194)
    com.unity.timeline@1.8.13 (location: D:\3E\AR\AR_AWA AIMASUGIRA_2924021\AR_AWA AIMASUGIRA_2924021\Library\PackageCache\com.unity.timeline@3a22918286f5)
    com.unity.visualscripting@1.9.12 (location: D:\3E\AR\AR_AWA AIMASUGIRA_2924021\AR_AWA AIMASUGIRA_2924021\Library\PackageCache\com.unity.visualscripting@4edfcc09512f)
    com.unity.searcher@4.9.5 (location: D:\3E\AR\AR_AWA AIMASUGIRA_2924021\AR_AWA AIMASUGIRA_2924021\Library\PackageCache\com.unity.searcher@a463122f2c00)
    com.unity.burst@1.8.30 (location: D:\3E\AR\AR_AWA AIMASUGIRA_2924021\AR_AWA AIMASUGIRA_2924021\Library\PackageCache\com.unity.burst@2f3d916873ea)
    com.unity.nuget.mono-cecil@1.11.6 (location: D:\3E\AR\AR_AWA AIMASUGIRA_2924021\AR_AWA AIMASUGIRA_2924021\Library\PackageCache\com.unity.nuget.mono-cecil@ecb9724e46ff)
    com.unity.test-framework.performance@3.5.0 (location: D:\3E\AR\AR_AWA AIMASUGIRA_2924021\AR_AWA AIMASUGIRA_2924021\Library\PackageCache\com.unity.test-framework.performance@8b56083ec0f0)
  Built-in packages:
    com.unity.multiplayer.center@1.0.1 (location: D:\3E\AR\AR_AWA AIMASUGIRA_2924021\AR_AWA AIMASUGIRA_2924021\Library\PackageCache\com.unity.multiplayer.center@b860850997d0)
    com.unity.render-pipelines.universal@17.5.0 (location: D:\3E\AR\AR_AWA AIMASUGIRA_2924021\AR_AWA AIMASUGIRA_2924021\Library\PackageCache\com.unity.render-pipelines.universal@d7774c218bdf)
    com.unity.test-framework@1.7.0 (location: D:\3E\AR\AR_AWA AIMASUGIRA_2924021\AR_AWA AIMASUGIRA_2924021\Library\PackageCache\com.unity.test-framework@1405238725ab)
    com.unity.ugui@2.5.0 (location: D:\3E\AR\AR_AWA AIMASUGIRA_2924021\AR_AWA AIMASUGIRA_2924021\Library\PackageCache\com.unity.ugui@1c4864518158)
    com.unity.modules.accessibility@1.0.0 (location: D:\3E\AR\AR_AWA AIMASUGIRA_2924021\AR_AWA AIMASUGIRA_2924021\Library\PackageCache\com.unity.modules.accessibility)
    com.unity.modules.adaptiveperformance@1.0.0 (location: D:\3E\AR\AR_AWA AIMASUGIRA_2924021\AR_AWA AIMASUGIRA_2924021\Library\PackageCache\com.unity.modules.adaptiveperformance)
    com.unity.modules.ai@1.0.0 (location: D:\3E\AR\AR_AWA AIMASUGIRA_2924021\AR_AWA AIMASUGIRA_2924021\Library\PackageCache\com.unity.modules.ai)
    com.unity.modules.androidjni@1.0.0 (location: D:\3E\AR\AR_AWA AIMASUGIRA_2924021\AR_AWA AIMASUGIRA_2924021\Library\PackageCache\com.unity.modules.androidjni)
    com.unity.modules.animation@1.0.0 (location: D:\3E\AR\AR_AWA AIMASUGIRA_2924021\AR_AWA AIMASUGIRA_2924021\Library\PackageCache\com.unity.modules.animation)
    com.unity.modules.assetbundle@1.0.0 (location: D:\3E\AR\AR_AWA AIMASUGIRA_2924021\AR_AWA AIMASUGIRA_2924021\Library\PackageCache\com.unity.modules.assetbundle)
    com.unity.modules.audio@1.0.0 (location: D:\3E\AR\AR_AWA AIMASUGIRA_2924021\AR_AWA AIMASUGIRA_2924021\Library\PackageCache\com.unity.modules.audio)
    com.unity.modules.cloth@1.0.0 (location: D:\3E\AR\AR_AWA AIMASUGIRA_2924021\AR_AWA AIMASUGIRA_2924021\Library\PackageCache\com.unity.modules.cloth)
    com.unity.modules.director@1.0.0 (location: D:\3E\AR\AR_AWA AIMASUGIRA_2924021\AR_AWA AIMASUGIRA_2924021\Library\PackageCache\com.unity.modules.director)
    com.unity.modules.imageconversion@1.0.0 (location: D:\3E\AR\AR_AWA AIMASUGIRA_2924021\AR_AWA AIMASUGIRA_2924021\Library\PackageCache\com.unity.modules.imageconversion)
    com.unity.modules.imgui@1.0.0 (location: D:\3E\AR\AR_AWA AIMASUGIRA_2924021\AR_AWA AIMASUGIRA_2924021\Library\PackageCache\com.unity.modules.imgui)
    com.unity.modules.jsonserialize@1.0.0 (location: D:\3E\AR\AR_AWA AIMASUGIRA_2924021\AR_AWA AIMASUGIRA_2924021\Library\PackageCache\com.unity.modules.jsonserialize)
    com.unity.modules.particlesystem@1.0.0 (location: D:\3E\AR\AR_AWA AIMASUGIRA_2924021\AR_AWA AIMASUGIRA_2924021\Library\PackageCache\com.unity.modules.particlesystem)
    com.unity.modules.physics@1.0.0 (location: D:\3E\AR\AR_AWA AIMASUGIRA_2924021\AR_AWA AIMASUGIRA_2924021\Library\PackageCache\com.unity.modules.physics)
    com.unity.modules.physics2d@1.0.0 (location: D:\3E\AR\AR_AWA AIMASUGIRA_2924021\AR_AWA AIMASUGIRA_2924021\Library\PackageCache\com.unity.modules.physics2d)
    com.unity.modules.physicscore2d@1.0.0 (location: D:\3E\AR\AR_AWA AIMASUGIRA_2924021\AR_AWA AIMASUGIRA_2924021\Library\PackageCache\com.unity.modules.physicscore2d)
    com.unity.modules.screencapture@1.0.0 (location: D:\3E\AR\AR_AWA AIMASUGIRA_2924021\AR_AWA AIMASUGIRA_2924021\Library\PackageCache\com.unity.modules.screencapture)
    com.unity.modules.terrain@1.0.0 (location: D:\3E\AR\AR_AWA AIMASUGIRA_2924021\AR_AWA AIMASUGIRA_2924021\Library\PackageCache\com.unity.modules.terrain)
    com.unity.modules.terrainphysics@1.0.0 (location: D:\3E\AR\AR_AWA AIMASUGIRA_2924021\AR_AWA AIMASUGIRA_2924021\Library\PackageCache\com.unity.modules.terrainphysics)
    com.unity.modules.tilemap@1.0.0 (location: D:\3E\AR\AR_AWA AIMASUGIRA_2924021\AR_AWA AIMASUGIRA_2924021\Library\PackageCache\com.unity.modules.tilemap)
    com.unity.modules.ui@1.0.0 (location: D:\3E\AR\AR_AWA AIMASUGIRA_2924021\AR_AWA AIMASUGIRA_2924021\Library\PackageCache\com.unity.modules.ui)
    com.unity.modules.uielements@1.0.0 (location: D:\3E\AR\AR_AWA AIMASUGIRA_2924021\AR_AWA AIMASUGIRA_2924021\Library\PackageCache\com.unity.modules.uielements)
    com.unity.modules.umbra@1.0.0 (location: D:\3E\AR\AR_AWA AIMASUGIRA_2924021\AR_AWA AIMASUGIRA_2924021\Library\PackageCache\com.unity.modules.umbra)
    com.unity.modules.unityanalytics@1.0.0 (location: D:\3E\AR\AR_AWA AIMASUGIRA_2924021\AR_AWA AIMASUGIRA_2924021\Library\PackageCache\com.unity.modules.unityanalytics)
    com.unity.modules.unitywebrequest@1.0.0 (location: D:\3E\AR\AR_AWA AIMASUGIRA_2924021\AR_AWA AIMASUGIRA_2924021\Library\PackageCache\com.unity.modules.unitywebrequest)
    com.unity.modules.unitywebrequestassetbundle@1.0.0 (location: D:\3E\AR\AR_AWA AIMASUGIRA_2924021\AR_AWA AIMASUGIRA_2924021\Library\PackageCache\com.unity.modules.unitywebrequestassetbundle)
    com.unity.modules.unitywebrequestaudio@1.0.0 (location: D:\3E\AR\AR_AWA AIMASUGIRA_2924021\AR_AWA AIMASUGIRA_2924021\Library\PackageCache\com.unity.modules.unitywebrequestaudio)
    com.unity.modules.unitywebrequesttexture@1.0.0 (location: D:\3E\AR\AR_AWA AIMASUGIRA_2924021\AR_AWA AIMASUGIRA_2924021\Library\PackageCache\com.unity.modules.unitywebrequesttexture)
    com.unity.modules.unitywebrequestwww@1.0.0 (location: D:\3E\AR\AR_AWA AIMASUGIRA_2924021\AR_AWA AIMASUGIRA_2924021\Library\PackageCache\com.unity.modules.unitywebrequestwww)
    com.unity.modules.vectorgraphics@1.0.0 (location: D:\3E\AR\AR_AWA AIMASUGIRA_2924021\AR_AWA AIMASUGIRA_2924021\Library\PackageCache\com.unity.modules.vectorgraphics)
    com.unity.modules.vehicles@1.0.0 (location: D:\3E\AR\AR_AWA AIMASUGIRA_2924021\AR_AWA AIMASUGIRA_2924021\Library\PackageCache\com.unity.modules.vehicles)
    com.unity.modules.video@1.0.0 (location: D:\3E\AR\AR_AWA AIMASUGIRA_2924021\AR_AWA AIMASUGIRA_2924021\Library\PackageCache\com.unity.modules.video)
    com.unity.modules.wind@1.0.0 (location: D:\3E\AR\AR_AWA AIMASUGIRA_2924021\AR_AWA AIMASUGIRA_2924021\Library\PackageCache\com.unity.modules.wind)
    com.unity.modules.xr@1.0.0 (location: D:\3E\AR\AR_AWA AIMASUGIRA_2924021\AR_AWA AIMASUGIRA_2924021\Library\PackageCache\com.unity.modules.xr)
    com.unity.modules.subsystems@1.0.0 (location: D:\3E\AR\AR_AWA AIMASUGIRA_2924021\AR_AWA AIMASUGIRA_2924021\Library\PackageCache\com.unity.modules.subsystems)
    com.unity.modules.hierarchycore@1.0.0 (location: D:\3E\AR\AR_AWA AIMASUGIRA_2924021\AR_AWA AIMASUGIRA_2924021\Library\PackageCache\com.unity.modules.hierarchycore)
    com.unity.ext.nunit@2.1.0 (location: D:\3E\AR\AR_AWA AIMASUGIRA_2924021\AR_AWA AIMASUGIRA_2924021\Library\PackageCache\com.unity.ext.nunit@44f7d31723bd)
    com.unity.render-pipelines.core@17.5.0 (location: D:\3E\AR\AR_AWA AIMASUGIRA_2924021\AR_AWA AIMASUGIRA_2924021\Library\PackageCache\com.unity.render-pipelines.core@bbba1f0c681e)
    com.unity.shadergraph@17.5.0 (location: D:\3E\AR\AR_AWA AIMASUGIRA_2924021\AR_AWA AIMASUGIRA_2924021\Library\PackageCache\com.unity.shadergraph@8d7376ec43ee)
    com.unity.render-pipelines.universal-config@17.5.0 (location: D:\3E\AR\AR_AWA AIMASUGIRA_2924021\AR_AWA AIMASUGIRA_2924021\Library\PackageCache\com.unity.render-pipelines.universal-config@fdda01c80fe3)
    com.unity.collections@6.5.0 (location: D:\3E\AR\AR_AWA AIMASUGIRA_2924021\AR_AWA AIMASUGIRA_2924021\Library\PackageCache\com.unity.collections@ec2c217e4cb2)
    com.unity.mathematics@1.4.0 (location: D:\3E\AR\AR_AWA AIMASUGIRA_2924021\AR_AWA AIMASUGIRA_2924021\Library\PackageCache\com.unity.mathematics@981956d94fb6)
[Subsystems] No new subsystems found in resolved package list.
[Package Manager] Done registering packages in 0.01 seconds
info: Microsoft.Hosting.Lifetime[14]
      Now listening on: http://localhost:80
info: Microsoft.Hosting.Lifetime[0]
      Application started. Press Ctrl+C to shut down.
info: Microsoft.Hosting.Lifetime[0]
      Hosting environment: Production
info: Microsoft.Hosting.Lifetime[0]
      Content root path: D:\3E\AR\AR_AWA AIMASUGIRA_2924021\AR_AWA AIMASUGIRA_2924021
info: Microsoft.AspNetCore.Hosting.Diagnostics[1]
      Request starting HTTP/2 POST http://ilpp/UnityILPP.PostProcessing/Ping - application/grpc -
info: Microsoft.AspNetCore.Routing.EndpointMiddleware[0]
      Executing endpoint 'gRPC - /UnityILPP.PostProcessing/Ping'
info: Microsoft.AspNetCore.Routing.EndpointMiddleware[1]
      Executed endpoint 'gRPC - /UnityILPP.PostProcessing/Ping'
info: Microsoft.AspNetCore.Hosting.Diagnostics[2]
      Request finished HTTP/2 POST http://ilpp/UnityILPP.PostProcessing/Ping - 200 - application/grpc 24.0106ms
Starting: C:\Program Files\Unity\Hub\Editor\6000.5.10f1\Editor\Data\Tools\BuildPipeline\bee_backend.exe --ipc --defer-dag-verification --dagfile="Library/Bee/1900b0aE.dag" --continue-on-failure --profile="Library/Bee/backend1.traceevents" ScriptAssemblies
WorkingDir: D:/3E/AR/AR_AWA AIMASUGIRA_2924021/AR_AWA AIMASUGIRA_2924021
info: Microsoft.AspNetCore.Hosting.Diagnostics[1]
      Request starting HTTP/2 POST http://ilpp/UnityILPP.PostProcessing/ConfigurePostProcessors - application/grpc -
info: Microsoft.AspNetCore.Routing.EndpointMiddleware[0]
      Executing endpoint 'gRPC - /UnityILPP.PostProcessing/ConfigurePostProcessors'
warn: Unity.ILPP.Runner.PostProcessingAssemblyLoadContext[0]
      Assembly system.runtime.interopservices.windowsruntime has duplicate hint path. Ignoring "C:\Program Files\Unity\Hub\Editor\6000.5.10f1\Editor\Data\UnityReferenceAssemblies\unity-4.8-api\Facades\System.Runtime.InteropServices.WindowsRuntime.dll" in favor of "C:\Program Files\Unity\Hub\Editor\6000.5.10f1\Editor\Data\NetStandard\Extensions\2.0.0\System.Runtime.InteropServices.WindowsRuntime.dll"
warn: Unity.ILPP.Runner.PostProcessingAssemblyLoadContext[0]
      Assembly system.componentmodel.composition has duplicate hint path. Ignoring "C:\Program Files\Unity\Hub\Editor\6000.5.10f1\Editor\Data\UnityReferenceAssemblies\unity-4.8-api\System.ComponentModel.Composition.dll" in favor of "C:\Program Files\Unity\Hub\Editor\6000.5.10f1\Editor\Data\NetStandard\compat\2.1.0\shims\netfx\System.ComponentModel.Composition.dll"
info: Unity.ILPP.Runner.PostProcessingAssemblyLoadContext[0]
      Resolved Unity.Burst.Cecil, Version=0.11.6.0, Culture=neutral, PublicKeyToken=50cebf1cceb9d05e with Library\PackageCache\com.unity.burst@2f3d916873ea\Unity.Burst.CodeGen\Unity.Burst.Cecil.dll
info: Unity.ILPP.Runner.PostProcessingAssemblyLoadContext[0]
      Resolved Mono.Cecil, Version=0.11.5.0, Culture=neutral, PublicKeyToken=50cebf1cceb9d05e with Library\PackageCache\com.unity.nuget.mono-cecil@ecb9724e46ff\Mono.Cecil.dll
info: Microsoft.AspNetCore.Routing.EndpointMiddleware[1]
      Executed endpoint 'gRPC - /UnityILPP.PostProcessing/ConfigurePostProcessors'
info: Microsoft.AspNetCore.Hosting.Diagnostics[2]
      Request finished HTTP/2 POST http://ilpp/UnityILPP.PostProcessing/ConfigurePostProcessors - 200 - application/grpc 42.8893ms
ExitCode: 0 Duration: 0s196ms
[740/939    0s] ILPP-Configuration Library/ilpp-configuration.nevergeneratedoutput
*** Tundra build success (0.17 seconds), 1 items updated, 939 evaluated
AssetDatabase: script compilation time: 0.560017s
Begin MonoManager ReloadAssembly
Total cache size 133238144
Total cache size after purge 133238144, took 00:00:00.0742698
Native extension for Android target not found
Native extension for WindowsStandalone target not found
ScheduleIndexationOnStartup MainProcess:True IndexOnStartup:True
Mono: successfully reloaded assembly
- Finished resetting the current domain, in  2.427 seconds
Domain Reload Profiling: 3142ms
	BeginReloadAssembly (182ms)
		DisableScriptedObjects (25ms)
		CreateAndSetChildDomain (32ms)
	RebuildCommonClasses (7ms)
	RebuildNativeTypeToScriptingClass (13ms)
	initialDomainReloadingComplete (44ms)
	LoadAllAssembliesAndSetupDomain (469ms)
		LoadAssemblies (252ms)
		AnalyzeDomain (205ms)
			TypeCache.Refresh (139ms)
				TypeCache.ScanAssembly (129ms)
			BuildScriptInfoCaches (57ms)
			ResolveRequiredComponents (7ms)
	FinalizeReload (2428ms)
		SetupLoadedEditorAssemblies (0ms)
			InitializePlatformSupportModulesInManaged (10ms)
			BeforeProcessingInitializeOnLoad (69ms)
			ProcessInitializeOnLoadAttributes (1907ms)
			ProcessInitializeOnLoadMethodAttributes (151ms)
			AfterProcessingInitializeOnLoad (3ms)
		AwakeInstancesAfterBackupRestoration (24ms)
Starting new worker id: 0 with log in D:/3E/AR/AR_AWA AIMASUGIRA_2924021/AR_AWA AIMASUGIRA_2924021/Logs/AssetImportWorkerHW0.log

Asset Pipeline Refresh (id=ca9745806bea109489c0aa48b53ac2e5): Total: 4.196 seconds - Initiated by InitialRefreshV2(ForceSynchronousImport)
	(Values over 0.05ms)
	Summary:
		Imports: total=0 (actual=0, local cache=0, cache server=0)
		Asset DB Process Time: managed=0 ms, native=2785 ms
		Asset DB Callback time: managed=42 ms, native=13 ms
		Scripting: domain reloads=1, domain reload time=753 ms, compile time=562 ms, other=38 ms
		Project Asset Count: scripts=1360, non-scripts=2318
		Asset File Changes: new=0, changed=0, moved=0, deleted=0
		Scan Filter Count: 0
	InvokePackagesCallback: 14.638ms
	ApplyChangesToAssetFolders: 0.482ms
	Scan: 83.002ms
	Collect global state as custom dependencies: 15.799ms
	CategorizeScriptCompilationAssets: 37.001ms
	ProcessAssetsWithTransientArtifactChanges: 47.705ms
	CategorizeAssets: 42.007ms
	CompileScripts: 561.787ms
	ImportOutOfDateAssets: 2477.485ms (2443.540ms without children)
		UnloadImportedAssets: 0.545ms
		EnsureUptoDateAssetsAreRegisteredWithGuidPM: 0.447ms
		ImportSchedulerStart: 32.918ms
	PostProcessAllAssets: 42.160ms
		MonoPostProcessAllAssets: 42.087ms
			UniversalRenderPipelineGlobalSettingsPostprocessor.OnPostprocessAllAssets 8.571ms
			SyncVS.PostprocessSyncProject 2.723ms
			WindowAssetPostprocessingWatcher.OnPostprocessAllAssets 1.635ms
			SpeedTree9Postprocessor.OnPostprocessAllAssets 1.570ms
			EditModeScopePostprocessor.OnPostprocessAllAssets 0.827ms
			RenderPipelineGlobalSettingsPostprocessor.OnPostprocessAllAssets 0.616ms
			ShaderReflectionAssetPostProcessor.OnPostprocessAllAssets 0.314ms
			InputActionAssetPostprocessor.OnPostprocessAllAssets 0.232ms
			ReferencedClipsPostProcessor.OnPostprocessAllAssets 0.221ms
			TerrainToolbarOverlayPostProcessor.OnPostprocessAllAssets 0.160ms
			AssetDatabaseCallbacks.OnPostprocessAllAssets 0.146ms
			ProjectSettingsPostprocessor.OnPostprocessAllAssets 0.140ms
	UnloadStreamsBegin: 2.436ms
	PersistCurrentRevisions: 0.129ms
	GenerateScriptTypeHashes: 1.088ms
	GenerateScriptTypeSerializationHashes: 1.902ms
	Untracked: 867.274ms

Application.AssetDatabase Initial Refresh End
Launched and connected shader compiler UnityShaderCompiler.exe after 0.01 seconds
Scanning for USB devices : 2.214ms
Initializing Unity extensions:
[MODES] ModeService[none].Initialize
[MODES] ModeService[none].LoadModes
[MODES] Loading mode Default (0) for mode-current-id-Pertemuan03_CameraAudio
Unloading 24 Unused Serialized files (Serialized files now loaded: 0)
Loaded scene 'Assets/Scenes/Pertemuan03_CameraAudio.unity'
	Deserialize:            3.519 ms
	Integration:            184.597 ms
	Integration of assets:  0.004 ms
	Thread Wait Time:       0.010 ms
	Total Operation Time:   188.130 ms
Unloading 6644 unused Assets / (6.3 MB). Loaded Objects now: 7766.
Memory consumption went from 421.9 MB to 415.6 MB.
Total: 13.669500 ms (FindLiveObjects: 0.721000 ms CreateObjectMapping: 0.889100 ms MarkObjects: 5.566700 ms  DeleteObjects: 6.490000 ms)

[LAYOUT] About to load UserSettings\Layouts\default-6000.dwlt, keepMainWindow=False
[LAYOUT] About to save layout D:\3E\AR\AR_AWA AIMASUGIRA_2924021\AR_AWA AIMASUGIRA_2924021\UserSettings\Layouts\default-6000.dwlt
[LAYOUT] About to save layout C:/Users/USER/AppData/Roaming/Unity/Editor-5.x/Preferences\Layouts\current\default-6000.dwlt
[MODES] ModeService[default].InitializeCurrentMode
[MODES] ModeService[default].RaiseModeChanged(default, default)
<RI> Initializing input.
Using Windows.Gaming.Input
[Project] Loading completed in 9.699 seconds
	Project init time: 				7.952 seconds
		Template init time: 		0.000 seconds
		Package Manager init time: 		1.800 seconds
		Asset Database init time: 		0.204 seconds
		Global illumination init time: 	0.002 seconds
		Assemblies load time: 			0.882 seconds
		Unity extensions init time: 	0.028 seconds
		Asset Database refresh time: 	4.196 seconds
	Scene opening time: 			1.611 seconds
##utp:{"type":"ProjectInfo","version":2,"phase":"Immediate","time":1790654487905,"processId":9508,"projectLoad":9.6992753,"projectInit":7.9520134,"templateInit":0.0,"packageManagerInit":1.7999167,"assetDatabaseInit":0.204059,"globalIlluminationInit":0.0020932,"assembliesLoad":0.881931,"unityExtensionsInit":0.0282172,"assetDatabaseRefresh":4.195862,"sceneOpening":1.6111402}
##utp:{"type":"EditorInfo","version":2,"phase":"Immediate","time":1790654487905,"processId":9508,"editorVersion":"6000.5.10f1 (3bd4f66ad299)","branch":"6000.5/staging","buildType":"Release","platform":"Windows"}
Worker ready: AssetImportWorkerHW0 0
Asset Pipeline Refresh (id=1e4677a97883d5b4082f1286cc0a4214): Total: 0.069 seconds - Initiated by RefreshV2(AllowForceSynchronousImport)
[Licensing::Client] Successfully resolved entitlement details
Created GICache directory at C:/Users/USER/AppData/LocalLow/Unity/Caches/GiCache. Took: 0.007s, timestamps: [10.867 - 10.874]
[Licensing::Client] Successfully resolved entitlement details
[Licensing::Client] Successfully resolved entitlement details
[Licensing::Client] Successfully updated the access token
[Licensing::Module] Successfully updated access token: "3qc_wgKO"... (expires: 2026-09-29T04:41:10Z)
Android Extension - Scanning For ADB Devices 2149 ms
Android Extension - Scanning For ADB Devices 121 ms
Asset Pipeline Refresh (id=f778cc7ce12a9d641b7c5b73221ad0cb): Total: 0.003 seconds - Initiated by RefreshV2(AllowForceSynchronousImport)
Start Indexing on Editor startup
[Indexing] Starting Initial Indexing for Assets
Attempted to call .Dispose on an already disposed CancellationTokenSource
Android Extension - Scanning For ADB Devices 128 ms
Android Extension - Scanning For ADB Devices 122 ms
Curl error 28: Failed to connect to services.unity.com port 443 after 21054 ms: Could not connect to server
UnityConnectWebRequestException: Token Exchange failed due a failure with the web request.
  at UnityEditor.Connect.TokenExchange.VerifyTokenExchangeResponse (UnityEngine.Networking.UnityWebRequest exchangeRequest) [0x00014] in <886e347bbf034f119b276a61ef97646f>:0 
  at UnityEditor.Connect.TokenExchange.TokenExchangeRequestAsync (UnityEditor.Connect.TokenExchangeRequest tokenExchangeRequest, System.Threading.CancellationToken cancellationToken) [0x00195] in <886e347bbf034f119b276a61ef97646f>:0 
  at UnityEditor.Connect.TokenExchange.GetServiceTokenAsync (System.String genesisToken, System.Threading.CancellationToken cancellationToken) [0x0007b] in <886e347bbf034f119b276a61ef97646f>:0 
  at UnityEditor.Connect.ServiceToken.GetServiceTokenAsync (System.String genesisToken, System.Threading.CancellationToken cancellationToken) [0x000f3] in <886e347bbf034f119b276a61ef97646f>:0 
  at UnityEditor.Connect.UnityConnect.RequestNewServiceToken () [0x00080] in <886e347bbf034f119b276a61ef97646f>:0 
  at System.Runtime.CompilerServices.AsyncMethodBuilderCore+<>c.<ThrowAsync>b__7_0 (System.Object state) [0x00000] in <ee034d2b335a4869bde47687e6ac9c30>:0 
  at UnityEngine.UnitySynchronizationContext+WorkRequest.Invoke () [0x00000] in <2f52b751ded44e96b74c2c8a24c6c65b>:0 
  at UnityEngine.UnitySynchronizationContext.Exec () [0x00052] in <2f52b751ded44e96b74c2c8a24c6c65b>:0 
  at UnityEngine.UnitySynchronizationContext.ExecuteTasks () [0x0000e] in <2f52b751ded44e96b74c2c8a24c6c65b>:0 

Project ID request failed, Reason: The requested URL returned error: 401 (401).
Unknown Unity Connect error (400). Please contact support at support@unity.com while processing request "https://services.unity.com/api/unity/legacy/v1/projects/80c92f87-1cc9-4810-9e6c-e75470b8c7be", HTTP error code 401
.TrimDiskCacheJob: Current cache size 0mb
[Licensing::Client] Successfully resolved entitlement details
Asset Pipeline Refresh (id=d76f36ca0d67b97418cb5068a1204baf): Total: 0.006 seconds - Initiated by RefreshV2(AllowForceSynchronousImport)
Opening scene 'Assets/Scenes/Pertemuan02_Diorama.unity'
Unloading 2 Unused Serialized files (Serialized files now loaded: 0)
Loaded scene 'Assets/Scenes/Pertemuan02_Diorama.unity'
	Deserialize:            1.252 ms
	Integration:            164.878 ms
	Integration of assets:  0.001 ms
	Thread Wait Time:       0.008 ms
	Total Operation Time:   166.139 ms
Unloading 56 unused Assets / (17.5 MB). Loaded Objects now: 8713.
Memory consumption went from 0.66 GB to 0.64 GB.
Total: 16.125300 ms (FindLiveObjects: 0.606500 ms CreateObjectMapping: 0.399600 ms MarkObjects: 10.636800 ms  DeleteObjects: 4.481100 ms)

Opening scene 'Assets/Scenes/Pertemuan03_CameraAudio.unity'
Unloading 1 Unused Serialized files (Serialized files now loaded: 0)
Loaded scene 'Assets/Scenes/Pertemuan03_CameraAudio.unity'
	Deserialize:            1.085 ms
	Integration:            151.024 ms
	Integration of assets:  0.004 ms
	Thread Wait Time:       0.105 ms
	Total Operation Time:   152.218 ms
Unloading 2 unused Assets / (30.5 KB). Loaded Objects now: 8713.
Memory consumption went from 0.61 GB to 0.61 GB.
Total: 10.426400 ms (FindLiveObjects: 0.407200 ms CreateObjectMapping: 0.250600 ms MarkObjects: 9.733000 ms  DeleteObjects: 0.034500 ms)

Asset Pipeline Refresh (id=9a25b34e38cec154d82e8fc9aa5190a6): Total: 0.004 seconds - Initiated by RefreshV2(AllowForceSynchronousImport)
Opening scene 'Assets/Scenes/Pertemuan02_Diorama.unity'
Unloading 1 Unused Serialized files (Serialized files now loaded: 0)
Loaded scene 'Assets/Scenes/Pertemuan02_Diorama.unity'
	Deserialize:            1.684 ms
	Integration:            148.145 ms
	Integration of assets:  0.003 ms
	Thread Wait Time:       0.019 ms
	Total Operation Time:   149.850 ms
Unloading 2 unused Assets / (120.8 KB). Loaded Objects now: 8713.
Memory consumption went from 0.61 GB to 0.61 GB.
Total: 11.258000 ms (FindLiveObjects: 0.470800 ms CreateObjectMapping: 0.283400 ms MarkObjects: 10.451400 ms  DeleteObjects: 0.050800 ms)

Asset Pipeline Refresh (id=99680a805ba27dc489eb71ca4e3d329d): Total: 0.006 seconds - Initiated by RefreshV2(AllowForceSynchronousImport)
Asset Pipeline Refresh (id=c2fb76cc4c18dc84a87071f8fe98185b): Total: 0.005 seconds - Initiated by RefreshV2(AllowForceSynchronousImport)
Importing 'GUID: cec096b16c8df5c43930a50a9c57d0bc - Path: Assets/Scenes/Pertemuan02_Diorama.unity' with importer (DefaultImporter)
Imported 'GUID: cec096b16c8df5c43930a50a9c57d0bc' -> (Import Result ID: '2c1e985889a598cc45e1bbb955c80ce3') in 0.014 seconds [static dependencies only]. Details - ImportResultOutputID=57f6415dbc8ba3492c3449122cca3c86 DependenciesID=a13d48eb950570bff4dbc9d9ebd19b25 StaticDependenciesID=b9254e121234f668fbac9257dbb1dd0f 
Asset Pipeline Refresh (id=e4f48a6050386584ea99313cffa4d688): Total: 0.112 seconds - Initiated by StopAssetImportingV2(NoUpdateAssetOptions)
Opening scene 'Assets/Scenes/Pertemuan03_CameraAudio.unity'
Unloading 24 Unused Serialized files (Serialized files now loaded: 0)
Loaded scene 'Assets/Scenes/Pertemuan03_CameraAudio.unity'
	Deserialize:            1.035 ms
	Integration:            156.020 ms
	Integration of assets:  0.002 ms
	Thread Wait Time:       0.014 ms
	Total Operation Time:   157.071 ms
Unloading 161 unused Assets / (9.3 MB). Loaded Objects now: 8790.
Memory consumption went from 0.65 GB to 0.64 GB.
Total: 10.986400 ms (FindLiveObjects: 0.455300 ms CreateObjectMapping: 0.348400 ms MarkObjects: 9.944400 ms  DeleteObjects: 0.236400 ms)

Starting new worker id: 1 with log in D:/3E/AR/AR_AWA AIMASUGIRA_2924021/AR_AWA AIMASUGIRA_2924021/Logs/AssetImportWorkerHW1.log
[Worker0] Imported GUID: cec096b16c8df5c43930a50a9c57d0bc - Path: Assets/Scenes/Pertemuan02_Diorama.unity - Importer: ScriptedImporter/UnityEditor.QuickSearchModule:UnityEditor.Search:ASIAI0B -> (ImportResultId: 'd9746951a096d467f1c494f966516c86') in 0.0682788 seconds
[Worker0] Imported GUID: cec096b16c8df5c43930a50a9c57d0bc - Path: Assets/Scenes/Pertemuan02_Diorama.unity - Importer: PreviewImporter -> (ImportResultId: 'a870fd3083a28ea89418f3aada291dfc') in 0.0105445 seconds
Worker ready: AssetImportWorkerHW1 1
Asset Pipeline Refresh (id=fff9bd9b31ab94b459dee22460c94fbf): Total: 0.009 seconds - Initiated by RefreshV2(AllowForceSynchronousImport)
Scanning for USB devices : 2.495ms
Scanning for USB devices : 2.042ms
Attempted to call .Dispose on an already disposed CancellationTokenSource
Scanning for USB devices : 2.298ms
Scanning for USB devices : 2.038ms
Scanning for USB devices : 1.830ms
Android Extension - Scanning For ADB Devices 158 ms
Android Extension - Scanning For ADB Devices 122 ms
Attempted to call .Dispose on an already disposed CancellationTokenSource
Scanning for USB devices : 3.146ms
Android Extension - Scanning For ADB Devices 246 ms
Android Extension - Scanning For ADB Devices 179 ms
Asset Pipeline Refresh (id=91d23b556f3c3124bb787bf66080aa18): Total: 0.004 seconds - Initiated by RefreshV2(AllowForceSynchronousImport)
Asset Pipeline Refresh (id=1fe14b56772da374f85af2f3c1ed47e4): Total: 0.004 seconds - Initiated by RefreshV2(AllowForceSynchronousImport)
Asset Pipeline Refresh (id=90b082e466d4b014eb451828f44f0caf): Total: 0.004 seconds - Initiated by RefreshV2(AllowForceSynchronousImport)
Asset Pipeline Refresh (id=a5b2e0eff35b5644bb8088e01db8d661): Total: 0.002 seconds - Initiated by RefreshV2(AllowForceSynchronousImport)
Asset Pipeline Refresh (id=cea31bc58fc4ca443a5db69ac2a7cf8a): Total: 0.005 seconds - Initiated by RefreshV2(AllowForceSynchronousImport)
Asset Pipeline Refresh (id=b1749cb4b0ec56142a8636539efc33bc): Total: 0.005 seconds - Initiated by RefreshV2(AllowForceSynchronousImport)
Asset Pipeline Refresh (id=d75ff462a88a0724b8b5e08f685e5631): Total: 0.004 seconds - Initiated by RefreshV2(AllowForceSynchronousImport)
Asset Pipeline Refresh (id=d8cbe454b9d6f9846b04fce2e67d52b9): Total: 0.005 seconds - Initiated by RefreshV2(AllowForceSynchronousImport)
Asset Pipeline Refresh (id=24e6918b4cf826d4cb2a46a0aec76185): Total: 0.073 seconds - Initiated by StopAssetImportingV2(NoUpdateAssetOptions)
Asset Pipeline Refresh (id=61bb46cac6100464cad147c5da88bd9e): Total: 0.008 seconds - Initiated by RefreshV2(ForceSynchronousImport)
Asset Pipeline Refresh (id=690154305ef760e47990190735223b6a): Total: 0.004 seconds - Initiated by RefreshV2(AllowForceSynchronousImport)
Asset Pipeline Refresh (id=74d63cc92aed9c846852837d93e75584): Total: 0.004 seconds - Initiated by RefreshV2(AllowForceSynchronousImport)
Asset Pipeline Refresh (id=7863839fdd0df0d479c1dcc25b45a68a): Total: 0.004 seconds - Initiated by RefreshV2(AllowForceSynchronousImport)
Asset Pipeline Refresh (id=ab923324d7388ed4b8bb4c26a7162039): Total: 0.005 seconds - Initiated by RefreshV2(AllowForceSynchronousImport)
Importing 'GUID: ae9c180b854937c4a98e863bd49207c1 - Path: Assets/Scenes/Pertemuan03_CameraAudio.unity' with importer (DefaultImporter)
Imported 'GUID: ae9c180b854937c4a98e863bd49207c1' -> (Import Result ID: 'a274550d18afcf117ffabe2bb1fc87d5') in 0.002 seconds [static dependencies only]. Details - ImportResultOutputID=ba078269753a650848d2d6de17c44ce6 DependenciesID=8233f2701440badc185e7bbdc5dae66a StaticDependenciesID=590a35300539ec8f6bd5fce9a5f84aa6 
Asset Pipeline Refresh (id=9502ec7f0128cd047a765a9d097d9cb5): Total: 0.064 seconds - Initiated by StopAssetImportingV2(NoUpdateAssetOptions)
[Worker0] Imported GUID: ae9c180b854937c4a98e863bd49207c1 - Path: Assets/Scenes/Pertemuan03_CameraAudio.unity - Importer: ScriptedImporter/UnityEditor.QuickSearchModule:UnityEditor.Search:ASIAI0B -> (ImportResultId: 'd82e05190e26be8804e4395b812e07dd') in 0.0122116 seconds
[Worker0] Imported GUID: 00000000000000001000000000000000 - Path: Assets - Importer: PreviewImporter -> (ImportResultId: '3aa02e5fcf64c7505b6d074e63811f0f') in 0.0099822 seconds
Importing 'GUID: 92b7dd9dfd735f245b0ba52938f8534a - Path: Assets/New Material.mat' with importer (NativeFormatImporter)
Imported 'GUID: 92b7dd9dfd735f245b0ba52938f8534a' -> (Import Result ID: '7bc104b5d3e75aa0c9ea11517cef3c40') in 0.002 seconds [static dependencies only]. Details - ImportResultOutputID=fc1ced42d8d0ce3eebb86c639c95d489 DependenciesID=7a7806aa7f42505e1ad547706917e3b7 StaticDependenciesID=d8256a3d7067ae8a6750e349d1beaf06 
Asset Pipeline Refresh (id=0243b75c620f8c94eb7b46955c229eb2): Total: 0.069 seconds - Initiated by StopAssetImportingV2(NoUpdateAssetOptions)
Importing 'GUID: 92b7dd9dfd735f245b0ba52938f8534a - Path: Assets/New Material.mat' with importer (NativeFormatImporter)
Imported 'GUID: 92b7dd9dfd735f245b0ba52938f8534a' -> (Import Result ID: '1da42f995afd6659248368b8a158c293') in 0.001 seconds [static dependencies only]. Details - ImportResultOutputID=fc1ced42d8d0ce3eebb86c639c95d489 DependenciesID=701bbcc3b200ff8df5dff421c7f4be0c StaticDependenciesID=fbd2fd32a193eaa9204888959b50159e 
Asset Pipeline Refresh (id=d92d759314b97604e90f0b6e64f2c5b8): Total: 0.050 seconds - Initiated by StopAssetImportingV2(NoUpdateAssetOptions)
[Worker0] Imported GUID: 92b7dd9dfd735f245b0ba52938f8534a - Path: Assets/New Material.mat - Importer: ScriptedImporter/UnityEditor.QuickSearchModule:UnityEditor.Search:ASIAI0B -> (ImportResultId: '5761f1913837061f30f33bc98f9df257') in 0.0359708 seconds
Asset Pipeline Refresh (id=83531650d56f720459f0ea0c975a9e72): Total: 0.063 seconds - Initiated by StopAssetImportingV2(NoUpdateAssetOptions)
Asset Pipeline Refresh (id=eef28557f273ac64d96c7a09e04e0916): Total: 0.007 seconds - Initiated by RefreshV2(ForceSynchronousImport)
Importing 'GUID: d59f37f1235df1e4db61789f45cc52ac - Path: Assets/Materials' with importer (DefaultImporter)
Imported 'GUID: d59f37f1235df1e4db61789f45cc52ac' -> (Import Result ID: '24defa9b72bf4092eb6368e32e787db2') in 0.007 seconds [static dependencies only]. Details - ImportResultOutputID=423e85a5923832c9d5561b077420bdf1 DependenciesID=e975c51eaef9311231e0ec01c871e1a2 StaticDependenciesID=0f0c22eb505c80602852a942d4593c08 
Asset Pipeline Refresh (id=d575b4aeb1876e54a8429e5f2b4496c9): Total: 0.065 seconds - Initiated by StopAssetImportingV2(NoUpdateAssetOptions)
[Worker0] Imported GUID: d59f37f1235df1e4db61789f45cc52ac - Path: Assets/Materials - Importer: PreviewImporter -> (ImportResultId: 'e3d22ba734e222bff590e60f02e0c15b') in 0.0089863 seconds
[Worker0] Imported GUID: d59f37f1235df1e4db61789f45cc52ac - Path: Assets/Materials - Importer: ScriptedImporter/UnityEditor.QuickSearchModule:UnityEditor.Search:ASIAI0B -> (ImportResultId: '6f33c0c19e94afa897bd7417ca2dc2e2') in 0.0101324 seconds
Importing 'GUID: ceeb5f98f31963f49b9255ef19a3c730 - Path: Assets/Materials/New Material.mat' with importer (NativeFormatImporter)
Imported 'GUID: ceeb5f98f31963f49b9255ef19a3c730' -> (Import Result ID: '4bb4aadd74d11b0ad02d5295891a892c') in 0.001 seconds [static dependencies only]. Details - ImportResultOutputID=bfee13d5075c3007bb9889195a0f1c74 DependenciesID=9567cd12a1ba8637c503abafd6bf7344 StaticDependenciesID=5a83ac950acb04db79b714f8765096a3 
Asset Pipeline Refresh (id=a7a018c538c2f884396dce8077151873): Total: 0.066 seconds - Initiated by StopAssetImportingV2(NoUpdateAssetOptions)
Importing 'GUID: ceeb5f98f31963f49b9255ef19a3c730 - Path: Assets/Materials/New Material.mat' with importer (NativeFormatImporter)
Imported 'GUID: ceeb5f98f31963f49b9255ef19a3c730' -> (Import Result ID: '77548ae22bdb56163fbf590c7f5a695e') in 0.001 seconds [static dependencies only]. Details - ImportResultOutputID=bfee13d5075c3007bb9889195a0f1c74 DependenciesID=180f98d8f9b30311b908765191a3dfc4 StaticDependenciesID=5eacb51de85fd0f7616236e10bafa243 
Asset Pipeline Refresh (id=52d2f0e006dcc0843aca4875602808de): Total: 0.048 seconds - Initiated by StopAssetImportingV2(NoUpdateAssetOptions)
[Worker0] Imported GUID: ceeb5f98f31963f49b9255ef19a3c730 - Path: Assets/Materials/New Material.mat - Importer: ScriptedImporter/UnityEditor.QuickSearchModule:UnityEditor.Search:ASIAI0B -> (ImportResultId: 'fe2e42a4dc6a6c271103f5cfeabb73ce') in 0.0123799 seconds
Asset Pipeline Refresh (id=e1fc9e51fafe7a240876b3bbb0dc706b): Total: 0.006 seconds - Initiated by RefreshV2(NoUpdateAssetOptions)
Importing 'GUID: ceeb5f98f31963f49b9255ef19a3c730 - Path: Assets/Materials/New Material.mat' with importer (NativeFormatImporter)
Imported 'GUID: ceeb5f98f31963f49b9255ef19a3c730' -> (Import Result ID: '0c91bb4027f1b0d90a8eb482847b0255') in 0.001 seconds [static dependencies only]. Details - ImportResultOutputID=bfee13d5075c3007bb9889195a0f1c74 DependenciesID=b2c612099f451771cf8645e1538f7d31 StaticDependenciesID=0885b00cd0cd6ba4d268de53da89f7b0 
Asset Pipeline Refresh (id=02b9ff395ffae2c4aaa410a0e9b4fb65): Total: 0.050 seconds - Initiated by StopAssetImportingV2(NoUpdateAssetOptions)
Importing 'GUID: ceeb5f98f31963f49b9255ef19a3c730 - Path: Assets/Materials/meja.mat' with importer (NativeFormatImporter)
Imported 'GUID: ceeb5f98f31963f49b9255ef19a3c730' -> (Import Result ID: '6ab677c12fa1ba09b0e56b7b79b9bb22') in 0.001 seconds [static dependencies only]. Details - ImportResultOutputID=bfee13d5075c3007bb9889195a0f1c74 DependenciesID=f61a5ca240b5087fffdb57078c218255 StaticDependenciesID=8f23fc93941a161a3bcfdc7d8c518f74 
Asset Pipeline Refresh (id=f2cdd7082217ab64eb4eea997222aead): Total: 0.061 seconds - Initiated by StopAssetImportingV2(NoUpdateAssetOptions)
[Worker0] Imported GUID: ceeb5f98f31963f49b9255ef19a3c730 - Path: Assets/Materials/meja.mat - Importer: ScriptedImporter/UnityEditor.QuickSearchModule:UnityEditor.Search:ASIAI0B -> (ImportResultId: 'c1c031daaca222b40de5f29dc5d5c9ff') in 0.0114051 seconds
Importing 'GUID: a4916aecd0c895e448c1fa6b0995074b - Path: Assets/Materials/kursi.mat' with importer (NativeFormatImporter)
Imported 'GUID: a4916aecd0c895e448c1fa6b0995074b' -> (Import Result ID: 'a72415a561c05aa1ca7b97d0890b33bb') in 0.001 seconds [static dependencies only]. Details - ImportResultOutputID=3969352d998200126978430f77d6dd3e DependenciesID=94c2db03b02cacafd0ca4e46217b501d StaticDependenciesID=4bfcfbaf0911b64005dd981eb2be9fde 
Asset Pipeline Refresh (id=3111c0e3c01f29a47aef0a91c14501bd): Total: 0.062 seconds - Initiated by StopAssetImportingV2(NoUpdateAssetOptions)
Importing 'GUID: a4916aecd0c895e448c1fa6b0995074b - Path: Assets/Materials/kursi.mat' with importer (NativeFormatImporter)
Imported 'GUID: a4916aecd0c895e448c1fa6b0995074b' -> (Import Result ID: 'e46f2ff6c06c47311013c83a23f410e2') in 0.001 seconds [static dependencies only]. Details - ImportResultOutputID=3969352d998200126978430f77d6dd3e DependenciesID=b9529fa182a8edb41de7a9c6f92a4d05 StaticDependenciesID=70a7f15da2b4ed9a3ad1d6c81702f711 
Asset Pipeline Refresh (id=b948c82afe160f146bfff3233d89018f): Total: 0.048 seconds - Initiated by StopAssetImportingV2(NoUpdateAssetOptions)
[Worker0] Imported GUID: a4916aecd0c895e448c1fa6b0995074b - Path: Assets/Materials/kursi.mat - Importer: ScriptedImporter/UnityEditor.QuickSearchModule:UnityEditor.Search:ASIAI0B -> (ImportResultId: '6b40035b632c582574a1859f33fe2d41') in 0.0098007 seconds
Importing 'GUID: 5d0b770a596e24d488a376aed0de671d - Path: Assets/Materials/dinding.mat' with importer (NativeFormatImporter)
Imported 'GUID: 5d0b770a596e24d488a376aed0de671d' -> (Import Result ID: '57d82881cb9bfaea903843d356a571fe') in 0.001 seconds [static dependencies only]. Details - ImportResultOutputID=e95a762ffc6e1cf5e92d4b5e38fdaaf4 DependenciesID=b1e1fed8047e4aedef5a07eeb2e1c888 StaticDependenciesID=25fb520b2dc05352864ee12be2172cd2 
Asset Pipeline Refresh (id=3a8463d29e2b00b44af3499817d7c0c1): Total: 0.062 seconds - Initiated by StopAssetImportingV2(NoUpdateAssetOptions)
Importing 'GUID: a4916aecd0c895e448c1fa6b0995074b - Path: Assets/Materials/kursi.mat' with importer (NativeFormatImporter)
Imported 'GUID: a4916aecd0c895e448c1fa6b0995074b' -> (Import Result ID: '33d345813e36125f0d683be32cc50ff4') in 0.001 seconds [static dependencies only]. Details - ImportResultOutputID=3969352d998200126978430f77d6dd3e DependenciesID=327966fa39e529d16f11b439897a2506 StaticDependenciesID=5995a0c12e28de7a6a9ecb99a7e9f6c6 
Importing 'GUID: 5d0b770a596e24d488a376aed0de671d - Path: Assets/Materials/dinding.mat' with importer (NativeFormatImporter)
Imported 'GUID: 5d0b770a596e24d488a376aed0de671d' -> (Import Result ID: '97544d0c4761b46f21edf0fcd2edad22') in 0.001 seconds [static dependencies only]. Details - ImportResultOutputID=e95a762ffc6e1cf5e92d4b5e38fdaaf4 DependenciesID=145a674aa4563bc4ae4e0eb67ebc93c0 StaticDependenciesID=fece013512f55c23913db86dd31562c1 
Importing 'GUID: ceeb5f98f31963f49b9255ef19a3c730 - Path: Assets/Materials/meja.mat' with importer (NativeFormatImporter)
Imported 'GUID: ceeb5f98f31963f49b9255ef19a3c730' -> (Import Result ID: '7cc10885b1114e458b209e7632a44f8b') in 0.001 seconds [static dependencies only]. Details - ImportResultOutputID=bfee13d5075c3007bb9889195a0f1c74 DependenciesID=deafac6f1686af295448673a52c813d5 StaticDependenciesID=13ed438f6017d7da96d5a47a90c04272 
Asset Pipeline Refresh (id=f66b93abc5569b5408e8482252236364): Total: 0.057 seconds - Initiated by StopAssetImportingV2(NoUpdateAssetOptions)
[Worker0] Imported GUID: 5d0b770a596e24d488a376aed0de671d - Path: Assets/Materials/dinding.mat - Importer: ScriptedImporter/UnityEditor.QuickSearchModule:UnityEditor.Search:ASIAI0B -> (ImportResultId: 'b9c66cb5d8ed3ab1e2c581cfa5e82ad6') in 0.0135137 seconds
[Worker0] Imported GUID: a4916aecd0c895e448c1fa6b0995074b - Path: Assets/Materials/kursi.mat - Importer: ScriptedImporter/UnityEditor.QuickSearchModule:UnityEditor.Search:ASIAI0B -> (ImportResultId: '018c236668fe74dfc96837f63d01a8d1') in 0.0160291 seconds
[Worker1] Imported GUID: ceeb5f98f31963f49b9255ef19a3c730 - Path: Assets/Materials/meja.mat - Importer: ScriptedImporter/UnityEditor.QuickSearchModule:UnityEditor.Search:ASIAI0B -> (ImportResultId: 'c433b39ce25c368b4913d0eaebf01c7e') in 0.0957865 seconds
Importing 'GUID: ff4b25fed1161e547ab4460af3e9bf5e - Path: Assets/Materials/lamp.mat' with importer (NativeFormatImporter)
Imported 'GUID: ff4b25fed1161e547ab4460af3e9bf5e' -> (Import Result ID: '93ff6afb33f7dcdd9f1af7d187d224b1') in 0.001 seconds [static dependencies only]. Details - ImportResultOutputID=3b68ae94b73c0c6a01013b2ddf1562ba DependenciesID=9df423814298fc4ab670a48602360a2b StaticDependenciesID=5fa27c57129ca51d8cda99f2a8c74586 
Asset Pipeline Refresh (id=92ded337e2ccfdd418248cdf3adaa587): Total: 0.068 seconds - Initiated by StopAssetImportingV2(NoUpdateAssetOptions)
Importing 'GUID: 5d0b770a596e24d488a376aed0de671d - Path: Assets/Materials/dinding.mat' with importer (NativeFormatImporter)
Imported 'GUID: 5d0b770a596e24d488a376aed0de671d' -> (Import Result ID: '559c8fd0b8fcfaf6d1f9a68737df8263') in 0.002 seconds [static dependencies only]. Details - ImportResultOutputID=e95a762ffc6e1cf5e92d4b5e38fdaaf4 DependenciesID=482260a4a1bd9187261a49cb1e9f79e6 StaticDependenciesID=fd620f7102b13d8355dfd77a18499edb 
Importing 'GUID: ff4b25fed1161e547ab4460af3e9bf5e - Path: Assets/Materials/lamp.mat' with importer (NativeFormatImporter)
Imported 'GUID: ff4b25fed1161e547ab4460af3e9bf5e' -> (Import Result ID: 'ec1a82386f9d88f3c52b0d7261dd74ef') in 0.001 seconds [static dependencies only]. Details - ImportResultOutputID=3b68ae94b73c0c6a01013b2ddf1562ba DependenciesID=d8c1dd1a4face7dd96321c13e9d4313d StaticDependenciesID=d08b02fbdbec15c482d6d29f9955a198 
Asset Pipeline Refresh (id=20f2dd97030ae8a45b6264887a2a8395): Total: 0.054 seconds - Initiated by StopAssetImportingV2(NoUpdateAssetOptions)
[Worker0] Imported GUID: ff4b25fed1161e547ab4460af3e9bf5e - Path: Assets/Materials/lamp.mat - Importer: ScriptedImporter/UnityEditor.QuickSearchModule:UnityEditor.Search:ASIAI0B -> (ImportResultId: '750b6808d21ea70bf14c044c63054b57') in 0.0115436 seconds
[Worker1] Imported GUID: 5d0b770a596e24d488a376aed0de671d - Path: Assets/Materials/dinding.mat - Importer: ScriptedImporter/UnityEditor.QuickSearchModule:UnityEditor.Search:ASIAI0B -> (ImportResultId: '2cf8b34f56bcbe82bb795ba878b6536d') in 0.0148466 seconds
Importing 'GUID: ff4b25fed1161e547ab4460af3e9bf5e - Path: Assets/Materials/lamp.mat' with importer (NativeFormatImporter)
Imported 'GUID: ff4b25fed1161e547ab4460af3e9bf5e' -> (Import Result ID: '1f63783ba6c707424b8b6fe209e8fdb9') in 0.001 seconds [static dependencies only]. Details - ImportResultOutputID=3b68ae94b73c0c6a01013b2ddf1562ba DependenciesID=bde8f32708c684d4b272e03e3506bbe7 StaticDependenciesID=dfc0444068b0185ffad4bc6210f6712f 
Asset Pipeline Refresh (id=d64d57b24663e5b4aa4864c17d726b83): Total: 0.049 seconds - Initiated by StopAssetImportingV2(NoUpdateAssetOptions)
Importing 'GUID: ff4b25fed1161e547ab4460af3e9bf5e - Path: Assets/Materials/lantai.mat' with importer (NativeFormatImporter)
Imported 'GUID: ff4b25fed1161e547ab4460af3e9bf5e' -> (Import Result ID: 'af06d93210d718ddb96c726e2be56c90') in 0.001 seconds [static dependencies only]. Details - ImportResultOutputID=3b68ae94b73c0c6a01013b2ddf1562ba DependenciesID=7cbcd45b2e4e25fec0adbf7ecd782aa1 StaticDependenciesID=7b258d8e4104ef7838af873ab333cb62 
Asset Pipeline Refresh (id=ad589a3381a0c8f48aa35e969d6ce684): Total: 0.054 seconds - Initiated by StopAssetImportingV2(NoUpdateAssetOptions)
[Worker0] Imported GUID: ff4b25fed1161e547ab4460af3e9bf5e - Path: Assets/Materials/lantai.mat - Importer: ScriptedImporter/UnityEditor.QuickSearchModule:UnityEditor.Search:ASIAI0B -> (ImportResultId: 'd29dc04c2baaa14d01326053661da104') in 0.0166222 seconds
Importing 'GUID: d590e16f0027d8c40a83fc8f60582cc0 - Path: Assets/Materials/tanam.mat' with importer (NativeFormatImporter)
Imported 'GUID: d590e16f0027d8c40a83fc8f60582cc0' -> (Import Result ID: '87c1012d4e9964f0d59901e2bad4c534') in 0.001 seconds [static dependencies only]. Details - ImportResultOutputID=cdd95e805cd517567a634dd8a3e93d32 DependenciesID=74b1bb015a76c0b8708fa7d31e0994d3 StaticDependenciesID=ffa3f4491486e1157fe03d8e4b3d83ea 
Asset Pipeline Refresh (id=90a047faa98cdf4498dc3114761e7d1e): Total: 0.067 seconds - Initiated by StopAssetImportingV2(NoUpdateAssetOptions)
Importing 'GUID: d590e16f0027d8c40a83fc8f60582cc0 - Path: Assets/Materials/tanam.mat' with importer (NativeFormatImporter)
Imported 'GUID: d590e16f0027d8c40a83fc8f60582cc0' -> (Import Result ID: '796485a4448707d9eb2a69819d0f5f2c') in 0.001 seconds [static dependencies only]. Details - ImportResultOutputID=cdd95e805cd517567a634dd8a3e93d32 DependenciesID=ec4ca9beb037f5d0fba761fa9165ac30 StaticDependenciesID=0edb7697ab30e115da1f34329358db9b 
Importing 'GUID: ff4b25fed1161e547ab4460af3e9bf5e - Path: Assets/Materials/lantai.mat' with importer (NativeFormatImporter)
Imported 'GUID: ff4b25fed1161e547ab4460af3e9bf5e' -> (Import Result ID: 'ad88573416b4c1a05f72d631d2274b3b') in 0.001 seconds [static dependencies only]. Details - ImportResultOutputID=3b68ae94b73c0c6a01013b2ddf1562ba DependenciesID=08f53a053105f190042d056f2c9921e6 StaticDependenciesID=2172508b323c64d59cbf576a3e99344a 
Asset Pipeline Refresh (id=6a36bf3a6dbd8b641b487b6f47ea7556): Total: 0.055 seconds - Initiated by StopAssetImportingV2(NoUpdateAssetOptions)
[Worker0] Imported GUID: d590e16f0027d8c40a83fc8f60582cc0 - Path: Assets/Materials/tanam.mat - Importer: ScriptedImporter/UnityEditor.QuickSearchModule:UnityEditor.Search:ASIAI0B -> (ImportResultId: 'dd4715fab7e9d9cd0163d5d09d5f140d') in 0.0124619 seconds
[Worker1] Imported GUID: ff4b25fed1161e547ab4460af3e9bf5e - Path: Assets/Materials/lantai.mat - Importer: ScriptedImporter/UnityEditor.QuickSearchModule:UnityEditor.Search:ASIAI0B -> (ImportResultId: '869483324abd5265230a1d96efeee2c5') in 0.0133504 seconds
Asset Pipeline Refresh (id=506c07220b41f3042bc37ba948ffb2a0): Total: 0.009 seconds - Initiated by RefreshV2(AllowForceSynchronousImport)
Importing 'GUID: d590e16f0027d8c40a83fc8f60582cc0 - Path: Assets/Materials/tanam.mat' with importer (NativeFormatImporter)
Imported 'GUID: d590e16f0027d8c40a83fc8f60582cc0' -> (Import Result ID: 'c1892f393192dea52e923d31e0193314') in 0.001 seconds [static dependencies only]. Details - ImportResultOutputID=cdd95e805cd517567a634dd8a3e93d32 DependenciesID=5d094b2f743a9d35958584faab859172 StaticDependenciesID=c6cf9e9536ffe49bde61a0b4e180e162 
Asset Pipeline Refresh (id=dddd24d19f2120e4d96b5d38ccf6e257): Total: 0.049 seconds - Initiated by StopAssetImportingV2(NoUpdateAssetOptions)
Importing 'GUID: ae9c180b854937c4a98e863bd49207c1 - Path: Assets/Scenes/Pertemuan03_CameraAudio.unity' with importer (DefaultImporter)
Imported 'GUID: ae9c180b854937c4a98e863bd49207c1' -> (Import Result ID: 'd9dff0a233670eccd90f6603f38759cc') in 0.001 seconds [static dependencies only]. Details - ImportResultOutputID=ba078269753a650848d2d6de17c44ce6 DependenciesID=80bd9c755c5adbefb780678312ed8e55 StaticDependenciesID=e01ade95cbfe48057fe237717bd7425d 
Asset Pipeline Refresh (id=ac4820b38c2a3f34380332aecbaf5536): Total: 0.055 seconds - Initiated by StopAssetImportingV2(NoUpdateAssetOptions)
[Worker1] Imported GUID: ae9c180b854937c4a98e863bd49207c1 - Path: Assets/Scenes/Pertemuan03_CameraAudio.unity - Importer: ScriptedImporter/UnityEditor.QuickSearchModule:UnityEditor.Search:ASIAI0B -> (ImportResultId: '34f19e62b29d3de0ed5ad9b2a32a0614') in 0.0115168 seconds
[Worker0] Imported GUID: d590e16f0027d8c40a83fc8f60582cc0 - Path: Assets/Materials/tanam.mat - Importer: ScriptedImporter/UnityEditor.QuickSearchModule:UnityEditor.Search:ASIAI0B -> (ImportResultId: '5f868594f6b47d2178939bcc3325e04a') in 0.0118196 seconds
Starting new worker id: 2 with log in D:/3E/AR/AR_AWA AIMASUGIRA_2924021/AR_AWA AIMASUGIRA_2924021/Logs/AssetImportWorkerHW2.log
Starting new worker id: 3 with log in D:/3E/AR/AR_AWA AIMASUGIRA_2924021/AR_AWA AIMASUGIRA_2924021/Logs/AssetImportWorkerHW3.log
[Worker1] Imported GUID: 39144937a5efe954dac51acbbe54157e - Path: Packages/com.unity.shadergraph/GraphTemplates/Cross Pipeline/0_Decal Simple.shadergraph - Importer: PreviewImporter -> (ImportResultId: '6f488165fb298143c4b848c32f76035d') in 0.4468149 seconds
[Worker0] Imported GUID: bde135b320597544b9ac325092409f8b - Path: Packages/com.unity.render-pipelines.universal/Editor/ShaderGraph/GraphTemplates/2D/0_2D Sprite Lit.shadergraph - Importer: PreviewImporter -> (ImportResultId: 'b478d78fcefabeffa835bedb8e7c4a1e') in 0.6786731 seconds
[Worker1] Imported GUID: b28fa67a0ff82c5478f27368dc627683 - Path: Packages/com.unity.render-pipelines.core/Runtime/RenderPipelineResources/Mesh/SamplesFixture.fbx - Importer: PreviewImporter -> (ImportResultId: '0fb153549191aa682419eccda8a09930') in 0.4006605 seconds
Worker ready: AssetImportWorkerHW3 3
Worker ready: AssetImportWorkerHW2 2
[Worker1] Imported GUID: 92f845725428c954b878da352f657fe5 - Path: Packages/com.unity.render-pipelines.universal/Editor/SceneTemplates/Materials/Emissive.mat - Importer: PreviewImporter -> (ImportResultId: '88d93e72ebfd731a1d1dfdf608ad5d46') in 2.9558807 seconds
[Worker1] Imported GUID: fb6390f650ca44a5ba3246d8dda47927 - Path: Packages/com.unity.render-pipelines.universal/Shaders/FullscreenInvertColors.shadergraph - Importer: PreviewImporter -> (ImportResultId: '9005d1c458fbc2fa295ab7da60da865f') in 0.1971241 seconds
[Worker1] Imported GUID: b2ea3b3f1765e544b9eb5bd1a93a91ce - Path: Packages/com.unity.searcher/Editor/Resources/FlatSkin/Font/Roboto-ThinItalic.ttf - Importer: PreviewImporter -> (ImportResultId: '99805d915cfa94cc1049d069e97c4db8') in 0.0826855 seconds
[Worker1] Imported GUID: 7ef2cf71ad164fe479662ae612dff99e - Path: Packages/com.unity.shadergraph/GraphTemplates/Custom Render Texture.shadergraph - Importer: PreviewImporter -> (ImportResultId: '4daa835ecc32a5b02d9c96aa2e4ef55a') in 0.0850051 seconds
[Worker1] Imported GUID: 2a29e27936eb547458f646f71125b264 - Path: Packages/com.unity.searcher/Editor/Resources/FlatSkin/Font/Roboto-Light.ttf - Importer: PreviewImporter -> (ImportResultId: '5c6444a62f806439177c376cf9b11934') in 0.0285332 seconds
[Worker1] Imported GUID: 9618d41bb71f74048bb6cace8785b93d - Path: Packages/com.unity.shadergraph/GraphTemplates/BuiltIn/BuiltIn Unlit Basic.shadergraph - Importer: PreviewImporter -> (ImportResultId: '71a80e60ae9e90fd30f8b0011da725f5') in 0.0269575 seconds
[Worker1] Imported GUID: f95147a9bab9fe649b8070170fa7ebd2 - Path: Packages/com.unity.searcher/Editor/Resources/FlatSkin/Font/Roboto-BlackItalic.ttf - Importer: PreviewImporter -> (ImportResultId: '04a6ad43dc60066f15933d5b3616b3f2') in 0.0223757 seconds
[Worker1] Imported GUID: 4f1ef37ae953c484bbc5d5e4049147e5 - Path: Packages/com.unity.render-pipelines.universal/Editor/SceneTemplates/Materials/Black.mat - Importer: PreviewImporter -> (ImportResultId: 'b23a8fe21501529e8a7f92d49bd23b66') in 0.0262837 seconds
[Worker0] Imported GUID: 80aa867ac363ac043847b06ad71604cd - Path: Packages/com.unity.render-pipelines.universal/Shaders/AutodeskInteractive/AutodeskInteractiveMasked.shadergraph - Importer: PreviewImporter -> (ImportResultId: '2c114341ef2585e16a3396371fbf4d7d') in 3.6368716 seconds
[Worker1] Imported GUID: 2019d78ad3d1c5c4a8d309a857ca449f - Path: Packages/com.unity.shadergraph/GraphTemplates/BuiltIn/BuiltIn Lit Basic.shadergraph - Importer: PreviewImporter -> (ImportResultId: 'ac39dbd153df23c706161303a9cfaac7') in 0.0273188 seconds
[Worker1] Imported GUID: df41eefe8c13d444ca890dddbbc61f8d - Path: Packages/com.unity.render-pipelines.universal/Editor/ShaderGraph/GraphTemplates/Fullscreen Basic URP.shadergraph - Importer: PreviewImporter -> (ImportResultId: '16ab7643b9aceec05a36757ccb748a1d') in 0.158614 seconds
Starting new worker id: 4 with log in D:/3E/AR/AR_AWA AIMASUGIRA_2924021/AR_AWA AIMASUGIRA_2924021/Logs/AssetImportWorkerHW4.log
[Worker3] Imported GUID: ceeb5f98f31963f49b9255ef19a3c730 - Path: Assets/Materials/meja.mat - Importer: PreviewImporter -> (ImportResultId: 'a3b5a8f68bcc3a0a81954461defe4205') in 0.6478132 seconds
[Worker2] Imported GUID: c2e40fa84d53ccd428f640eac126b1fb - Path: Packages/com.unity.render-pipelines.universal/Editor/SceneTemplates/Materials/Gold.mat - Importer: PreviewImporter -> (ImportResultId: '8deb8d6b82d68cfbeda5b1fbb30185d2') in 0.6793743 seconds
[Worker3] Imported GUID: b34b07a45ba63ce47896c9e674f3a7a7 - Path: Packages/com.unity.render-pipelines.universal/Editor/SceneTemplates/Materials/Metal_Black.mat - Importer: PreviewImporter -> (ImportResultId: '5bc8727c2eb1b39a20143cacac50c297') in 0.0392385 seconds
[Worker3] Imported GUID: dfb97a9307a577a41bcacba34b9a7e32 - Path: Packages/com.unity.searcher/Editor/Resources/FlatSkin/Font/Roboto-BoldItalic.ttf - Importer: PreviewImporter -> (ImportResultId: '567e77d3e55deef8a8970016369150d9') in 0.0842962 seconds
[Worker3] Imported GUID: c839255fc8f6b4b4d90bf8c1af9f9bd1 - Path: Packages/com.unity.searcher/Editor/Resources/FlatSkin/Font/Roboto-Italic.ttf - Importer: PreviewImporter -> (ImportResultId: '8015b55a29aea4f1b3a9815b01a2a6d4') in 0.0368591 seconds
[Worker3] Imported GUID: 9b4e681081e2b4c469111bb649e2f7ee - Path: Packages/com.unity.render-pipelines.universal/Shaders/Decal.shadergraph - Importer: PreviewImporter -> (ImportResultId: 'b20bd41f1093980ce21d0a8a2e3844a3') in 0.071144 seconds
[Worker3] Imported GUID: a51a3aebb43ac044989270407476b208 - Path: Packages/com.unity.searcher/Editor/Resources/FlatSkin/Font/Roboto-Medium.ttf - Importer: PreviewImporter -> (ImportResultId: '4797104e6651f3ffb13333cce2280d16') in 0.0434793 seconds
[Worker2] Imported GUID: 1dbf28c1bb322474d981b2dc555e28b0 - Path: Packages/com.unity.render-pipelines.core/Runtime/RenderPipelineResources/Mesh/SamplesFloorSpotlight.fbx - Importer: PreviewImporter -> (ImportResultId: 'a0fc374924aad31171957cb84fae23a8') in 0.3563877 seconds
[Worker3] Imported GUID: e823cd5b5d27c0f4b8256e7c12ee3e6d - Path: Packages/com.unity.render-pipelines.universal/Runtime/Materials/ParticlesUnlit.mat - Importer: PreviewImporter -> (ImportResultId: 'd95b7461f2ce2c643cc2a3653d132fb1') in 0.1610253 seconds
[Worker3] Imported GUID: 30dc370b164eefc43b95744fc796dad0 - Path: Packages/com.unity.searcher/Editor/Resources/FlatSkin/Font/Roboto-Regular.ttf - Importer: PreviewImporter -> (ImportResultId: 'f801161c53a1fa1d6312521f8a4a3e37') in 0.0333942 seconds
[Worker2] Imported GUID: 25a0ebb4827f3cc47a1af2c79005f65b - Path: Packages/com.unity.render-pipelines.universal/Editor/ShaderGraph/GraphTemplates/2D/1_2D Sprite Unlit.shadergraph - Importer: PreviewImporter -> (ImportResultId: '0953f75ea1ea9ef097fafca9a378d198') in 0.2601016 seconds
[Worker0] Imported GUID: 5c81372d981403744adbdda4433c9c11 - Path: Packages/com.unity.render-pipelines.universal/Shaders/AutodeskInteractive/AutodeskInteractiveTransparent.shadergraph - Importer: PreviewImporter -> (ImportResultId: '03e88ec332486f7ae4833eb37671eb6c') in 4.2873063 seconds
[Worker0] Imported GUID: 71942363c5608a64bb62421349d39c9c - Path: Packages/com.unity.render-pipelines.universal/Runtime/Materials/Mesh2D-Unlit-Default.mat - Importer: PreviewImporter -> (ImportResultId: '2df5ca07a08c5228d8f1401a122dd77e') in 0.0511044 seconds
[Worker1] Imported GUID: aee84ce0dab81b049bb88017d78a63cd - Path: Packages/com.unity.shadergraph/GraphTemplates/Cross Pipeline/1_Lit Full.shadergraph - Importer: PreviewImporter -> (ImportResultId: '236c6d9ed69dbae6e15f04c0ee76639f') in 5.0425421 seconds
[Worker1] Imported GUID: bfad0aba0faa90547b68abd10bb6be86 - Path: Packages/com.unity.render-pipelines.universal/Editor/ShaderGraph/GraphTemplates/2D/2_2D Sprite Custom Lit.shadergraph - Importer: PreviewImporter -> (ImportResultId: '5c2899a801d58464ee0173ad0a6b9add') in 0.2476158 seconds
[Worker1] Imported GUID: 5d0b770a596e24d488a376aed0de671d - Path: Assets/Materials/dinding.mat - Importer: PreviewImporter -> (ImportResultId: 'daba8f953f567e6d434383271dd2549c') in 0.0357473 seconds
[Worker1] Imported GUID: ff4b25fed1161e547ab4460af3e9bf5e - Path: Assets/Materials/lantai.mat - Importer: PreviewImporter -> (ImportResultId: '8f1326ea5e1aef25f01a6e4116e1bd19') in 0.0290016 seconds
[Worker1] Imported GUID: a4916aecd0c895e448c1fa6b0995074b - Path: Assets/Materials/kursi.mat - Importer: PreviewImporter -> (ImportResultId: '8329d73793028f60d441210c655419c5') in 0.0349784 seconds
[Worker1] Imported GUID: 31321ba15b8f8eb4c954353edc038b1d - Path: Packages/com.unity.render-pipelines.universal/Runtime/Materials/Lit.mat - Importer: PreviewImporter -> (ImportResultId: '57aced4ee7dcf6c9a238cab7160f3e2b') in 0.0325337 seconds
[Worker1] Imported GUID: 761d8e1f988ed2345a28312145c79c6e - Path: Packages/com.unity.render-pipelines.universal/Editor/SceneTemplates/Materials/Ground.mat - Importer: PreviewImporter -> (ImportResultId: '17cb3bc30eb713e164eccb129b9214f2') in 0.0311017 seconds
[Worker1] Imported GUID: 78a08787ca30045abb69f6f7dd878e09 - Path: Packages/com.unity.render-pipelines.universal/Runtime/Materials/FullscreenInvertColors.mat - Importer: PreviewImporter -> (ImportResultId: '7af67a48e2d301b8f664e850dde010c8') in 0.033395 seconds
[Worker1] Imported GUID: 9452ae1262a74094f8a68013fbcd1834 - Path: Packages/com.unity.render-pipelines.universal/Runtime/Materials/Mesh2D-Lit-Default.mat - Importer: PreviewImporter -> (ImportResultId: '8d1ac839c0e6e3bd425873c6c3ec2197') in 0.0382266 seconds
Worker ready: AssetImportWorkerHW4 4
[Worker3] Imported GUID: 30fa68ce467463643a86b839ca0eb195 - Path: Packages/com.unity.render-pipelines.universal/Runtime/Materials/ArnoldStandardSurface/ArnoldStandardSurfaceTransparent.shadergraph - Importer: PreviewImporter -> (ImportResultId: '213d8dbd3d440e957bedacc25c9b2403') in 5.7863004 seconds
[Worker3] Imported GUID: d93c1bc57fdf1ac4dad1bf04fac05464 - Path: Packages/com.unity.searcher/Editor/Resources/FlatSkin/Font/Roboto-MediumItalic.ttf - Importer: PreviewImporter -> (ImportResultId: '78c2a8bb526a19e6f84427aed634ef32') in 0.0376017 seconds
[Worker3] Imported GUID: 5e63515167650a541b309ba3bfd4db3d - Path: Packages/com.unity.searcher/Editor/Resources/FlatSkin/Font/Roboto-LightItalic.ttf - Importer: PreviewImporter -> (ImportResultId: 'f21d8aa72735c7c9c8ae16befba847fe') in 0.0362665 seconds
[Worker3] Imported GUID: 8a239b3da89050c4e89ac06b168fc684 - Path: Packages/com.unity.render-pipelines.universal/Runtime/RendererFeatures/SurfaceCacheGIRendererFeature/FallbackMaterial.mat - Importer: PreviewImporter -> (ImportResultId: '0875dbe27c8ec3a0aa62ca1c3d3b2982') in 0.0303199 seconds
[Worker3] Imported GUID: 31d0dcc6f2dd4e4408d18036a2c93862 - Path: Packages/com.unity.render-pipelines.universal/Runtime/Materials/Decal.mat - Importer: PreviewImporter -> (ImportResultId: '194b0d912326214a5cc6f1f5747646ee') in 0.0308259 seconds
[Worker3] Imported GUID: 1062c701058745940ae5dca6219c64c8 - Path: Packages/com.unity.searcher/Editor/Resources/FlatSkin/Font/Roboto-Black.ttf - Importer: PreviewImporter -> (ImportResultId: '505a087006d6e93197d0c73bd66fc93a') in 0.0344254 seconds
[Worker3] Imported GUID: 3750c318f40cab44a97d3a81beaefeb3 - Path: Packages/com.unity.searcher/Editor/Resources/FlatSkin/Font/Roboto-Bold.ttf - Importer: PreviewImporter -> (ImportResultId: '06f409041d687e1f6f263eedc0a111a7') in 0.0372426 seconds
[Worker2] Imported GUID: a2407126e3372f64cacb75ed466a5621 - Path: Packages/com.unity.shadergraph/GraphTemplates/Cross Pipeline/0_Lit Basic.shadergraph - Importer: PreviewImporter -> (ImportResultId: '9681cf3e6168760a7af0e140ece94e89') in 5.8410933 seconds
[Worker3] Imported GUID: af66091e0eca0c04a9c3584ae867418a - Path: Packages/com.unity.shadergraph/GraphTemplates/Cross Pipeline/0_Particle Unlit.shadergraph - Importer: PreviewImporter -> (ImportResultId: 'b8d937547d3e13726c95213434a1eb7c') in 0.3817629 seconds
[Worker4] Imported GUID: 9229ae5dbc38f488d921156ff75869e9 - Path: Packages/com.unity.collab-proxy/Editor/Assets/Fonts/Cascadia.ttf - Importer: PreviewImporter -> (ImportResultId: 'ed3a8ed17f340bc31ac3bd28f6de51be') in 0.652641 seconds
[Worker4] Imported GUID: 1716ff8c1e51af14280cc97fbcba3b11 - Path: Packages/com.unity.shadergraph/GraphTemplates/Cross Pipeline/1_Decal Material Volume.shadergraph - Importer: PreviewImporter -> (ImportResultId: '764d1bc8b8a751a081e81a32bf08b792') in 0.0390476 seconds
[Worker4] Imported GUID: 19a9abb883540be48b75b951a927ae03 - Path: Packages/com.unity.searcher/Editor/Resources/FlatSkin/Font/Roboto-Thin.ttf - Importer: PreviewImporter -> (ImportResultId: '13237fdc0caad830684c10a061108b89') in 0.0390344 seconds
[Worker0] Imported GUID: 3739e562a03fc0b4982d8aa66cc50865 - Path: Packages/com.unity.render-pipelines.universal/Runtime/Materials/ArnoldStandardSurface/ArnoldStandardSurface.shadergraph - Importer: PreviewImporter -> (ImportResultId: '48b44af97160ef632f9ac0dfbae1d99e') in 5.6379705 seconds
[Worker1] Imported GUID: 44245ab89240f51459a5077d7145c452 - Path: Packages/com.unity.render-pipelines.universal/Runtime/Materials/PhysicalMaterial3DsMax/PhysicalMaterial3DsMax.shadergraph - Importer: PreviewImporter -> (ImportResultId: '553b3e143e29808c16218e95dbc9f603') in 5.2039405 seconds
[Worker2] Imported GUID: 0e9d5a909a1f7e84882a534d0d11e49f - Path: Packages/com.unity.render-pipelines.universal/Shaders/AutodeskInteractive/AutodeskInteractive.shadergraph - Importer: PreviewImporter -> (ImportResultId: '19bb0792d6bcfae4df4e03470935d30b') in 3.2015611 seconds
[Worker3] Imported GUID: a680d9a9f8b66514abbfd3ae1c8f77f7 - Path: Packages/com.unity.shadergraph/GraphTemplates/Cross Pipeline/2_Particle Lit.shadergraph - Importer: PreviewImporter -> (ImportResultId: '489a77e63f0146e49a03dc204b2e8bd4') in 2.8904679 seconds
[Worker4] Imported GUID: b51c4b77c9c7d8748889bcee607a0a9b - Path: Assets/Scenes - Importer: PreviewImporter -> (ImportResultId: '86c12486ca230664b8a56882ee9bcd34') in 0.0086886 seconds
[Worker4] Imported GUID: ae9c180b854937c4a98e863bd49207c1 - Path: Assets/Scenes/Pertemuan03_CameraAudio.unity - Importer: PreviewImporter -> (ImportResultId: 'afc8b56ffff34d22ef8fc951ed089c75') in 0.0082134 seconds
Opening scene 'Assets/Scenes/Pertemuan03_CameraAudio.unity'
Unloading 56 Unused Serialized files (Serialized files now loaded: 0)
Loaded scene 'Assets/Scenes/Pertemuan03_CameraAudio.unity'
	Deserialize:            1.567 ms
	Integration:            182.303 ms
	Integration of assets:  0.001 ms
	Thread Wait Time:       0.014 ms
	Total Operation Time:   183.885 ms
Unloading 266 unused Assets / (10.1 MB). Loaded Objects now: 8906.
Memory consumption went from 0.71 GB to 0.71 GB.
Total: 16.652700 ms (FindLiveObjects: 0.470900 ms CreateObjectMapping: 0.298500 ms MarkObjects: 12.601500 ms  DeleteObjects: 3.280400 ms)

Opening scene 'Assets/Scenes/Pertemuan02_Diorama.unity'
Unloading 1 Unused Serialized files (Serialized files now loaded: 0)
Loaded scene 'Assets/Scenes/Pertemuan02_Diorama.unity'
	Deserialize:            1.621 ms
	Integration:            148.440 ms
	Integration of assets:  0.002 ms
	Thread Wait Time:       0.016 ms
	Total Operation Time:   150.078 ms
Unloading 6 unused Assets / (49.3 KB). Loaded Objects now: 8898.
Memory consumption went from 0.65 GB to 0.65 GB.
Total: 12.539300 ms (FindLiveObjects: 0.482000 ms CreateObjectMapping: 0.267100 ms MarkObjects: 11.727400 ms  DeleteObjects: 0.061500 ms)

Opening scene 'Assets/Scenes/Pertemuan03_CameraAudio.unity'
Unloading 1 Unused Serialized files (Serialized files now loaded: 0)
Loaded scene 'Assets/Scenes/Pertemuan03_CameraAudio.unity'
	Deserialize:            1.427 ms
	Integration:            152.275 ms
	Integration of assets:  0.002 ms
	Thread Wait Time:       0.013 ms
	Total Operation Time:   153.718 ms
Unloading 2 unused Assets / (37.9 KB). Loaded Objects now: 8902.
Memory consumption went from 0.65 GB to 0.65 GB.
Total: 12.449000 ms (FindLiveObjects: 0.508700 ms CreateObjectMapping: 0.291000 ms MarkObjects: 11.604700 ms  DeleteObjects: 0.043200 ms)

MonoPathRemapper: Attempts to remap: 59624; Successful remaps: 18914
Serialized file version minimum: 22, current 23
[LAYOUT] About to save layout D:\3E\AR\AR_AWA AIMASUGIRA_2924021\AR_AWA AIMASUGIRA_2924021\UserSettings\Layouts\default-6000.dwlt
[LAYOUT] About to save layout C:/Users/USER/AppData/Roaming/Unity/Editor-5.x/Preferences\Layouts\current\default-6000.dwlt
Killing ADB server in 0.0522162 seconds.
Input System module state changed to: ShutdownInProgress.
Input Polling Thread exited.
Input System module state changed to: Shutdown.
[Physics::Module] Cleanup current backend.
[Physics::Module] Id: 0xf2b8ea05
[Licensing::IpcConnector] LicenseClient-USER-6000.5.10-notifications channel disconnected successfully.
[Licensing::IpcConnector] LicenseClient-USER-6000.5.10 channel disconnected successfully.
Shut down.
Lingering sessions upon destruction of worker manager
AcceleratorClientConnectionCallback - disconnected - :0
Cleanup mono
CodeReloadManager destroyed
debugger-agent: Unable to listen on 5052
Checking for leaked weakptr:
  Found no leaked weakptrs.
[Package Manager] Server process was shutdown
##utp:{"type":"MemoryLeaks","version":2,"phase":"Immediate","time":1790656590679,"processId":9508,"allocatedMemory":51881462,"memoryLabels":[{"Default":233961},{"Permanent":15516},{"NewDelete":68253},{"Thread":4208248},{"Manager":823464},{"VertexData":8},{"Geometry":816},{"Texture":24},{"Shader":869084},{"Material":24},{"GfxDevice":148424},{"GfxThread":9216},{"Animation":952},{"Audio":1544},{"FreeType":8},{"FontEngine":736},{"Physics":2146},{"Physics2D":16},{"Serialization":151312},{"Input":45280},{"JobScheduler":256},{"TextLib":31753},{"Mono":48},{"MonoCode":64},{"ScriptingNativeRuntime":1602876},{"BaseObject":1622024},{"Resource":1208},{"Renderer":3080},{"Transform":4685},{"File":24816},{"WebCam":616},{"Culling":32},{"Terrain":11442},{"Wind":24},{"STL":40},{"String":9987},{"StaticString":3808},{"Utility":2674514},{"Curl":1436},{"PoolAlloc":2360},{"AI":80},{"TypeTree":18701},{"CodeReload":448},{"RuntimeInitializeOnLoadManager":64},{"Sprites":102},{"SpriteAtlas":120},{"GI":7816},{"Director":8296},{"CloudService":7208},{"WebRequest":7373},{"VR":47114},{"SceneManager":608},{"Video":208},{"LazyScriptCache":32},{"NativeArray":33047340},{"Camera":17},{"Secure":265},{"SerializationCache":1576},{"APIUpdating":10320},{"Subsystems":336},{"VirtualTexturing":57888},{"StaticSafetyDebugInfo":278528},{"Analytics":552},{"Hierarchy":1176},{"UIElements":923824},{"CoreStats":13688},{"Identifiers":6768},{"Gui":375},{"EditorUtility":209629},{"VersionControl":8},{"Undo":931},{"AssetDatabase":4603484},{"AssetImporter":40},{"EditorGi":328},{"UnityConnect":35438},{"Upm":1988},{"UpmDiagnostics":8},{"AssetCompliance":64},{"DrivenProperties":72},{"LocalIPC":210},{"ProfilerEditor":9746},{"CoreBusinessMetrics":3480},{"Windowing":456},{"Licensing":696},{"AssetReference":32},{"IPCStream":32}]}
